********************************************************************************
                        Threshold Voltage Group Report                         

Vth Group                All                Blackbox           Non-blackbox
Name                    cells                cells                cells
********************************************************************************
lvt                    28   (2.82%)          7 (100.00%)         21   (2.13%)  L
rvt                   964  (97.18%)          0   (0.00%)        964  (97.87%)   
********************************************************************************
Total                 992 (100.00%)          7 (100.00%)        985 (100.00%)   
Low vth groups         28   (2.82%)          7 (100.00%)         21   (2.13%)   

Vth Group                All                Blackbox           Non-blackbox
Name                  cell area            cell area            cell area
********************************************************************************
lvt                408.48   (7.38%)      57.12 (100.00%)     351.36   (6.42%)  L
rvt               5123.04  (92.62%)       0.00   (0.00%)    5123.04  (93.58%)   
********************************************************************************
Total             5531.52 (100.00%)      57.12 (100.00%)    5474.40 (100.00%)   
Low vth groups     408.48   (7.38%)      57.12 (100.00%)     351.36   (6.42%)   

Note: L denotes cells of low vth groups

********************************************************************************
                        Threshold Voltage Group Detail Report                  
********************************************************************************
Threshold Voltage Group: "lvt"
********************************************************************************
         clk_gate_dout_r_reg_15_/latch(LVT_CLKLANQVHSV2)
         clk_gate_p8_reg/latch(LVT_CLKLANQVHSV2)
         clk_gate_w_reg_93_/latch(LVT_CLKLANQVHSV2)
         clk_gate_w_reg_41_/latch(LVT_CLKLANQVHSV2)
         clk_gate_weight_addr_reg_10_/latch(LVT_CLKLANQVHSV2)
         clk_gate_cnt_w_reg_8_/latch(LVT_CLKLANQVHSV2)
         clk_gate_cnt_fc_reg_8_/latch(LVT_CLKLANQVHSV2)
         U655(LVT_INVHSV64)
         U653(LVT_INVHSV64)
         U652(LVT_INVHSV64)
         U651(LVT_INVHSV64)
         U649(LVT_INVHSV64)
         U648(LVT_INVHSV64)
         U647(LVT_INVHSV64)
         U646(LVT_INVHSV64)
         U645(LVT_INVHSV64)
         U644(LVT_INVHSV64)
         U643(LVT_INVHSV64)
         U642(LVT_INVHSV64)
         U633(LVT_INVHSV64)
         U632(LVT_INVHSV64)
         U631(LVT_INVHSV64)
         U630(LVT_INVHSV64)
         U617(LVT_INVHSV64)
         U699(LVT_BUFVHSV0RT)
         U698(LVT_BUFVHSV0RT)
         U697(LVT_BUFVHSV0RT)
         U673(LVT_NOR4VHSV0P5)
********************************************************************************
Threshold Voltage Group: "rvt"
********************************************************************************
         U675(INVHSV1)
         U674(INVHSV1)
         U672(INVHSV1)
         U671(INVHSV1)
         U670(INVHSV1)
         U669(INVHSV1)
         U668(INVHSV1)
         U667(INVHSV1)
         U666(INVHSV1)
         U665(INVHSV1)
         U664(INVHSV1)
         U663(INVHSV1)
         U662(INVHSV1)
         U661(INVHSV1)
         U660(INVHSV1)
         U659(INVHSV1)
         U658(INVHSV2P5)
         U656(INVHSV1)
         U629(INVHSV1)
         U628(INVHSV1)
         U627(INVHSV1)
         U626(INVHSV1)
         U625(INVHSV1)
         U624(INVHSV1)
         U623(INVHSV1)
         U622(INVHSV1)
         U621(INVHSV1)
         U620(INVHSV1)
         U619(INVHSV1)
         intadd_0_U2(AD1VHSV1C)
         intadd_0_U7(AD1VHSV1C)
         intadd_0_U3(AD1VHSV1C)
         intadd_0_U6(AD1VHSV1C)
         U1312(OA211VHSV1)
         U1311(OA211VHSV1)
         U1310(OA211VHSV1)
         U1309(OA211VHSV1)
         U1308(OA211VHSV1)
         U1307(AO31VHSV1)
         U1306(NOR3VHSV1)
         U1305(AO31VHSV1)
         U1304(NOR3VHSV1)
         U1303(AO31VHSV1)
         U1302(NOR3VHSV1)
         U1301(AO31VHSV1)
         U1300(NOR3VHSV1)
         U1299(AO31VHSV1)
         U1298(NOR3VHSV1)
         U1297(AO31VHSV1)
         U1296(NOR3VHSV1)
         U1295(INVHSV1)
         U1294(NAND2BVHSV1)
         U1293(NAND2BVHSV1)
         U1292(NAND2VHSV1)
         U1291(NOR3VHSV1)
         U1290(NOR3VHSV1)
         U1289(NOR3VHSV1)
         U1288(NOR3VHSV1)
         U1287(NOR3VHSV1)
         U1286(NOR3VHSV1)
         U1285(NOR3VHSV1)
         U1284(NOR3VHSV1)
         U1283(NOR3VHSV1)
         U1282(NOR3VHSV1)
         U1281(NOR3VHSV1)
         U1280(NOR3VHSV1)
         U1279(NOR3VHSV1)
         U1278(NOR3VHSV1)
         U1277(NOR3VHSV1)
         U1276(NOR3VHSV1)
         U1275(NOR3VHSV1)
         U1274(NOR3VHSV1)
         U1272(OAI32VHSV1)
         U1271(OAI32VHSV1)
         U1270(OAI211VHSV1)
         U1269(NAND2VHSV1)
         U1268(AOI22VHSV1)
         U1267(NAND4VHSV1)
         U1266(AOI22VHSV1)
         U1265(AOI22VHSV1)
         U1264(AOI22VHSV1)
         U1263(AOI22VHSV1)
         U1262(NOR4VHSV1)
         U1261(OR4VHSV1RD)
         U1260(OAI22VHSV1)
         U1259(OAI22VHSV1)
         U1258(OAI22VHSV1)
         U1257(OAI22VHSV1)
         U1256(OAI22VHSV1)
         U1255(OAI22VHSV1)
         U1254(NOR2VHSV1)
         U1253(INVHSV1)
         U1252(OAI32VHSV1)
         U1251(OAI32VHSV1)
         U1250(OAI211VHSV1)
         U1249(NAND2VHSV1)
         U1248(AOI22VHSV1)
         U1247(NAND4VHSV1)
         U1246(AOI22VHSV1)
         U1245(AOI22VHSV1)
         U1244(AOI22VHSV1)
         U1243(AOI22VHSV1)
         U1242(NOR4VHSV1)
         U1241(OR4VHSV1RD)
         U1240(OAI22VHSV1)
         U1239(OAI22VHSV1)
         U1238(OAI22VHSV1)
         U1237(OAI22VHSV1)
         U1236(OAI22VHSV1)
         U1235(OAI22VHSV1)
         U1234(NOR2VHSV1)
         U1233(INVHSV1)
         U1232(OAI32VHSV1)
         U1231(OAI32VHSV1)
         U1230(OAI211VHSV1)
         U1229(NAND2VHSV1)
         U1228(AOI22VHSV1)
         U1227(NAND4VHSV1)
         U1226(AOI22VHSV1)
         U1225(AOI22VHSV1)
         U1224(AOI22VHSV1)
         U1223(AOI22VHSV1)
         U1222(NOR4VHSV1)
         U1221(OR4VHSV1RD)
         U1220(OAI22VHSV1)
         U1219(OAI22VHSV1)
         U1218(OAI22VHSV1)
         U1217(OAI22VHSV1)
         U1216(OAI22VHSV1)
         U1215(OAI22VHSV1)
         U1214(NOR2VHSV1)
         U1213(INVHSV1)
         U1212(OAI32VHSV1)
         U1211(OAI32VHSV1)
         U1210(OAI211VHSV1)
         U1209(NAND2VHSV1)
         U1208(AOI22VHSV1)
         U1207(NAND4VHSV1)
         U1206(AOI22VHSV1)
         U1205(AOI22VHSV1)
         U1204(AOI22VHSV1)
         U1203(AOI22VHSV1)
         U1202(NOR4VHSV1)
         U1201(OR4VHSV1RD)
         U1200(OAI22VHSV1)
         U1199(OAI22VHSV1)
         U1198(OAI22VHSV1)
         U1197(OAI22VHSV1)
         U1196(OAI22VHSV1)
         U1195(OAI22VHSV1)
         U1194(NOR2VHSV1)
         U1193(INVHSV1)
         U1192(OAI32VHSV1)
         U1191(OAI32VHSV1)
         U1190(OAI211VHSV1)
         U1189(NAND2VHSV1)
         U1188(AOI22VHSV1)
         U1187(NAND4VHSV1)
         U1186(AOI22VHSV1)
         U1185(AOI22VHSV1)
         U1184(AOI22VHSV1)
         U1183(AOI22VHSV1)
         U1182(NOR4VHSV1)
         U1181(OR4VHSV1RD)
         U1180(OAI22VHSV1)
         U1179(OAI22VHSV1)
         U1178(OAI22VHSV1)
         U1177(OAI22VHSV1)
         U1176(OAI22VHSV1)
         U1175(OAI22VHSV1)
         U1174(NOR2VHSV1)
         U1173(INVHSV1)
         U1172(OAI32VHSV1)
         U1171(OAI32VHSV1)
         U1170(OAI211VHSV1)
         U1169(NAND2VHSV1)
         U1168(AOI22VHSV1)
         U1167(NAND4VHSV1)
         U1166(AOI22VHSV1)
         U1165(AOI22VHSV1)
         U1164(AOI22VHSV1)
         U1163(AOI22VHSV1)
         U1162(NOR4VHSV1)
         U1161(OR4VHSV1RD)
         U1160(OAI22VHSV1)
         U1159(OAI22VHSV1)
         U1158(OAI22VHSV1)
         U1157(OAI22VHSV1)
         U1156(OAI22VHSV1)
         U1155(OAI22VHSV1)
         U1154(NOR2VHSV1)
         U1153(INVHSV1)
         U1152(OAI32VHSV1)
         U1151(OAI32VHSV1)
         U1150(OAI211VHSV1)
         U1149(NAND2VHSV1)
         U1148(AOI22VHSV1)
         U1147(NAND4VHSV1)
         U1146(AOI22VHSV1)
         U1145(AOI22VHSV1)
         U1144(AOI22VHSV1)
         U1143(AOI22VHSV1)
         U1142(NOR4VHSV1)
         U1141(OR4VHSV1RD)
         U1140(OAI22VHSV1)
         U1139(OAI22VHSV1)
         U1138(OAI22VHSV1)
         U1137(OAI22VHSV1)
         U1136(OAI22VHSV1)
         U1135(OAI22VHSV1)
         U1134(NOR2VHSV1)
         U1133(INVHSV1)
         U1132(OAI32VHSV1)
         U1131(OAI32VHSV1)
         U1130(OAI211VHSV1)
         U1129(NAND2VHSV1)
         U1128(AOI22VHSV1)
         U1127(NAND4VHSV1)
         U1126(AOI22VHSV1)
         U1125(AOI22VHSV1)
         U1124(AOI22VHSV1)
         U1123(AOI22VHSV1)
         U1122(NOR4VHSV1)
         U1121(OR4VHSV1RD)
         U1120(OAI22VHSV1)
         U1119(OAI22VHSV1)
         U1118(OAI22VHSV1)
         U1117(OAI22VHSV1)
         U1116(OAI22VHSV1)
         U1115(OAI22VHSV1)
         U1114(NOR2VHSV1)
         U1113(INVHSV1)
         U1112(OAI32VHSV1)
         U1111(OAI32VHSV1)
         U1110(OAI211VHSV1)
         U1109(NAND2VHSV1)
         U1108(AOI22VHSV1)
         U1107(NAND4VHSV1)
         U1106(AOI22VHSV1)
         U1105(AOI22VHSV1)
         U1104(AOI22VHSV1)
         U1103(AOI22VHSV1)
         U1102(NOR4VHSV1)
         U1101(OR4VHSV1RD)
         U1100(OAI22VHSV1)
         U1099(OAI22VHSV1)
         U1098(OAI22VHSV1)
         U1097(OAI22VHSV1)
         U1096(OAI22VHSV1)
         U1095(OAI22VHSV1)
         U1094(NOR2VHSV1)
         U1093(INVHSV1)
         U1092(OAI32VHSV1)
         U1091(OAI32VHSV1)
         U1090(OAI211VHSV1)
         U1089(NAND2VHSV1)
         U1088(AOI22VHSV1)
         U1087(NAND4VHSV1)
         U1086(AOI22VHSV1)
         U1085(AOI22VHSV1)
         U1084(AOI22VHSV1)
         U1083(AOI22VHSV1)
         U1082(NOR4VHSV1)
         U1081(OR4VHSV1RD)
         U1080(OAI22VHSV1)
         U1079(OAI22VHSV1)
         U1078(OAI22VHSV1)
         U1077(OAI22VHSV1)
         U1076(OAI22VHSV1)
         U1075(OAI22VHSV1)
         U1074(NOR2VHSV1)
         U1073(INVHSV1)
         U1072(OAI32VHSV1)
         U1071(OAI32VHSV1)
         U1070(OAI211VHSV1)
         U1069(NAND2VHSV1)
         U1068(AOI22VHSV1)
         U1067(NAND4VHSV1)
         U1066(AOI22VHSV1)
         U1065(AOI22VHSV1)
         U1064(AOI22VHSV1)
         U1063(AOI22VHSV1)
         U1062(NOR4VHSV1)
         U1061(OR4VHSV1RD)
         U1060(OAI22VHSV1)
         U1059(OAI22VHSV1)
         U1058(OAI22VHSV1)
         U1057(OAI22VHSV1)
         U1056(OAI22VHSV1)
         U1055(OAI22VHSV1)
         U1054(NOR2VHSV1)
         U1053(INVHSV1)
         U1052(OAI32VHSV1)
         U1051(OAI32VHSV1)
         U1050(OAI211VHSV1)
         U1049(NAND2VHSV1)
         U1048(INVHSV1)
         U1047(AOI22VHSV1)
         U1046(INVHSV1)
         U1045(INVHSV1)
         U1044(NAND4VHSV1)
         U1043(AOI22VHSV1)
         U1042(INVHSV1)
         U1041(INVHSV1)
         U1040(AOI22VHSV1)
         U1039(INVHSV1)
         U1038(INVHSV1)
         U1037(AOI22VHSV1)
         U1036(INVHSV1)
         U1035(INVHSV1)
         U1034(AOI22VHSV1)
         U1033(INVHSV1)
         U1032(INVHSV1)
         U1031(NOR4VHSV1)
         U1030(OR4VHSV1RD)
         U1029(OAI22VHSV1)
         U1028(NAND4VHSV1)
         U1027(NAND2VHSV1)
         U1026(OAI22VHSV1)
         U1025(NAND2VHSV1)
         U1024(NAND3VHSV1)
         U1023(OAI22VHSV1)
         U1022(NAND3VHSV1)
         U1021(NAND3VHSV1)
         U1020(NOR2VHSV1)
         U1019(OAI22VHSV1)
         U1018(NAND3VHSV1)
         U1017(NAND2VHSV1)
         U1016(NOR2VHSV1)
         U1015(OAI22VHSV1)
         U1014(NAND3VHSV1)
         U1013(NOR2VHSV1)
         U1012(NAND2VHSV1)
         U1011(NOR3VHSV1)
         U1010(OAI22VHSV1)
         U1009(AO1B2VHSV1)
         U1008(NOR2VHSV1)
         U1007(INVHSV1)
         U1006(INVHSV1)
         U1005(INVHSV1)
         U1004(NOR2VHSV1)
         U1003(NOR2BVHSV1)
         U1002(NOR2BVHSV1)
         U1001(AOI21VHSV1)
         U1000(OAI21VHSV1)
         U999(MUX2NVHSV1)
         U998(NOR2VHSV1)
         U997(NOR2BVHSV1)
         U996(NOR2BVHSV1)
         U995(AOI21VHSV1)
         U994(OAI21VHSV1)
         U993(MUX2NVHSV1)
         U992(NOR2VHSV1)
         U991(NOR2BVHSV1)
         U990(NOR2BVHSV1)
         U989(AOI21VHSV1)
         U988(OAI21VHSV1)
         U987(MUX2NVHSV1)
         U986(NOR2BVHSV1)
         U985(AOI21VHSV1)
         U984(OAI21VHSV1)
         U983(MUX2NVHSV1)
         U982(AOI21VHSV1)
         U981(OAI21VHSV1)
         U980(MUX2NVHSV1)
         U979(NOR2BVHSV1)
         U978(AOI21VHSV1)
         U977(OA21VHSV1)
         U976(AOI21VHSV1)
         U975(XOR2VHSV1)
         U974(NOR2VHSV1)
         U973(NAND2VHSV1)
         U972(NOR2VHSV1)
         U971(INVHSV1)
         U970(INVHSV1)
         U969(XOR2VHSV1)
         U968(NAND2VHSV1)
         U967(AOI21VHSV1)
         U966(NOR2VHSV1)
         U965(OA21VHSV1)
         U964(NAND2VHSV1)
         U963(AOI21VHSV1)
         U962(NOR2VHSV1)
         U961(INVHSV1)
         U960(OA21VHSV1)
         U959(NAND2VHSV1)
         U958(AOI21VHSV1)
         U957(NOR2VHSV1)
         U956(INVHSV1)
         U955(OA21VHSV1)
         U954(NAND3VHSV1)
         U953(AOI21VHSV1)
         U952(NOR2VHSV1)
         U951(INVHSV1)
         U950(INVHSV1)
         U949(AOI211VHSV1)
         U948(OAOI211VHSV1)
         U947(NOR3BVHSV1)
         U946(NAND2BVHSV1)
         U945(NOR4VHSV1)
         U944(NOR2VHSV1)
         U943(NAND2VHSV1)
         U942(INVHSV1)
         U941(AOA211VHSV1)
         U940(NAND3VHSV1)
         U939(NOR2VHSV1)
         U938(NAND2VHSV1)
         U937(INVHSV1)
         U936(OAI21VHSV1)
         U935(AOI211VHSV1)
         U934(OA21VHSV1)
         U933(AOI21VHSV1)
         U932(AOI21VHSV1)
         U931(AOI21VHSV1)
         U930(AOI211VHSV1)
         U929(OA21VHSV1)
         U928(XOR2VHSV1)
         U927(NOR2VHSV1)
         U926(NAND2VHSV1)
         U925(NOR2VHSV1)
         U924(INVHSV1)
         U923(NOR2VHSV1)
         U922(NAND2VHSV1)
         U921(INVHSV1)
         U920(OR2VHSV1RD)
         U919(NOR2VHSV1)
         U918(NOR2VHSV1)
         U917(NAND3BVHSV1)
         U916(NOR4VHSV1)
         U915(INVHSV1)
         U914(INVHSV1)
         U913(NOR2VHSV1)
         U912(NOR2VHSV1)
         U911(NOR2VHSV1)
         U910(NOR2VHSV1)
         U909(NAND2VHSV1)
         U908(NOR2VHSV1)
         U907(NOR2VHSV1)
         U906(NOR2VHSV1)
         U905(NOR2VHSV1)
         U904(NAND2VHSV1)
         U903(NOR2VHSV1)
         U902(NOR2VHSV1)
         U901(NOR2VHSV1)
         U900(NOR2VHSV1)
         U899(NAND2VHSV1)
         U898(NOR2VHSV1)
         U897(NOR2VHSV1)
         U896(NOR2VHSV1)
         U895(NOR2VHSV1)
         U894(NAND2VHSV1)
         U893(NOR2VHSV1)
         U892(NOR2VHSV1)
         U891(NOR2VHSV1)
         U890(NOR2VHSV1)
         U889(NOR2VHSV1)
         U888(NAND2VHSV1)
         U887(NOR2VHSV1)
         U886(NOR2VHSV1)
         U885(NOR2VHSV1)
         U884(NOR2VHSV1)
         U883(NAND2VHSV1)
         U882(NOR2VHSV1)
         U881(NOR2VHSV1)
         U880(NOR2VHSV1)
         U879(NOR2VHSV1)
         U878(NAND2VHSV1)
         U877(NOR2VHSV1)
         U876(NOR2VHSV1)
         U875(NOR2VHSV1)
         U874(NOR2VHSV1)
         U873(NAND2VHSV1)
         U872(NOR2VHSV1)
         U871(NOR2VHSV1)
         U870(NOR2VHSV1)
         U869(OAI21VHSV1)
         U868(AOI211VHSV1)
         U867(INVHSV1)
         U866(NOR2VHSV1)
         U865(NAND4BVHSV1)
         U864(NOR2VHSV1)
         U863(NOR2VHSV1)
         U862(NOR2VHSV1)
         U861(NOR2VHSV1)
         U860(NOR2VHSV1)
         U859(NOR2VHSV1)
         U858(NOR2VHSV1)
         U857(NOR2VHSV1)
         U856(NOR2VHSV1)
         U855(NOR2VHSV1)
         U854(NAND3VHSV1)
         U853(NOR2VHSV1)
         U852(NOR2VHSV1)
         U851(NOR2VHSV1)
         U850(NOR2VHSV1)
         U849(NOR2VHSV1)
         U848(NOR2VHSV1)
         U847(NOR2VHSV1)
         U846(NOR2VHSV1)
         U845(NOR2VHSV1)
         U844(NOR2VHSV1)
         U843(NOR2VHSV1)
         U842(NOR2VHSV1)
         U841(NOR2VHSV1)
         U840(NOR2VHSV1)
         U839(NAND2VHSV1)
         U838(NOR2VHSV1)
         U837(NOR2VHSV1)
         U836(NOR2VHSV1)
         U835(NOR2VHSV1)
         U834(NOR2VHSV1)
         U833(NOR2VHSV1)
         U832(NOR2VHSV1)
         U831(NOR2VHSV1)
         U830(NOR2VHSV1)
         U829(NOR2VHSV1)
         U828(NOR2VHSV1)
         U827(NOR2VHSV1)
         U826(NOR2VHSV1)
         U825(NOR2VHSV1)
         U824(NOR2VHSV1)
         U823(NAND2VHSV1)
         U822(NOR2VHSV1)
         U821(NOR2VHSV1)
         U820(NOR2VHSV1)
         U819(NOR2VHSV1)
         U818(NAND3VHSV1)
         U817(NOR2VHSV1)
         U816(NOR3BVHSV1)
         U815(NAND2VHSV1)
         U814(NOR2VHSV1)
         U813(NOR2VHSV1)
         U812(NOR2VHSV1)
         U811(NOR2VHSV1)
         U810(NOR2VHSV1)
         U809(NOR2VHSV1)
         U808(NOR2VHSV1)
         U807(NAND3VHSV1)
         U806(NOR2VHSV1)
         U805(NOR2VHSV1)
         U804(NOR2VHSV1)
         U803(NOR2VHSV1)
         U802(NOR2VHSV1)
         U801(NOR2VHSV1)
         U800(NOR2VHSV1)
         U799(NAND2VHSV1)
         U798(NOR2VHSV1)
         U797(NOR2VHSV1)
         U796(NAND2VHSV1)
         U795(NOR2VHSV1)
         U794(NOR2VHSV1)
         U793(NAND2VHSV1)
         U792(NOR2VHSV1)
         U791(NAND3VHSV1)
         U790(NOR2VHSV1)
         U789(NOR2VHSV1)
         U788(NAND2VHSV1)
         U787(NOR2VHSV1)
         U786(NOR2VHSV1)
         U785(NAND2VHSV1)
         U784(NOR2VHSV1)
         U783(NAND3VHSV1)
         U782(NOR2VHSV1)
         U781(NAND3VHSV1)
         U780(INVHSV1)
         U779(NOR2VHSV1)
         U778(NAND2VHSV1)
         U777(NOR2VHSV1)
         U776(NOR2VHSV1)
         U775(NOR2VHSV1)
         U774(NAND2VHSV1)
         U773(NOR2VHSV1)
         U772(NOR2VHSV1)
         U771(NAND3VHSV1)
         U770(NOR2VHSV1)
         U769(NAND2VHSV1)
         U768(NOR2VHSV1)
         U767(NAND2VHSV1)
         U766(NOR2VHSV1)
         U765(NAND2VHSV1)
         U764(NOR2VHSV1)
         U763(NOR2VHSV1)
         U762(NAND2VHSV1)
         U761(NAND2VHSV1)
         U760(NOR2VHSV1)
         U759(INVHSV1)
         U758(NAND2VHSV1)
         U757(NOR2VHSV1)
         U756(NAND2BVHSV1)
         U755(INVHSV1)
         U754(NAND2VHSV1)
         U753(NOR2VHSV1)
         U752(NAND2VHSV1)
         U751(NOR2VHSV1)
         U750(NOR2VHSV1)
         U749(NAND3VHSV1)
         U748(INVHSV1)
         U747(NAND2VHSV1)
         U746(NOR2VHSV1)
         U745(NOR2VHSV1)
         U744(NOR2VHSV1)
         U743(NAND2VHSV1)
         U742(NAND3VHSV1)
         U741(INVHSV1)
         U740(NAND2VHSV1)
         U739(NOR2VHSV1)
         U738(NAND2VHSV1)
         U737(NAND2VHSV1)
         U736(NOR2VHSV1)
         U735(NAND3VHSV1)
         U734(NAND2VHSV1)
         U733(INVHSV1)
         U732(NOR2VHSV1)
         U731(NAND3VHSV1)
         U730(INVHSV1)
         U729(NAND2VHSV1)
         U728(INVHSV1)
         U727(NAND2VHSV1)
         U726(INVHSV1)
         U725(NAND2VHSV1)
         U724(INVHSV1)
         U723(NAND2VHSV1)
         U722(INVHSV1)
         U721(NAND2VHSV1)
         U720(INVHSV1)
         U719(NAND2VHSV1)
         U718(INVHSV1)
         U717(NAND2VHSV1)
         U716(AND2VHSV1)
         U715(AND2VHSV1)
         U714(AND2VHSV1)
         U713(AND2VHSV1)
         U712(AND2VHSV1)
         U711(NOR2VHSV1)
         U710(NAND3VHSV1)
         U709(INVHSV1)
         U708(INVHSV1)
         U707(NOR3VHSV1)
         U706(INVHSV1)
         U705(NOR2VHSV1)
         U704(INVHSV1)
         U703(NAND2VHSV1)
         U702(NOR2VHSV1)
         U701(INVHSV1)
         U700(NAND2VHSV1)
         U696(INVHSV1)
         U695(AND2VHSV1)
         U694(AND2VHSV1)
         U693(AND2VHSV1)
         U692(AND2VHSV1)
         U691(AND2VHSV1)
         U690(AND2VHSV1)
         U689(AND2VHSV1)
         U688(AND2VHSV1)
         U687(AND2VHSV1)
         U686(AND2VHSV1)
         U685(INVHSV1)
         U683(AND2VHSV1)
         U657(INVHSV1)
         U654(INVHSV1)
         U650(OA1B2VHSV1)
         U641(XOR2VHSV1)
         U640(MUX2NVHSV1)
         U639(MAJ23VHSV1)
         U638(MAJ23VHSV1)
         U637(MAJ23VHSV1)
         U636(MAJ23VHSV1)
         U635(MAJ23VHSV1)
         U634(AND2VHSV1)
         intadd_0_U4(AD1VHSV2C)
         intadd_0_U5(AD1VHSV1C)
         intadd_0_U8(AD1VHSV1C)
         intadd_0_U9(AD1VHSV2C)
         intadd_0_U10(AD1VHSV2C)
         intadd_0_U11(AD1VHSV2C)
         intadd_0_U12(AD1VHSV2C)
         intadd_0_U13(AD1VHSV2C)
         intadd_0_U14(AD1VHSV2C)
         ivalid_ff_0_reg(DSNQNVHSV1)
         intadd_1_U6(AD1VHSV1C)
         intadd_1_U5(AD1VHSV1C)
         intadd_1_U4(AD1VHSV1C)
         intadd_1_U3(AD1VHSV1C)
         intadd_1_U2(AD1VHSV1C)
         intadd_2_U5(AD1VHSV1C)
         intadd_2_U4(AD1VHSV1C)
         intadd_2_U3(AD1VHSV1C)
         intadd_2_U2(AD1VHSV1C)
         intadd_3_U3(AD1VHSV1C)
         intadd_3_U2(AD1VHSV1C)
         intadd_5_U3(AD1VHSV1C)
         intadd_5_U2(AD1VHSV1C)
         intadd_4_U3(AD1VHSV1C)
         intadd_4_U2(AD1VHSV1C)
         osign_reg(EDRNQVHSV1)
         dout_r_reg_14_(DRNQVHSV1)
         dout_r_reg_12_(DRNQVHSV1)
         dout_r_reg_9_(DRNQVHSV1)
         dout_r_reg_7_(DRNQVHSV1)
         dout_r_reg_6_(DRNQVHSV1)
         dout_r_reg_4_(DRNQVHSV1)
         dout_r_reg_3_(DRNQVHSV1)
         dout_r_reg_2_(DRNQVHSV1)
         dout_r_reg_1_(DRNQVHSV1)
         sum_reg_1_(DVHSV1)
         sum_reg_2_(DVHSV1)
         sum_reg_3_(DVHSV1)
         sum_reg_4_(DVHSV1)
         sum_reg_5_(DVHSV1)
         sum_reg_6_(DVHSV1)
         sum_reg_7_(DVHSV1)
         sum21_reg_1_(DVHSV1)
         sum21_reg_2_(DVHSV1)
         sum21_reg_3_(DVHSV1)
         sum21_reg_4_(DVHSV1)
         sum21_reg_5_(DVHSV1)
         sum21_reg_7_(DVHSV1)
         sum20_reg_1_(DVHSV1)
         sum20_reg_2_(DVHSV1)
         sum20_reg_3_(DVHSV1)
         sum20_reg_4_(DVHSV1)
         sum20_reg_5_(DVHSV1)
         sum20_reg_6_(DVHSV1)
         sum20_reg_7_(DVHSV1)
         sum10_reg_1_(DVHSV1)
         sum10_reg_2_(DVHSV1)
         sum10_reg_3_(DVHSV1)
         sum10_reg_4_(DVHSV1)
         sum10_reg_5_(DVHSV1)
         sum10_reg_6_(DVHSV1)
         sum12_reg_2_(DVHSV1)
         sum12_reg_3_(DVHSV1)
         sum12_reg_4_(DVHSV1)
         sum12_reg_5_(DVHSV1)
         sum12_reg_6_(DVHSV1)
         sum11_reg_1_(DVHSV1)
         sum11_reg_2_(DVHSV1)
         sum11_reg_3_(DVHSV1)
         sum11_reg_4_(DVHSV1)
         sum11_reg_5_(DVHSV1)
         sum11_reg_6_(DVHSV1)
         sum00_reg_1_(DVHSV1)
         sum00_reg_2_(DVHSV1)
         sum00_reg_3_(DVHSV1)
         sum05_reg_1_(DVHSV1)
         sum05_reg_2_(DVHSV1)
         sum05_reg_3_(DVHSV1)
         sum05_reg_4_(DVHSV1)
         sum02_reg_1_(DVHSV1)
         sum02_reg_2_(DVHSV1)
         sum02_reg_3_(DVHSV1)
         sum02_reg_4_(DVHSV1)
         sum01_reg_1_(DVHSV1)
         sum01_reg_2_(DVHSV1)
         sum01_reg_3_(DVHSV1)
         sum01_reg_4_(DVHSV1)
         sum04_reg_1_(DVHSV1)
         sum04_reg_2_(DVHSV1)
         sum04_reg_4_(DVHSV1)
         sum03_reg_1_(DVHSV1)
         sum03_reg_2_(DVHSV1)
         sum03_reg_3_(DVHSV1)
         sum03_reg_4_(DVHSV1)
         p9_reg(DVHSV1)
         p10_reg(DVHSV1)
         p11_reg(DVHSV1)
         p0_reg(DVHSV1)
         p1_reg(DVHSV1)
         p2_reg(DVHSV1)
         p3_reg(DVHSV1)
         p4_reg(DVHSV1)
         p5_reg(DVHSV1)
         p7_reg(DVHSV1)
         p8_reg(DVHSV1)
         csign_reg(DQNVHSV1)
         w_reg_143_(EDQVHSV1)
         w_reg_142_(EDQVHSV1)
         w_reg_141_(EDQVHSV1)
         w_reg_140_(EDQVHSV1)
         w_reg_139_(EDQVHSV1)
         w_reg_138_(EDQVHSV1)
         w_reg_137_(EDQVHSV1)
         w_reg_136_(EDQVHSV1)
         w_reg_135_(EDQVHSV1)
         w_reg_134_(EDQVHSV1)
         w_reg_133_(EDQVHSV1)
         w_reg_131_(EDQVHSV1)
         w_reg_130_(EDQVHSV1)
         w_reg_129_(EDQVHSV1)
         w_reg_128_(EDQVHSV1)
         w_reg_127_(EDQVHSV1)
         w_reg_126_(EDQVHSV1)
         w_reg_125_(EDQVHSV1)
         w_reg_124_(EDQVHSV1)
         w_reg_123_(EDQVHSV1)
         w_reg_122_(EDQVHSV1)
         w_reg_121_(EDQVHSV1)
         w_reg_120_(EDQVHSV1)
         w_reg_119_(EDQVHSV1)
         w_reg_118_(EDQVHSV1)
         w_reg_116_(EDQVHSV1)
         w_reg_115_(EDQVHSV1)
         w_reg_114_(EDQVHSV1)
         w_reg_113_(EDQVHSV1)
         w_reg_112_(EDQVHSV1)
         w_reg_111_(EDQVHSV1)
         w_reg_110_(EDQVHSV1)
         w_reg_109_(EDQVHSV1)
         w_reg_108_(EDQVHSV1)
         w_reg_107_(EDQVHSV1)
         w_reg_106_(EDQVHSV1)
         w_reg_105_(EDQVHSV1)
         w_reg_104_(EDQVHSV1)
         w_reg_103_(EDQVHSV1)
         w_reg_101_(EDQVHSV1)
         w_reg_100_(EDQVHSV1)
         w_reg_99_(EDQVHSV1)
         w_reg_98_(EDQVHSV1)
         w_reg_97_(EDQVHSV1)
         w_reg_96_(EDQVHSV1)
         w_reg_95_(EDQVHSV1)
         w_reg_94_(EDQVHSV1)
         w_reg_93_(EDQVHSV1)
         w_reg_92_(EDQVHSV1)
         w_reg_91_(EDQVHSV1)
         w_reg_90_(EDQVHSV1)
         w_reg_89_(EDQVHSV1)
         w_reg_88_(EDQVHSV1)
         w_reg_86_(EDQVHSV1)
         w_reg_85_(EDQVHSV1)
         w_reg_84_(EDQVHSV1)
         w_reg_83_(EDQVHSV1)
         w_reg_82_(EDQVHSV1)
         w_reg_81_(EDQVHSV1)
         w_reg_80_(EDQVHSV1)
         w_reg_79_(EDQVHSV1)
         w_reg_78_(EDQVHSV1)
         w_reg_77_(EDQVHSV1)
         w_reg_76_(EDQVHSV1)
         w_reg_75_(EDQVHSV1)
         w_reg_74_(EDQVHSV1)
         w_reg_73_(EDQVHSV1)
         w_reg_71_(EDQVHSV1)
         w_reg_70_(EDQVHSV1)
         w_reg_69_(EDQVHSV1)
         w_reg_68_(EDQVHSV1)
         w_reg_67_(EDQVHSV1)
         w_reg_66_(EDQVHSV1)
         w_reg_65_(EDQVHSV1)
         w_reg_64_(EDQVHSV1)
         w_reg_63_(EDQVHSV1)
         w_reg_62_(EDQVHSV1)
         w_reg_61_(EDQVHSV1)
         w_reg_60_(EDQVHSV1)
         w_reg_59_(EDQVHSV1)
         w_reg_58_(EDQVHSV1)
         w_reg_56_(EDQVHSV1)
         w_reg_55_(EDQVHSV1)
         w_reg_54_(EDQVHSV1)
         w_reg_53_(EDQVHSV1)
         w_reg_52_(EDQVHSV1)
         w_reg_51_(EDQVHSV1)
         w_reg_50_(EDQVHSV1)
         w_reg_49_(EDQVHSV1)
         w_reg_48_(EDQVHSV1)
         w_reg_47_(EDQVHSV1)
         w_reg_46_(EDQVHSV1)
         w_reg_45_(EDQVHSV1)
         w_reg_44_(EDQVHSV1)
         w_reg_43_(EDQVHSV1)
         w_reg_41_(EDQVHSV1)
         w_reg_40_(EDQVHSV1)
         w_reg_39_(EDQVHSV1)
         w_reg_38_(EDQVHSV1)
         w_reg_37_(EDQVHSV1)
         w_reg_36_(EDQVHSV1)
         w_reg_35_(EDQVHSV1)
         w_reg_34_(EDQVHSV1)
         w_reg_33_(EDQVHSV1)
         w_reg_32_(EDQVHSV1)
         w_reg_31_(EDQVHSV1)
         w_reg_30_(EDQVHSV1)
         w_reg_29_(EDQVHSV1)
         w_reg_28_(EDQVHSV1)
         w_reg_26_(EDQVHSV1)
         w_reg_25_(EDQVHSV1)
         w_reg_24_(EDQVHSV1)
         w_reg_23_(EDQVHSV1)
         w_reg_22_(EDQVHSV1)
         w_reg_21_(EDQVHSV1)
         w_reg_20_(EDQVHSV1)
         w_reg_19_(EDQVHSV1)
         w_reg_18_(EDQVHSV1)
         w_reg_17_(EDQVHSV1)
         w_reg_16_(EDQVHSV1)
         w_reg_15_(EDQVHSV1)
         w_reg_14_(EDQVHSV1)
         w_reg_13_(EDQVHSV1)
         w_reg_11_(EDQVHSV1)
         w_reg_10_(EDQVHSV1)
         w_reg_9_(EDQVHSV1)
         w_reg_8_(EDQVHSV1)
         w_reg_7_(EDQVHSV1)
         w_reg_6_(EDQVHSV1)
         w_reg_5_(EDQVHSV1)
         w_reg_4_(EDQVHSV1)
         w_reg_3_(EDQVHSV1)
         w_reg_2_(EDQVHSV1)
         w_reg_1_(EDQVHSV1)
         w_reg_0_(EDQVHSV1)
         weight_addr_reg_10_(DRNQVHSV1)
         weight_addr_reg_9_(DRNQVHSV1)
         weight_addr_reg_7_(DRNQVHSV1)
         weight_addr_reg_6_(DRNQVHSV1)
         weight_addr_reg_5_(DRNQVHSV1)
         weight_addr_reg_4_(DRNQVHSV1)
         weight_addr_reg_3_(DRNQVHSV1)
         weight_addr_reg_2_(DRNQVHSV1)
         weight_addr_reg_1_(DRNQVHSV1)
         weight_addr_reg_0_(DRNQVHSV1)
         ivalid_ff_4_reg(DRNQVHSV1)
         ivalid_ff_3_reg(DRNQVHSV1)
         ivalid_ff_1_reg(DRNQVHSV1)
         cnt_w_reg_8_(DRNQVHSV1)
         cnt_w_reg_7_(DRNQVHSV1)
         cnt_w_reg_5_(DRNQVHSV1)
         cnt_w_reg_4_(DRNQVHSV1)
         cnt_w_reg_3_(DRNQVHSV1)
         cnt_w_reg_2_(DRNQVHSV1)
         cnt_w_reg_0_(DRNQVHSV1)
         cnt_fc_reg_1_(DRNQVHSV1)
         cnt_fc_reg_2_(DRNQVHSV1)
         cnt_fc_reg_3_(DRNQVHSV1)
         cnt_fc_reg_4_(DRNQVHSV1)
         cnt_fc_reg_5_(DRNQVHSV1)
         cnt_fc_reg_6_(DRNQVHSV1)
         cnt_fc_reg_7_(DRNQVHSV1)
         cnt_fc_reg_8_(DRNQVHSV1)
         cnt_fc_reg_0_(DRNQVHSV1)
         dout_r_reg_15_(DRNQVHSV1)
         dout_r_reg_13_(DRNQVHSV1)
         dout_r_reg_11_(DRNQVHSV1)
         dout_r_reg_10_(DRNQVHSV1)
         dout_r_reg_8_(DRNQVHSV1)
         dout_r_reg_5_(DRNQVHSV1)
         ivalid_ff_2_reg(DSNQNVHSV1)
         sum_reg_8_(DVHSV1)
         sum21_reg_6_(DVHSV1)
         sum12_reg_1_(DVHSV1)
         sum00_reg_4_(DVHSV1)
         sum04_reg_3_(DVHSV1)
         p6_reg(DVHSV1)
         w_reg_132_(EDQVHSV1)
         w_reg_117_(EDQVHSV1)
         w_reg_102_(EDQVHSV1)
         w_reg_87_(EDQVHSV1)
         w_reg_72_(EDQVHSV1)
         w_reg_57_(EDQVHSV1)
         w_reg_42_(EDQVHSV1)
         w_reg_27_(EDQVHSV1)
         w_reg_12_(EDQVHSV1)
         weight_addr_reg_8_(DRNQVHSV1)
         cnt_w_reg_6_(DRNQVHSV1)
         cnt_w_reg_1_(DRNQVHSV1)
********************************************************************************
1
