********************************************************************************
                        Threshold Voltage Group Report                         

Vth Group                All                Blackbox           Non-blackbox
Name                    cells                cells                cells
********************************************************************************
lvt                    23   (0.73%)          5 (100.00%)         18   (0.57%)  L
rvt                  3142  (99.27%)          0   (0.00%)       3142  (99.43%)   
********************************************************************************
Total                3165 (100.00%)          5 (100.00%)       3160 (100.00%)   
Low vth groups         23   (0.73%)          5 (100.00%)         18   (0.57%)   

Vth Group                All                Blackbox           Non-blackbox
Name                  cell area            cell area            cell area
********************************************************************************
lvt                403.68   (1.87%)      40.80 (100.00%)     362.88   (1.69%)  L
rvt              21141.60  (98.13%)       0.00   (0.00%)   21141.60  (98.31%)   
********************************************************************************
Total            21545.28 (100.00%)      40.80 (100.00%)   21504.48 (100.00%)   
Low vth groups     403.68   (1.87%)      40.80 (100.00%)     362.88   (1.69%)   

Note: L denotes cells of low vth groups

********************************************************************************
                        Threshold Voltage Group Detail Report                  
********************************************************************************
Threshold Voltage Group: "lvt"
********************************************************************************
         clk_gate_cnt2_reg_9_/latch(LVT_CLKLANQVHSV2)
         clk_gate_sum_valid_reg/latch(LVT_CLKLANQVHSV2)
         clk_gate_k02_reg/latch(LVT_CLKLANQVHSV2)
         clk_gate_k00_reg/latch(LVT_CLKLANQVHSV2)
         clk_gate_weight_addr_reg_7_/latch(LVT_CLKLANQVHSV2)
         U1482(LVT_INVHSV64)
         U1481(LVT_INVHSV64)
         U1480(LVT_INVHSV64)
         U1479(LVT_INVHSV64)
         U1478(LVT_INVHSV64)
         U1477(LVT_INVHSV64)
         U1476(LVT_INVHSV64)
         U1475(LVT_INVHSV64)
         U1474(LVT_INVHSV64)
         U1473(LVT_INVHSV64)
         U1472(LVT_INVHSV64)
         U1471(LVT_INVHSV64)
         U1470(LVT_INVHSV64)
         U1469(LVT_INVHSV64)
         U1468(LVT_INVHSV64)
         U1467(LVT_INVHSV64)
         U1466(LVT_INVHSV64)
         U1464(LVT_INVHSV64)
********************************************************************************
Threshold Voltage Group: "rvt"
********************************************************************************
         U1491(NAND2VHSV1)
         U1490(OAI211VHSV1)
         U1489(NOR2BVHSV1)
         U1488(INVHSV1)
         U1487(AO21VHSV1)
         U1486(INVHSV1)
         U1485(INVHSV1)
         U1484(INVHSV1)
         U1483(INVHSV1)
         U1465(INVHSV1)
         U1463(INVHSV1)
         U1462(INVHSV1)
         U1461(INVHSV1)
         U1460(INVHSV1)
         U1459(INVHSV1)
         U1457(INVHSV1)
         U1455(INVHSV1)
         U1454(INVHSV1)
         U1453(INVHSV1)
         U1452(INVHSV1)
         U1451(INVHSV1)
         U1450(INVHSV1)
         U1449(INVHSV1)
         U1448(INVHSV1)
         U1447(INVHSV1)
         U1446(INVHSV1)
         U1445(INVHSV1)
         U1444(INVHSV1)
         U1443(INVHSV1)
         U1442(INVHSV1)
         U1441(INVHSV1)
         U1440(INVHSV1)
         U1439(INVHSV1)
         U1438(INVHSV1)
         U1437(INVHSV1)
         U1436(INVHSV1)
         U1435(INVHSV1)
         U1434(INVHSV1)
         U1433(INVHSV1)
         U1431(INVHSV1)
         U1430(INVHSV1)
         U1429(INVHSV1)
         U1428(INVHSV1)
         U1427(INVHSV1)
         U1426(INVHSV1)
         U1425(INVHSV1)
         U1424(INVHSV1)
         U1423(INVHSV1)
         U1421(INVHSV1)
         U1419(INVHSV1)
         U1417(INVHSV1)
         U1416(INVHSV1)
         U1415(INVHSV1)
         U1414(INVHSV1)
         U1413(INVHSV1)
         U1412(INVHSV1)
         U1411(INVHSV1)
         U1410(INVHSV1)
         U1409(NAND2BVHSV1)
         U2884(OAO211VHSV1)
         U2882(OA211VHSV1)
         U2881(OA211VHSV1)
         U2880(OA211VHSV1)
         U2878(OA211VHSV1)
         U2877(OA211VHSV1)
         U2876(OA211VHSV1)
         U2875(OA211VHSV1)
         U2874(OA211VHSV1)
         U2873(OA211VHSV1)
         U2872(OA211VHSV1)
         U2871(OA211VHSV1)
         U2870(OA211VHSV1)
         U2869(NOR3VHSV1)
         U2868(NOR3VHSV1)
         U2867(NOR3VHSV1)
         U2866(NOR3VHSV1)
         U2865(NOR3VHSV1)
         U2864(NOR3VHSV1)
         U2863(NOR3VHSV1)
         U2862(INVHSV1)
         U2861(NOR3VHSV1)
         U2860(NOR3VHSV1)
         U2859(NAND2VHSV1)
         U2858(MUX2NVHSV1)
         U2857(NAND2VHSV1)
         U2856(OA1B2VHSV1)
         U2855(XOR2VHSV1)
         U2854(XOR2VHSV1)
         U2853(OA1B2VHSV1)
         U2852(XOR2VHSV1)
         U2851(XOR2VHSV1)
         U2850(OA1B2VHSV1)
         U2849(XOR2VHSV1)
         U2848(XOR2VHSV1)
         U2847(OA1B2VHSV1)
         U2846(OA1B2VHSV1)
         U2845(XOR2VHSV1)
         U2844(XOR2VHSV1)
         U2843(OA1B2VHSV1)
         U2842(XOR2VHSV1)
         U2841(XOR2VHSV1)
         U2840(XOR2VHSV1)
         U2839(XOR2VHSV1)
         U2838(OA1B2VHSV1)
         U2837(XOR2VHSV1)
         U2836(XOR2VHSV1)
         U2835(OAI31VHSV1)
         U2834(OAI21VHSV1)
         U2833(MUX2NVHSV1)
         U2832(NAND2VHSV1)
         U2831(MUX2NVHSV1)
         U2830(NOR2VHSV1)
         U2829(MUX2NVHSV1)
         U2828(NAND2VHSV1)
         U2827(MUX2NVHSV1)
         U2826(NOR2VHSV1)
         U2825(MUX2NVHSV1)
         U2824(NAND2VHSV1)
         U2823(MUX2NVHSV1)
         U2822(NOR2VHSV1)
         U2821(MUX2NVHSV1)
         U2820(OAI21VHSV1)
         U2819(OAI31VHSV1)
         U2818(OAI21VHSV1)
         U2817(INVHSV1)
         U2816(OAI21VHSV1)
         U2815(NAND2VHSV1)
         U2814(OAI21VHSV1)
         U2813(MUX2NVHSV1)
         U2812(NAND2VHSV1)
         U2811(NAND2BVHSV1)
         U2810(OAI31VHSV1)
         U2809(OAI21VHSV1)
         U2808(NOR2VHSV1)
         U2807(MUX2NVHSV1)
         U2806(NAND2VHSV1)
         U2805(NAND2BVHSV1)
         U2804(OAI31VHSV1)
         U2803(OAI21VHSV1)
         U2802(NOR2VHSV1)
         U2801(MUX2NVHSV1)
         U2800(NAND2VHSV1)
         U2799(NAND2BVHSV1)
         U2798(OAI31VHSV1)
         U2797(OAI21VHSV1)
         U2796(NOR2VHSV1)
         U2795(MUX2NVHSV1)
         U2794(NAND2VHSV1)
         U2793(NAND2VHSV1)
         U2792(MUX2NVHSV1)
         U2791(NOR2VHSV1)
         U2790(NOR2VHSV1)
         U2789(MUX2NVHSV1)
         U2788(NAND2VHSV1)
         U2787(NAND2VHSV1)
         U2786(MUX2NVHSV1)
         U2785(NOR2VHSV1)
         U2784(NOR2VHSV1)
         U2783(MUX2NVHSV1)
         U2782(NAND2VHSV1)
         U2781(NAND2VHSV1)
         U2780(MUX2NVHSV1)
         U2779(NOR2VHSV1)
         U2778(NOR3VHSV1)
         U2777(MUX2NVHSV1)
         U2776(OAI21VHSV1)
         U2775(INVHSV1)
         U2774(OAI31VHSV1)
         U2773(OAI21VHSV1)
         U2772(INVHSV1)
         U2771(OAI21VHSV1)
         U2770(NAND2VHSV1)
         U2769(OAI21VHSV1)
         U2768(MUX2NVHSV1)
         U2767(NAND2VHSV1)
         U2766(NAND2BVHSV1)
         U2765(OAI31VHSV1)
         U2764(OAI21VHSV1)
         U2763(NOR2VHSV1)
         U2762(MUX2NVHSV1)
         U2761(NAND2VHSV1)
         U2760(NAND2BVHSV1)
         U2759(OAI31VHSV1)
         U2758(OAI21VHSV1)
         U2757(NOR2VHSV1)
         U2756(MUX2NVHSV1)
         U2755(NAND2VHSV1)
         U2754(NAND2BVHSV1)
         U2753(OAI31VHSV1)
         U2752(OAI21VHSV1)
         U2751(NOR2VHSV1)
         U2750(MUX2NVHSV1)
         U2749(NAND2VHSV1)
         U2748(NAND2VHSV1)
         U2747(MUX2NVHSV1)
         U2746(NOR2VHSV1)
         U2745(NOR2VHSV1)
         U2744(MUX2NVHSV1)
         U2743(NAND2VHSV1)
         U2742(NAND2VHSV1)
         U2741(MUX2NVHSV1)
         U2740(NOR2VHSV1)
         U2739(NOR2VHSV1)
         U2738(MUX2NVHSV1)
         U2737(NAND2VHSV1)
         U2736(NAND2VHSV1)
         U2735(MUX2NVHSV1)
         U2734(NOR2VHSV1)
         U2733(NOR3VHSV1)
         U2732(MUX2NVHSV1)
         U2731(OAI21VHSV1)
         U2730(INVHSV1)
         U2729(OAI31VHSV1)
         U2728(OAI21VHSV1)
         U2727(XOR2VHSV1)
         U2726(XOR2VHSV1)
         U2725(OA1B2VHSV1)
         U2724(XOR2VHSV1)
         U2723(XOR2VHSV1)
         U2722(OA1B2VHSV1)
         U2721(XOR2VHSV1)
         U2720(XOR2VHSV1)
         U2719(OA1B2VHSV1)
         U2718(XOR2VHSV1)
         U2717(XOR2VHSV1)
         U2716(OA1B2VHSV1)
         U2715(XOR2VHSV1)
         U2714(XOR2VHSV1)
         U2713(AOI21VHSV1)
         U2712(OAI21VHSV1)
         U2711(NOR2VHSV1)
         U2710(INVHSV1)
         U2709(OA1B2VHSV1)
         U2708(XOR2VHSV1)
         U2707(XOR2VHSV1)
         U2706(OA1B2VHSV1)
         U2705(XOR2VHSV1)
         U2704(XOR2VHSV1)
         U2703(OA1B2VHSV1)
         U2702(XOR2VHSV1)
         U2701(XOR2VHSV1)
         U2700(OA1B2VHSV1)
         U2699(XOR2VHSV1)
         U2698(XOR2VHSV1)
         U2697(AOI21VHSV1)
         U2696(OAI21VHSV1)
         U2695(INVHSV1)
         U2694(OA1B2VHSV1)
         U2693(XOR2VHSV1)
         U2692(XOR2VHSV1)
         U2691(OA1B2VHSV1)
         U2690(AOI21VHSV1)
         U2689(OAI21VHSV1)
         U2688(AOI211VHSV1)
         U2687(NOR2VHSV1)
         U2686(NAND2VHSV1)
         U2685(AOI211VHSV1)
         U2684(NOR2VHSV1)
         U2683(NAND2VHSV1)
         U2682(AOI211VHSV1)
         U2681(NOR2VHSV1)
         U2680(NAND2VHSV1)
         U2679(AOI211VHSV1)
         U2678(NOR2VHSV1)
         U2677(NAND2VHSV1)
         U2676(AOI211VHSV1)
         U2675(NOR2VHSV1)
         U2674(NAND2VHSV1)
         U2673(AOI211VHSV1)
         U2672(NOR2VHSV1)
         U2671(NAND2VHSV1)
         U2670(AOI211VHSV1)
         U2669(NOR2VHSV1)
         U2668(NAND2VHSV1)
         U2667(AOI211VHSV1)
         U2666(NOR2VHSV1)
         U2665(NAND2VHSV1)
         U2664(AOI211VHSV1)
         U2663(NOR2VHSV1)
         U2662(NOR3BVHSV1)
         U2661(NOR2VHSV1)
         U2660(NOR2VHSV1)
         U2659(NOR2VHSV1)
         U2658(AOI211VHSV1)
         U2657(AOI211VHSV1)
         U2656(AOI211VHSV1)
         U2655(AOI211VHSV1)
         U2654(AO1B2VHSV1)
         U2653(NOR3VHSV1)
         U2652(OAI211VHSV1)
         U2651(AOI21VHSV1)
         U2650(NOR2VHSV1)
         U2649(NAND2VHSV1)
         U2648(NOR2VHSV1)
         U2647(NAND2VHSV1)
         U2646(NOR2VHSV1)
         U2645(NAND2VHSV1)
         U2644(NOR2VHSV1)
         U2643(NAND2VHSV1)
         U2642(OA1B2VHSV1)
         U2641(XOR2VHSV1)
         U2640(XOR2VHSV1)
         U2639(OA1B2VHSV1)
         U2638(XOR2VHSV1)
         U2637(XOR2VHSV1)
         U2636(OA1B2VHSV1)
         U2635(XOR2VHSV1)
         U2634(XOR2VHSV1)
         U2633(OA1B2VHSV1)
         U2632(XOR2VHSV1)
         U2631(XOR2VHSV1)
         U2630(OA1B2VHSV1)
         U2629(XOR2VHSV1)
         U2628(XOR2VHSV1)
         U2627(OA1B2VHSV1)
         U2626(XOR2VHSV1)
         U2625(XOR2VHSV1)
         U2624(OA1B2VHSV1)
         U2623(XOR2VHSV1)
         U2622(XOR2VHSV1)
         U2621(MUX2NVHSV1)
         U2620(NAND2VHSV1)
         U2619(MUX2NVHSV1)
         U2618(NAND2VHSV1)
         U2617(OAI31VHSV1)
         U2616(OAI21VHSV1)
         U2615(MUX2NVHSV1)
         U2614(NAND2VHSV1)
         U2613(OAI31VHSV1)
         U2612(OAI21VHSV1)
         U2611(MUX2NVHSV1)
         U2610(NAND2VHSV1)
         U2609(MUX2NVHSV1)
         U2608(NOR2VHSV1)
         U2607(MUX2NVHSV1)
         U2606(NAND2VHSV1)
         U2605(MUX2NVHSV1)
         U2604(NOR2VHSV1)
         U2603(MUX2NVHSV1)
         U2602(NAND2VHSV1)
         U2601(MUX2NVHSV1)
         U2600(NOR2VHSV1)
         U2599(MUX2NVHSV1)
         U2598(OAI21VHSV1)
         U2597(OAI31VHSV1)
         U2596(OAI21VHSV1)
         U2595(INVHSV1)
         U2594(OAI21VHSV1)
         U2593(NAND2VHSV1)
         U2592(OAI21VHSV1)
         U2591(MUX2NVHSV1)
         U2590(NAND2VHSV1)
         U2589(NAND2BVHSV1)
         U2588(OAI31VHSV1)
         U2587(OAI21VHSV1)
         U2586(NOR2VHSV1)
         U2585(MUX2NVHSV1)
         U2584(NAND2VHSV1)
         U2583(NAND2BVHSV1)
         U2582(OAI31VHSV1)
         U2581(OAI21VHSV1)
         U2580(NOR2VHSV1)
         U2579(MUX2NVHSV1)
         U2578(NAND2VHSV1)
         U2577(NAND2BVHSV1)
         U2576(OAI31VHSV1)
         U2575(OAI21VHSV1)
         U2574(NOR2VHSV1)
         U2573(MUX2NVHSV1)
         U2572(NAND2VHSV1)
         U2571(NAND2VHSV1)
         U2570(MUX2NVHSV1)
         U2569(NOR2VHSV1)
         U2568(NOR2VHSV1)
         U2567(MUX2NVHSV1)
         U2566(NAND2VHSV1)
         U2565(NAND2VHSV1)
         U2564(MUX2NVHSV1)
         U2563(NOR2VHSV1)
         U2562(NOR2VHSV1)
         U2561(MUX2NVHSV1)
         U2560(NAND2VHSV1)
         U2559(NAND2VHSV1)
         U2558(MUX2NVHSV1)
         U2557(NOR2VHSV1)
         U2556(NOR3VHSV1)
         U2555(MUX2NVHSV1)
         U2554(OAI21VHSV1)
         U2553(INVHSV1)
         U2552(OAI31VHSV1)
         U2551(OAI21VHSV1)
         U2550(OAI21VHSV1)
         U2549(NAND2VHSV1)
         U2548(OAI21VHSV1)
         U2547(OAI21VHSV1)
         U2546(NAND2VHSV1)
         U2545(NAND2VHSV1)
         U2544(NAND2BVHSV1)
         U2543(OAI31VHSV1)
         U2542(OAI21VHSV1)
         U2541(NOR2VHSV1)
         U2540(OAI21VHSV1)
         U2539(NAND2VHSV1)
         U2538(NAND2VHSV1)
         U2537(NAND2BVHSV1)
         U2536(OAI31VHSV1)
         U2535(OAI21VHSV1)
         U2534(NOR2VHSV1)
         U2533(OAI21VHSV1)
         U2532(NAND2VHSV1)
         U2531(NAND2VHSV1)
         U2530(NAND2BVHSV1)
         U2529(OAI31VHSV1)
         U2528(OAI21VHSV1)
         U2527(NOR2VHSV1)
         U2526(OAI21VHSV1)
         U2525(NAND2VHSV1)
         U2524(NAND2VHSV1)
         U2523(NAND2BVHSV1)
         U2522(OAI31VHSV1)
         U2521(OAI21VHSV1)
         U2520(NOR2VHSV1)
         U2519(OAI21VHSV1)
         U2518(NAND2VHSV1)
         U2517(NAND2VHSV1)
         U2516(NAND2BVHSV1)
         U2515(OAI31VHSV1)
         U2514(OAI21VHSV1)
         U2513(NOR2VHSV1)
         U2512(OAI21VHSV1)
         U2511(NAND2VHSV1)
         U2510(NAND2VHSV1)
         U2509(NAND2BVHSV1)
         U2508(OAI31VHSV1)
         U2507(OAI21VHSV1)
         U2506(NOR3VHSV1)
         U2505(OAI21VHSV1)
         U2504(NAND2VHSV1)
         U2503(OAI21VHSV1)
         U2502(OAI21VHSV1)
         U2501(NAND2VHSV1)
         U2500(NAND2VHSV1)
         U2499(INVHSV1)
         U2498(OAI21VHSV1)
         U2497(NAND2VHSV1)
         U2496(OAI21VHSV1)
         U2495(MUX2NVHSV1)
         U2494(NAND2VHSV1)
         U2493(NAND2BVHSV1)
         U2492(OAI31VHSV1)
         U2491(OAI21VHSV1)
         U2490(NOR2VHSV1)
         U2489(MUX2NVHSV1)
         U2488(NAND2VHSV1)
         U2487(NAND2BVHSV1)
         U2486(OAI31VHSV1)
         U2485(OAI21VHSV1)
         U2484(NOR2VHSV1)
         U2483(OAI31VHSV1)
         U2482(OAI21VHSV1)
         U2481(MUX2NVHSV1)
         U2480(NAND2VHSV1)
         U2479(NAND2BVHSV1)
         U2478(OAI31VHSV1)
         U2477(OAI21VHSV1)
         U2476(NOR2VHSV1)
         U2475(MUX2NVHSV1)
         U2474(NAND2VHSV1)
         U2473(NAND2VHSV1)
         U2472(MUX2NVHSV1)
         U2471(NOR2VHSV1)
         U2470(NOR2VHSV1)
         U2469(MUX2NVHSV1)
         U2468(NAND2VHSV1)
         U2467(NAND2VHSV1)
         U2466(MUX2NVHSV1)
         U2465(NOR2VHSV1)
         U2464(NOR2VHSV1)
         U2463(MUX2NVHSV1)
         U2462(NAND2VHSV1)
         U2461(NAND2VHSV1)
         U2460(MUX2NVHSV1)
         U2459(NOR2VHSV1)
         U2458(NOR3VHSV1)
         U2457(MUX2NVHSV1)
         U2456(OAI21VHSV1)
         U2455(INVHSV1)
         U2454(OAI31VHSV1)
         U2453(OAI21VHSV1)
         U2452(INVHSV1)
         U2451(OAI21VHSV1)
         U2450(NAND2VHSV1)
         U2449(OAI21VHSV1)
         U2448(MUX2NVHSV1)
         U2447(NAND2VHSV1)
         U2446(NAND2BVHSV1)
         U2445(OAI31VHSV1)
         U2444(OAI21VHSV1)
         U2443(NOR2VHSV1)
         U2442(MUX2NVHSV1)
         U2441(NAND2VHSV1)
         U2440(NAND2BVHSV1)
         U2439(OAI31VHSV1)
         U2438(OAI21VHSV1)
         U2437(NOR2VHSV1)
         U2436(MUX2NVHSV1)
         U2435(NAND2VHSV1)
         U2434(NAND2BVHSV1)
         U2433(OAI31VHSV1)
         U2432(OAI21VHSV1)
         U2431(NOR2VHSV1)
         U2430(MUX2NVHSV1)
         U2429(NAND2VHSV1)
         U2428(NAND2VHSV1)
         U2427(MUX2NVHSV1)
         U2426(NOR2VHSV1)
         U2425(NOR2VHSV1)
         U2424(MUX2NVHSV1)
         U2423(NAND2VHSV1)
         U2422(NAND2VHSV1)
         U2421(MUX2NVHSV1)
         U2420(NOR2VHSV1)
         U2419(NOR2VHSV1)
         U2418(NAND2VHSV1)
         U2417(MUX2NVHSV1)
         U2416(NOR2VHSV1)
         U2415(NOR3VHSV1)
         U2414(MUX2NVHSV1)
         U2413(OAI21VHSV1)
         U2412(INVHSV1)
         U2411(OAI31VHSV1)
         U2410(OAI21VHSV1)
         U2409(INVHSV1)
         U2408(OAI21VHSV1)
         U2407(NAND2VHSV1)
         U2406(OAI21VHSV1)
         U2405(MUX2NVHSV1)
         U2404(NAND2VHSV1)
         U2403(NAND2BVHSV1)
         U2402(OAI31VHSV1)
         U2401(OAI21VHSV1)
         U2400(NOR2VHSV1)
         U2399(MUX2NVHSV1)
         U2398(NAND2VHSV1)
         U2397(NAND2BVHSV1)
         U2396(OAI31VHSV1)
         U2395(OAI21VHSV1)
         U2394(NOR2VHSV1)
         U2393(MUX2NVHSV1)
         U2392(NAND2VHSV1)
         U2391(NAND2BVHSV1)
         U2390(OAI31VHSV1)
         U2389(OAI21VHSV1)
         U2388(NOR2VHSV1)
         U2387(MUX2NVHSV1)
         U2386(NAND2VHSV1)
         U2385(NAND2VHSV1)
         U2384(MUX2NVHSV1)
         U2383(NOR2VHSV1)
         U2382(NOR2VHSV1)
         U2381(MUX2NVHSV1)
         U2380(NAND2VHSV1)
         U2379(NAND2VHSV1)
         U2378(MUX2NVHSV1)
         U2377(NOR2VHSV1)
         U2376(NOR2VHSV1)
         U2375(MUX2NVHSV1)
         U2374(NAND2VHSV1)
         U2373(NAND2VHSV1)
         U2372(MUX2NVHSV1)
         U2371(NOR2VHSV1)
         U2370(NOR3VHSV1)
         U2369(MUX2NVHSV1)
         U2368(OAI21VHSV1)
         U2367(INVHSV1)
         U2366(OAI31VHSV1)
         U2365(OAI21VHSV1)
         U2364(INVHSV1)
         U2363(OAI21VHSV1)
         U2362(NAND2VHSV1)
         U2361(OAI21VHSV1)
         U2360(MUX2NVHSV1)
         U2359(NAND2VHSV1)
         U2358(NAND2BVHSV1)
         U2357(OAI31VHSV1)
         U2356(OAI21VHSV1)
         U2355(NOR2VHSV1)
         U2354(MUX2NVHSV1)
         U2353(NAND2VHSV1)
         U2352(NAND2BVHSV1)
         U2351(OAI31VHSV1)
         U2350(OAI21VHSV1)
         U2349(NOR2VHSV1)
         U2348(MUX2NVHSV1)
         U2347(NAND2VHSV1)
         U2346(NAND2BVHSV1)
         U2345(OAI31VHSV1)
         U2344(OAI21VHSV1)
         U2343(NOR2VHSV1)
         U2342(MUX2NVHSV1)
         U2341(NAND2VHSV1)
         U2340(NAND2VHSV1)
         U2339(AOI21VHSV1)
         U2338(OAI21VHSV1)
         U2337(AOI211VHSV1)
         U2336(NOR2VHSV1)
         U2335(NAND2VHSV1)
         U2334(INVHSV1)
         U2333(AOI211VHSV1)
         U2332(NOR2VHSV1)
         U2331(AOI211VHSV1)
         U2330(INVHSV1)
         U2329(NAND4VHSV1)
         U2328(NAND3VHSV1)
         U2327(OAOI211VHSV1)
         U2326(NAND2VHSV1)
         U2325(INVHSV1)
         U2324(OAI31VHSV1)
         U2323(OAI21VHSV1)
         U2322(OAI21VHSV1)
         U2321(NAND2VHSV1)
         U2320(OAI21VHSV1)
         U2319(OAI21VHSV1)
         U2318(NAND2VHSV1)
         U2317(NAND2VHSV1)
         U2316(NAND2BVHSV1)
         U2315(OAI31VHSV1)
         U2314(OAI21VHSV1)
         U2313(NOR2VHSV1)
         U2312(OAI21VHSV1)
         U2311(NAND2VHSV1)
         U2310(NAND2VHSV1)
         U2309(NAND2BVHSV1)
         U2308(OAI31VHSV1)
         U2307(OAI21VHSV1)
         U2306(NOR2VHSV1)
         U2305(OAI21VHSV1)
         U2304(NAND2VHSV1)
         U2303(NAND2VHSV1)
         U2302(NAND2BVHSV1)
         U2301(OAI31VHSV1)
         U2300(OAI21VHSV1)
         U2299(NOR2VHSV1)
         U2298(OAI21VHSV1)
         U2297(NAND2VHSV1)
         U2296(NAND2VHSV1)
         U2295(NAND2BVHSV1)
         U2294(OAI31VHSV1)
         U2293(OAI21VHSV1)
         U2292(NOR2VHSV1)
         U2291(OAI21VHSV1)
         U2290(NAND2VHSV1)
         U2289(NAND2VHSV1)
         U2288(NAND2BVHSV1)
         U2287(OAI31VHSV1)
         U2286(OAI21VHSV1)
         U2285(NOR2VHSV1)
         U2284(OAI21VHSV1)
         U2283(NAND2VHSV1)
         U2282(NAND2VHSV1)
         U2281(NAND2BVHSV1)
         U2280(OAI31VHSV1)
         U2279(OAI21VHSV1)
         U2278(NOR3VHSV1)
         U2277(OAI21VHSV1)
         U2276(NAND2VHSV1)
         U2275(OAI21VHSV1)
         U2274(OAI21VHSV1)
         U2273(NAND2VHSV1)
         U2272(NAND2VHSV1)
         U2271(INVHSV1)
         U2270(OAI21VHSV1)
         U2269(NAND2VHSV1)
         U2268(OAI21VHSV1)
         U2267(MUX2NVHSV1)
         U2266(NAND2VHSV1)
         U2265(NAND2BVHSV1)
         U2264(OAI31VHSV1)
         U2263(OAI21VHSV1)
         U2262(NOR2VHSV1)
         U2261(MUX2NVHSV1)
         U2260(NAND2VHSV1)
         U2259(NAND2BVHSV1)
         U2258(OAI31VHSV1)
         U2257(OAI21VHSV1)
         U2256(NOR2VHSV1)
         U2255(MUX2NVHSV1)
         U2254(NAND2VHSV1)
         U2253(NAND2BVHSV1)
         U2252(OAI31VHSV1)
         U2251(OAI21VHSV1)
         U2250(NOR2VHSV1)
         U2249(MUX2NVHSV1)
         U2248(NAND2VHSV1)
         U2247(NAND2VHSV1)
         U2246(MUX2NVHSV1)
         U2245(NOR2VHSV1)
         U2244(NOR2VHSV1)
         U2243(MUX2NVHSV1)
         U2242(NAND2VHSV1)
         U2241(NAND2VHSV1)
         U2240(MUX2NVHSV1)
         U2239(NOR2VHSV1)
         U2238(NOR2VHSV1)
         U2237(MUX2NVHSV1)
         U2236(NAND2VHSV1)
         U2235(NAND2VHSV1)
         U2234(MUX2NVHSV1)
         U2233(NOR2VHSV1)
         U2232(NOR3VHSV1)
         U2231(MUX2NVHSV1)
         U2230(OAI21VHSV1)
         U2229(INVHSV1)
         U2228(OAI31VHSV1)
         U2227(OAI21VHSV1)
         U2226(INVHSV1)
         U2225(OAI21VHSV1)
         U2224(NAND2VHSV1)
         U2223(OAI21VHSV1)
         U2222(MUX2NVHSV1)
         U2221(NAND2VHSV1)
         U2220(NAND2BVHSV1)
         U2219(OAI31VHSV1)
         U2218(OAI21VHSV1)
         U2217(NOR2VHSV1)
         U2216(MUX2NVHSV1)
         U2215(NAND2VHSV1)
         U2214(NAND2BVHSV1)
         U2213(OAI31VHSV1)
         U2212(OAI21VHSV1)
         U2211(NOR2VHSV1)
         U2210(MUX2NVHSV1)
         U2209(NAND2VHSV1)
         U2208(NAND2BVHSV1)
         U2207(OAI31VHSV1)
         U2206(OAI21VHSV1)
         U2205(NOR2VHSV1)
         U2204(MUX2NVHSV1)
         U2203(NAND2VHSV1)
         U2202(NAND2VHSV1)
         U2201(MUX2NVHSV1)
         U2200(NOR2VHSV1)
         U2199(NOR2VHSV1)
         U2198(MUX2NVHSV1)
         U2197(NAND2VHSV1)
         U2196(NAND2VHSV1)
         U2195(MUX2NVHSV1)
         U2194(NOR2VHSV1)
         U2193(NOR2VHSV1)
         U2192(MUX2NVHSV1)
         U2191(NAND2VHSV1)
         U2190(NAND2VHSV1)
         U2189(MUX2NVHSV1)
         U2188(NOR2VHSV1)
         U2187(NOR3VHSV1)
         U2186(MUX2NVHSV1)
         U2185(OAI21VHSV1)
         U2184(INVHSV1)
         U2183(OAI31VHSV1)
         U2182(OAI21VHSV1)
         U2181(INVHSV1)
         U2180(OAI21VHSV1)
         U2179(NAND2VHSV1)
         U2178(OAI21VHSV1)
         U2177(MUX2NVHSV1)
         U2176(NAND2VHSV1)
         U2175(NAND2BVHSV1)
         U2174(NOR2VHSV1)
         U2173(NAND2BVHSV1)
         U2172(NOR2VHSV1)
         U2171(NAND2BVHSV1)
         U2170(NOR2VHSV1)
         U2169(NAND2VHSV1)
         U2168(NOR2VHSV1)
         U2167(NAND2VHSV1)
         U2166(NOR2VHSV1)
         U2165(NAND2VHSV1)
         U2164(NOR3VHSV1)
         U2163(INVHSV1)
         U2162(MUX2NVHSV1)
         U2161(NOR2VHSV1)
         U2160(NOR2VHSV1)
         U2159(MUX2NVHSV1)
         U2158(NAND2VHSV1)
         U2157(NAND2VHSV1)
         U2156(OAI21VHSV1)
         U2155(NAND2VHSV1)
         U2154(OAI21VHSV1)
         U2153(MUX2NVHSV1)
         U2152(NAND2VHSV1)
         U2151(NAND2BVHSV1)
         U2150(OAI31VHSV1)
         U2149(OAI21VHSV1)
         U2148(NOR2VHSV1)
         U2147(MUX2NVHSV1)
         U2146(NAND2VHSV1)
         U2145(NAND2BVHSV1)
         U2144(OAI31VHSV1)
         U2143(OAI21VHSV1)
         U2142(NOR2VHSV1)
         U2141(MUX2NVHSV1)
         U2140(NAND2VHSV1)
         U2139(NAND2BVHSV1)
         U2138(OAI31VHSV1)
         U2137(OAI21VHSV1)
         U2136(NOR2VHSV1)
         U2135(MUX2NVHSV1)
         U2134(NAND2VHSV1)
         U2133(NAND2VHSV1)
         U2132(MUX2NVHSV1)
         U2131(NOR2VHSV1)
         U2130(NOR2VHSV1)
         U2129(MUX2NVHSV1)
         U2128(NAND2VHSV1)
         U2127(NAND2VHSV1)
         U2126(MUX2NVHSV1)
         U2125(NOR2VHSV1)
         U2124(NOR2VHSV1)
         U2123(MUX2NVHSV1)
         U2122(NAND2VHSV1)
         U2121(NAND2VHSV1)
         U2120(MUX2NVHSV1)
         U2119(NOR2VHSV1)
         U2118(NOR3VHSV1)
         U2117(MUX2NVHSV1)
         U2116(OAI21VHSV1)
         U2115(INVHSV1)
         U2114(OAI31VHSV1)
         U2113(OAI21VHSV1)
         U2112(INVHSV1)
         U2111(OAI21VHSV1)
         U2110(NAND2VHSV1)
         U2109(OAI21VHSV1)
         U2108(MUX2NVHSV1)
         U2107(NAND2VHSV1)
         U2106(NAND2BVHSV1)
         U2105(OAI31VHSV1)
         U2104(OAI21VHSV1)
         U2103(NOR2VHSV1)
         U2102(MUX2NVHSV1)
         U2101(NAND2VHSV1)
         U2100(NAND2BVHSV1)
         U2099(OAI31VHSV1)
         U2098(OAI21VHSV1)
         U2097(NOR2VHSV1)
         U2096(MUX2NVHSV1)
         U2095(NAND2VHSV1)
         U2094(NAND2BVHSV1)
         U2093(OAI31VHSV1)
         U2092(OAI21VHSV1)
         U2091(NOR2VHSV1)
         U2090(MUX2NVHSV1)
         U2089(NAND2VHSV1)
         U2088(NAND2VHSV1)
         U2087(MUX2NVHSV1)
         U2086(NOR2VHSV1)
         U2085(NOR2VHSV1)
         U2084(MUX2NVHSV1)
         U2083(NAND2VHSV1)
         U2082(NAND2VHSV1)
         U2081(MUX2NVHSV1)
         U2080(NOR2VHSV1)
         U2079(NOR2VHSV1)
         U2078(MUX2NVHSV1)
         U2077(NAND2VHSV1)
         U2076(NAND2VHSV1)
         U2075(MUX2NVHSV1)
         U2074(NOR2VHSV1)
         U2073(NOR3VHSV1)
         U2072(MUX2NVHSV1)
         U2071(OAI21VHSV1)
         U2070(INVHSV1)
         U2069(OAI31VHSV1)
         U2068(OAI21VHSV1)
         U2067(INVHSV1)
         U2066(OAI21VHSV1)
         U2065(NAND2VHSV1)
         U2064(OAI21VHSV1)
         U2063(MUX2NVHSV1)
         U2062(NAND2VHSV1)
         U2061(NAND2BVHSV1)
         U2060(OAI31VHSV1)
         U2059(OAI21VHSV1)
         U2058(NOR2VHSV1)
         U2057(MUX2NVHSV1)
         U2056(NAND2VHSV1)
         U2055(NAND2BVHSV1)
         U2054(OAI31VHSV1)
         U2053(OAI21VHSV1)
         U2052(NOR2VHSV1)
         U2051(MUX2NVHSV1)
         U2050(NAND2VHSV1)
         U2049(NAND2BVHSV1)
         U2048(OAI31VHSV1)
         U2047(OAI21VHSV1)
         U2046(NOR2VHSV1)
         U2045(MUX2NVHSV1)
         U2044(NAND2VHSV1)
         U2043(NAND2VHSV1)
         U2042(MUX2NVHSV1)
         U2041(NOR2VHSV1)
         U2040(NOR2VHSV1)
         U2039(MUX2NVHSV1)
         U2038(NAND2VHSV1)
         U2037(NAND2VHSV1)
         U2036(MUX2NVHSV1)
         U2035(NOR2VHSV1)
         U2034(NOR2VHSV1)
         U2033(MUX2NVHSV1)
         U2032(NAND2VHSV1)
         U2031(NAND2VHSV1)
         U2030(MUX2NVHSV1)
         U2029(NOR2VHSV1)
         U2028(NOR3VHSV1)
         U2027(MUX2NVHSV1)
         U2026(OAI21VHSV1)
         U2025(INVHSV1)
         U2024(OAI31VHSV1)
         U2023(OAI21VHSV1)
         U2022(INVHSV1)
         U2021(MUX2NVHSV1)
         U2020(NAND2VHSV1)
         U2019(OAI21VHSV1)
         U2018(NAND2VHSV1)
         U2017(OAI21VHSV1)
         U2016(MUX2NVHSV1)
         U2015(NAND2VHSV1)
         U2014(NAND2BVHSV1)
         U2013(OAI31VHSV1)
         U2012(OAI21VHSV1)
         U2011(NOR2VHSV1)
         U2010(MUX2NVHSV1)
         U2009(NAND2VHSV1)
         U2008(NAND2BVHSV1)
         U2007(OAI31VHSV1)
         U2006(OAI21VHSV1)
         U2005(NOR2VHSV1)
         U2004(MUX2NVHSV1)
         U2003(NAND2VHSV1)
         U2002(NAND2BVHSV1)
         U2001(OAI31VHSV1)
         U2000(OAI21VHSV1)
         U1999(NOR2VHSV1)
         U1998(MUX2NVHSV1)
         U1997(NAND2VHSV1)
         U1996(NAND2VHSV1)
         U1995(MUX2NVHSV1)
         U1994(NOR2VHSV1)
         U1993(NOR2VHSV1)
         U1992(MUX2NVHSV1)
         U1991(NAND2VHSV1)
         U1990(NAND2VHSV1)
         U1989(MUX2NVHSV1)
         U1988(NOR2VHSV1)
         U1987(NOR2VHSV1)
         U1986(MUX2NVHSV1)
         U1985(NAND2VHSV1)
         U1984(NAND2VHSV1)
         U1983(MUX2NVHSV1)
         U1982(NOR2VHSV1)
         U1981(NOR3VHSV1)
         U1980(MUX2NVHSV1)
         U1979(OAI21VHSV1)
         U1978(INVHSV1)
         U1977(OAI31VHSV1)
         U1976(OAI21VHSV1)
         U1975(OAI21VHSV1)
         U1974(NAND2VHSV1)
         U1973(OAI21VHSV1)
         U1972(OAI21VHSV1)
         U1971(NAND2VHSV1)
         U1970(NAND2VHSV1)
         U1969(NAND2BVHSV1)
         U1968(OAI31VHSV1)
         U1967(OAI21VHSV1)
         U1966(NOR2VHSV1)
         U1965(OAI21VHSV1)
         U1964(NAND2VHSV1)
         U1963(NAND2VHSV1)
         U1962(NAND2BVHSV1)
         U1961(OAI31VHSV1)
         U1960(OAI21VHSV1)
         U1959(NOR2VHSV1)
         U1958(OAI21VHSV1)
         U1957(NAND2VHSV1)
         U1956(NAND2VHSV1)
         U1955(NAND2BVHSV1)
         U1954(OAI31VHSV1)
         U1953(OAI21VHSV1)
         U1952(NOR2VHSV1)
         U1951(OAI21VHSV1)
         U1950(NAND2VHSV1)
         U1949(NAND2VHSV1)
         U1948(NAND2BVHSV1)
         U1947(OAI31VHSV1)
         U1946(OAI21VHSV1)
         U1945(NOR2VHSV1)
         U1944(OAI21VHSV1)
         U1943(NAND2VHSV1)
         U1942(NAND2VHSV1)
         U1941(NAND2BVHSV1)
         U1940(OAI31VHSV1)
         U1939(OAI21VHSV1)
         U1938(NOR2VHSV1)
         U1937(OAI21VHSV1)
         U1936(NAND2VHSV1)
         U1935(NAND2VHSV1)
         U1934(NAND2BVHSV1)
         U1933(OAI31VHSV1)
         U1932(OAI21VHSV1)
         U1931(NOR3VHSV1)
         U1930(OAI21VHSV1)
         U1929(NAND2VHSV1)
         U1928(OAI21VHSV1)
         U1927(OAI21VHSV1)
         U1926(NAND2VHSV1)
         U1925(NAND2VHSV1)
         U1924(INVHSV1)
         U1923(OAI21VHSV1)
         U1922(NAND2VHSV1)
         U1921(OAI21VHSV1)
         U1920(MUX2NVHSV1)
         U1919(NAND2VHSV1)
         U1918(NAND2BVHSV1)
         U1917(OAI31VHSV1)
         U1916(OAI21VHSV1)
         U1915(NOR2VHSV1)
         U1914(MUX2NVHSV1)
         U1913(NAND2VHSV1)
         U1912(NAND2BVHSV1)
         U1911(OAI31VHSV1)
         U1910(OAI21VHSV1)
         U1909(NOR2VHSV1)
         U1908(MUX2NVHSV1)
         U1907(NAND2VHSV1)
         U1906(NAND2BVHSV1)
         U1905(OAI31VHSV1)
         U1904(OAI21VHSV1)
         U1903(NOR2VHSV1)
         U1902(MUX2NVHSV1)
         U1901(NAND2VHSV1)
         U1900(NAND2VHSV1)
         U1899(MUX2NVHSV1)
         U1898(NOR2VHSV1)
         U1897(NOR2VHSV1)
         U1896(MUX2NVHSV1)
         U1895(NAND2VHSV1)
         U1894(NAND2VHSV1)
         U1893(MUX2NVHSV1)
         U1892(NOR2VHSV1)
         U1891(NOR2VHSV1)
         U1890(MUX2NVHSV1)
         U1889(NAND2VHSV1)
         U1888(NAND2VHSV1)
         U1887(MUX2NVHSV1)
         U1886(NOR2VHSV1)
         U1885(NOR3VHSV1)
         U1884(MUX2NVHSV1)
         U1883(OAI21VHSV1)
         U1882(INVHSV1)
         U1881(OAI31VHSV1)
         U1880(OAI21VHSV1)
         U1879(INVHSV1)
         U1878(OAI21VHSV1)
         U1877(NAND2VHSV1)
         U1876(OAI21VHSV1)
         U1875(MUX2NVHSV1)
         U1874(NAND2VHSV1)
         U1873(NAND2BVHSV1)
         U1872(INVHSV1)
         U1871(OAI31VHSV1)
         U1870(OAI21VHSV1)
         U1869(NOR2VHSV1)
         U1868(NAND2BVHSV1)
         U1867(NOR2VHSV1)
         U1866(NAND2BVHSV1)
         U1865(NOR2VHSV1)
         U1864(NAND2VHSV1)
         U1863(NOR2VHSV1)
         U1862(NAND2VHSV1)
         U1861(NOR2VHSV1)
         U1860(NAND2VHSV1)
         U1859(NOR3VHSV1)
         U1858(OAI21VHSV1)
         U1857(NAND2VHSV1)
         U1856(NAND2VHSV1)
         U1855(MUX2NVHSV1)
         U1854(NAND2VHSV1)
         U1853(MUX2NVHSV1)
         U1852(NAND2VHSV1)
         U1851(MUX2NVHSV1)
         U1850(NOR2VHSV1)
         U1849(MUX2NVHSV1)
         U1848(NOR2VHSV1)
         U1847(MUX2NVHSV1)
         U1846(OAI21VHSV1)
         U1845(MUX2NVHSV1)
         U1844(NAND2VHSV1)
         U1843(OAI31VHSV1)
         U1842(OAI21VHSV1)
         U1841(INVHSV1)
         U1840(OAI31VHSV1)
         U1839(OAI21VHSV1)
         U1838(MUX2NVHSV1)
         U1837(NAND2VHSV1)
         U1836(OAI31VHSV1)
         U1835(OAI21VHSV1)
         U1834(OAI21VHSV1)
         U1833(NAND2VHSV1)
         U1832(OAI21VHSV1)
         U1831(MUX2NVHSV1)
         U1830(NAND2VHSV1)
         U1829(OAI31VHSV1)
         U1828(OAI21VHSV1)
         U1827(MUX2NVHSV1)
         U1826(NAND2VHSV1)
         U1825(NAND2BVHSV1)
         U1824(MUX2NVHSV1)
         U1823(NAND2VHSV1)
         U1822(OAI21VHSV1)
         U1821(NAND2VHSV1)
         U1820(OAI21VHSV1)
         U1819(INVHSV1)
         U1818(NAND2BVHSV1)
         U1817(NOR2VHSV1)
         U1816(NAND2BVHSV1)
         U1815(NOR2VHSV1)
         U1814(NAND2BVHSV1)
         U1813(NOR2VHSV1)
         U1812(NAND2VHSV1)
         U1811(NOR2VHSV1)
         U1810(NAND2VHSV1)
         U1809(OAI31VHSV1)
         U1808(OAI21VHSV1)
         U1807(NOR2VHSV1)
         U1806(OAI21VHSV1)
         U1805(NAND2VHSV1)
         U1804(NAND2VHSV1)
         U1803(OAI21VHSV1)
         U1802(NAND2VHSV1)
         U1801(OAI21VHSV1)
         U1800(MUX2NVHSV1)
         U1799(NAND2VHSV1)
         U1798(NAND2BVHSV1)
         U1797(OAI31VHSV1)
         U1796(OAI21VHSV1)
         U1795(OAI21VHSV1)
         U1794(NAND2VHSV1)
         U1793(NAND2VHSV1)
         U1792(OAI31VHSV1)
         U1791(OAI21VHSV1)
         U1790(NOR2VHSV1)
         U1789(OAI31VHSV1)
         U1788(OAI21VHSV1)
         U1787(OAI21VHSV1)
         U1786(NAND2VHSV1)
         U1785(NAND2VHSV1)
         U1784(MUX2NVHSV1)
         U1783(NAND2VHSV1)
         U1782(NAND2BVHSV1)
         U1781(OAI31VHSV1)
         U1780(OAI21VHSV1)
         U1779(OAI21VHSV1)
         U1778(NAND2VHSV1)
         U1777(NAND2VHSV1)
         U1776(OAI31VHSV1)
         U1775(OAI21VHSV1)
         U1774(NOR2VHSV1)
         U1773(OAI31VHSV1)
         U1772(OAI21VHSV1)
         U1771(OAI21VHSV1)
         U1770(NAND2VHSV1)
         U1769(NAND2VHSV1)
         U1768(MUX2NVHSV1)
         U1767(NAND2VHSV1)
         U1766(NAND2VHSV1)
         U1765(OAI31VHSV1)
         U1764(OAI21VHSV1)
         U1763(MUX2NVHSV1)
         U1762(NOR2VHSV1)
         U1761(NOR2VHSV1)
         U1760(OAI21VHSV1)
         U1759(NAND2VHSV1)
         U1758(NAND2VHSV1)
         U1757(OAI31VHSV1)
         U1756(OAI21VHSV1)
         U1755(MUX2NVHSV1)
         U1754(NAND2VHSV1)
         U1753(NAND2VHSV1)
         U1752(OAI21VHSV1)
         U1751(NAND2VHSV1)
         U1750(NAND2VHSV1)
         U1749(OAI21VHSV1)
         U1748(NAND2VHSV1)
         U1747(OAI21VHSV1)
         U1746(INVHSV1)
         U1745(NAND2BVHSV1)
         U1744(NOR2VHSV1)
         U1743(NAND2BVHSV1)
         U1742(NOR2VHSV1)
         U1741(NAND2BVHSV1)
         U1740(NOR2VHSV1)
         U1739(NAND2BVHSV1)
         U1738(NOR2VHSV1)
         U1737(NAND2BVHSV1)
         U1736(NOR2VHSV1)
         U1735(NAND2BVHSV1)
         U1734(NOR3VHSV1)
         U1733(MUX2NVHSV1)
         U1732(NOR2VHSV1)
         U1731(NOR2VHSV1)
         U1730(OAI31VHSV1)
         U1729(OAI21VHSV1)
         U1728(MUX2NVHSV1)
         U1727(NAND2VHSV1)
         U1726(NAND2VHSV1)
         U1725(MUX2NVHSV1)
         U1724(OAI21VHSV1)
         U1723(MUX2NVHSV1)
         U1722(NOR2VHSV1)
         U1721(MUX2NVHSV1)
         U1720(NOR2VHSV1)
         U1719(NOR3VHSV1)
         U1718(MUX2NVHSV1)
         U1717(NAND2VHSV1)
         U1716(INVHSV1)
         U1715(MUX2NVHSV1)
         U1714(NOR2VHSV1)
         U1713(NOR2VHSV1)
         U1712(NAND2VHSV1)
         U1711(NOR3VHSV1)
         U1710(OAI21VHSV1)
         U1709(NAND2VHSV1)
         U1708(OAI21VHSV1)
         U1707(MUX2NVHSV1)
         U1706(OAI21VHSV1)
         U1705(INVHSV1)
         U1704(NOR2VHSV1)
         U1702(MUX2NVHSV1)
         U1701(NAND2VHSV1)
         U1700(OAI31VHSV1)
         U1699(OAI21VHSV1)
         U1698(INVHSV1)
         U1697(OAI21VHSV1)
         U1696(NAND2VHSV1)
         U1695(OAI21VHSV1)
         U1694(MUX2NVHSV1)
         U1693(NAND2VHSV1)
         U1692(NAND2BVHSV1)
         U1691(OAI31VHSV1)
         U1690(OAI21VHSV1)
         U1689(NOR2VHSV1)
         U1688(MUX2NVHSV1)
         U1687(NAND2VHSV1)
         U1686(NAND2BVHSV1)
         U1685(OAI31VHSV1)
         U1684(OAI21VHSV1)
         U1683(NOR2VHSV1)
         U1682(MUX2NVHSV1)
         U1681(NAND2VHSV1)
         U1680(NAND2BVHSV1)
         U1679(OAI31VHSV1)
         U1678(OAI21VHSV1)
         U1677(NOR2VHSV1)
         U1676(MUX2NVHSV1)
         U1675(NAND2VHSV1)
         U1674(NAND2VHSV1)
         U1673(MUX2NVHSV1)
         U1672(NOR2VHSV1)
         U1671(NOR2VHSV1)
         U1670(MUX2NVHSV1)
         U1669(NAND2VHSV1)
         U1668(NAND2VHSV1)
         U1667(MUX2NVHSV1)
         U1666(NOR2VHSV1)
         U1665(NOR2VHSV1)
         U1664(MUX2NVHSV1)
         U1663(NAND2VHSV1)
         U1662(NAND2VHSV1)
         U1661(OAI31VHSV1)
         U1660(OAI21VHSV1)
         U1659(MUX2NVHSV1)
         U1658(NOR2VHSV1)
         U1657(NOR3VHSV1)
         U1656(MUX2NVHSV1)
         U1655(OAI21VHSV1)
         U1654(INVHSV1)
         U1653(OAI31VHSV1)
         U1652(OAI21VHSV1)
         U1651(INVHSV1)
         U1650(OAI21VHSV1)
         U1649(NAND2VHSV1)
         U1648(OAI21VHSV1)
         U1647(MUX2NVHSV1)
         U1646(NAND2VHSV1)
         U1645(NAND2BVHSV1)
         U1644(OAI31VHSV1)
         U1643(OAI21VHSV1)
         U1642(NOR2VHSV1)
         U1641(MUX2NVHSV1)
         U1640(NAND2VHSV1)
         U1639(NAND2BVHSV1)
         U1638(OAI31VHSV1)
         U1637(OAI21VHSV1)
         U1636(NOR2VHSV1)
         U1635(NAND2BVHSV1)
         U1634(OAI21VHSV1)
         U1633(NAND2VHSV1)
         U1632(OAI21VHSV1)
         U1631(OAI31VHSV1)
         U1630(OAI21VHSV1)
         U1629(NOR2VHSV1)
         U1628(MUX2NVHSV1)
         U1627(NAND2VHSV1)
         U1626(NAND2VHSV1)
         U1625(MUX2NVHSV1)
         U1624(NOR2VHSV1)
         U1623(NOR2VHSV1)
         U1622(MUX2NVHSV1)
         U1621(NAND2VHSV1)
         U1620(NAND2VHSV1)
         U1619(MUX2NVHSV1)
         U1618(NOR2VHSV1)
         U1617(NOR2VHSV1)
         U1616(MUX2NVHSV1)
         U1615(NAND2VHSV1)
         U1614(NAND2VHSV1)
         U1613(MUX2NVHSV1)
         U1612(NOR2VHSV1)
         U1611(NOR3VHSV1)
         U1610(MUX2NVHSV1)
         U1609(OAI21VHSV1)
         U1608(INVHSV1)
         U1607(OAI31VHSV1)
         U1606(OAI21VHSV1)
         U1605(OAI31VHSV1)
         U1604(OAI21VHSV1)
         U1603(OAI21VHSV1)
         U1602(NAND2VHSV1)
         U1601(NAND2VHSV1)
         U1600(NAND2BVHSV1)
         U1599(OAI31VHSV1)
         U1598(OAI21VHSV1)
         U1597(NOR2VHSV1)
         U1596(OAI21VHSV1)
         U1595(NAND2VHSV1)
         U1594(NAND2VHSV1)
         U1593(NAND2BVHSV1)
         U1592(NOR2VHSV1)
         U1591(OAI21VHSV1)
         U1590(NAND2VHSV1)
         U1589(NAND2VHSV1)
         U1588(OAI31VHSV1)
         U1587(OAI21VHSV1)
         U1586(OAI21VHSV1)
         U1585(NAND2VHSV1)
         U1584(NAND2VHSV1)
         U1583(NAND2BVHSV1)
         U1582(OAI31VHSV1)
         U1581(OAI21VHSV1)
         U1580(NOR2VHSV1)
         U1579(MUX2NVHSV1)
         U1578(NOR2VHSV1)
         U1577(NOR2VHSV1)
         U1576(NAND2VHSV1)
         U1575(NOR3VHSV1)
         U1574(OAI21VHSV1)
         U1573(NAND2VHSV1)
         U1572(NAND2VHSV1)
         U1571(NAND2BVHSV1)
         U1570(NOR2VHSV1)
         U1569(OAI21VHSV1)
         U1568(NAND2VHSV1)
         U1567(NAND2VHSV1)
         U1566(INVHSV1)
         U1565(NAND2BVHSV1)
         U1564(OAI31VHSV1)
         U1563(OAI21VHSV1)
         U1562(NOR2VHSV1)
         U1561(NAND2BVHSV1)
         U1560(NOR3VHSV1)
         U1559(NOR2VHSV1)
         U1558(OAI211VHSV1)
         U1557(NAND4VHSV1)
         U1556(NOR4VHSV1)
         U1555(NAND4VHSV1)
         U1554(NOR4BVHSV1)
         U1553(AOI32VHSV1)
         U1552(NOR4VHSV1)
         U1551(NAND2VHSV1)
         U1550(NAND2VHSV1)
         U1549(NOR4BVHSV1)
         U1548(NOR2VHSV1)
         U1547(NAND4VHSV1)
         U1546(NOR4BVHSV1)
         U1545(NAND2BVHSV1)
         U1544(NOR2VHSV1)
         U1543(NOR4VHSV1)
         U1542(NOR3VHSV1)
         U1541(NOR2VHSV1)
         U1540(NAND3VHSV1)
         U1539(NOR4VHSV1)
         U1538(NOR2VHSV1)
         U1537(NAND3VHSV1)
         U1536(INVHSV1)
         U1535(NOR2VHSV1)
         U1534(NAND2VHSV1)
         U1533(INVHSV1)
         U1532(NOR4VHSV1)
         U1531(INVHSV1)
         U1530(NAND2VHSV1)
         U1529(NAND4VHSV1)
         U1528(OAI21VHSV1)
         U1527(NOR4VHSV1)
         U1526(AND2VHSV1)
         U1525(AND2VHSV1)
         U1524(AND2VHSV1)
         U1523(AND2VHSV1)
         U1522(AND2VHSV1)
         U1521(AND2VHSV1)
         U1520(AND2VHSV1)
         U1519(AND2VHSV1)
         U1518(AND2VHSV1)
         U1517(AND2VHSV1)
         U1516(AND2VHSV1)
         U1515(AND2VHSV1)
         U1514(AND2VHSV1)
         U1513(AND2VHSV1)
         U1512(AND2VHSV1)
         U1511(AND2VHSV1)
         U1510(AND2VHSV1)
         U1509(AND2VHSV1)
         U1508(AND2VHSV1)
         U1507(AND2VHSV1)
         U1506(AND2VHSV1)
         U1505(AND2VHSV1)
         U1504(AND2VHSV1)
         U1502(AND2VHSV1)
         U1458(INVHSV1)
         U1456(INVHSV1)
         U1432(INVHSV1)
         U1422(INVHSV1)
         U1420(INVHSV1)
         U1418(INVHSV1)
         U1408(NOR2BVHSV1)
         p40_reg_0_(DVHSV1)
         sum32_reg_0_(DVHSV1)
         sum32_reg_1_(DVHSV1)
         sum32_reg_2_(DVHSV1)
         sum32_reg_3_(DVHSV1)
         sum32_reg_5_(DVHSV1)
         sum32_reg_6_(DVHSV1)
         sum32_reg_7_(DVHSV1)
         sum32_reg_8_(DVHSV1)
         sum32_reg_9_(DVHSV1)
         sum32_reg_10_(DVHSV1)
         sum32_reg_11_(DVHSV1)
         sum32_reg_12_(DVHSV1)
         sum32_reg_13_(DVHSV1)
         sum32_reg_14_(DVHSV1)
         sum32_reg_15_(DVHSV1)
         sum024_reg_0_(DVHSV1)
         sum024_reg_2_(DVHSV1)
         sum024_reg_3_(DVHSV1)
         sum024_reg_4_(DVHSV1)
         sum024_reg_5_(DVHSV1)
         sum024_reg_6_(DVHSV1)
         sum024_reg_7_(DVHSV1)
         sum024_reg_8_(DVHSV1)
         sum024_reg_9_(DVHSV1)
         sum024_reg_10_(DVHSV1)
         sum024_reg_11_(DVHSV1)
         sum024_reg_12_(DVHSV1)
         sum024_reg_13_(DVHSV1)
         sum024_reg_14_(DVHSV1)
         sum024_reg_15_(DVHSV1)
         sum023_reg_1_(DVHSV1)
         sum023_reg_2_(DVHSV1)
         sum023_reg_3_(DVHSV1)
         sum023_reg_4_(DVHSV1)
         sum023_reg_5_(DVHSV1)
         sum023_reg_6_(DVHSV1)
         sum023_reg_7_(DVHSV1)
         sum023_reg_8_(DVHSV1)
         sum023_reg_9_(DVHSV1)
         sum023_reg_10_(DVHSV1)
         sum023_reg_11_(DVHSV1)
         sum023_reg_12_(DVHSV1)
         sum023_reg_13_(DVHSV1)
         sum023_reg_14_(DVHSV1)
         sum022_reg_0_(DVHSV1)
         sum022_reg_1_(DVHSV1)
         sum022_reg_2_(DVHSV1)
         sum022_reg_3_(DVHSV1)
         sum022_reg_4_(DVHSV1)
         sum022_reg_5_(DVHSV1)
         sum022_reg_6_(DVHSV1)
         sum022_reg_7_(DVHSV1)
         sum022_reg_8_(DVHSV1)
         sum022_reg_9_(DVHSV1)
         sum022_reg_10_(DVHSV1)
         sum022_reg_11_(DVHSV1)
         sum022_reg_12_(DVHSV1)
         sum022_reg_13_(DVHSV1)
         sum022_reg_15_(DVHSV1)
         sum021_reg_0_(DVHSV1)
         sum021_reg_1_(DVHSV1)
         sum021_reg_2_(DVHSV1)
         sum021_reg_3_(DVHSV1)
         sum021_reg_4_(DVHSV1)
         sum021_reg_5_(DVHSV1)
         sum021_reg_6_(DVHSV1)
         sum021_reg_7_(DVHSV1)
         sum021_reg_8_(DVHSV1)
         sum021_reg_9_(DVHSV1)
         sum021_reg_10_(DVHSV1)
         sum021_reg_11_(DVHSV1)
         sum021_reg_12_(DVHSV1)
         sum021_reg_14_(DVHSV1)
         sum021_reg_15_(DVHSV1)
         sum020_reg_0_(DVHSV1)
         sum020_reg_1_(DVHSV1)
         sum020_reg_2_(DVHSV1)
         sum020_reg_3_(DVHSV1)
         sum020_reg_4_(DVHSV1)
         sum020_reg_5_(DVHSV1)
         sum020_reg_6_(DVHSV1)
         sum020_reg_7_(DVHSV1)
         sum020_reg_8_(DVHSV1)
         sum020_reg_9_(DVHSV1)
         sum020_reg_10_(DVHSV1)
         sum020_reg_11_(DVHSV1)
         sum020_reg_13_(DVHSV1)
         sum020_reg_14_(DVHSV1)
         sum020_reg_15_(DVHSV1)
         sum41_reg_15_(DVHSV1)
         sum41_reg_14_(DVHSV1)
         sum41_reg_13_(DVHSV1)
         sum41_reg_12_(DVHSV1)
         sum41_reg_11_(DVHSV1)
         sum41_reg_10_(DVHSV1)
         sum41_reg_9_(DVHSV1)
         sum41_reg_8_(DVHSV1)
         sum41_reg_7_(DVHSV1)
         sum41_reg_5_(DVHSV1)
         sum41_reg_4_(DVHSV1)
         sum41_reg_3_(DVHSV1)
         sum41_reg_2_(DVHSV1)
         sum41_reg_1_(DVHSV1)
         sum41_reg_0_(DVHSV1)
         sum114_reg_1_(DVHSV1)
         sum113_reg_0_(DVHSV1)
         sum113_reg_15_(DVHSV1)
         sum112_reg_14_(DVHSV1)
         sum111_reg_13_(DVHSV1)
         sum110_reg_12_(DVHSV1)
         m43_reg_15_(DVHSV1)
         m41_reg_13_(DVHSV1)
         m40_reg_12_(DVHSV1)
         m33_reg_10_(DVHSV1)
         m32_reg_9_(DVHSV1)
         m15_reg_8_(DVHSV1)
         m30_reg_7_(DVHSV1)
         m23_reg_5_(DVHSV1)
         m22_reg_4_(DVHSV1)
         m21_reg_3_(DVHSV1)
         m20_reg_2_(DVHSV1)
         m13_reg_15_(DVHSV1)
         m10_reg_12_(DVHSV1)
         m03_reg_10_(DVHSV1)
         m02_reg_9_(DVHSV1)
         m01_reg_8_(DVHSV1)
         m00_reg_7_(DVHSV1)
         sum114_reg_0_(DVHSV1)
         sum114_reg_2_(DVHSV1)
         sum114_reg_3_(DVHSV1)
         sum114_reg_4_(DVHSV1)
         sum114_reg_5_(DVHSV1)
         sum114_reg_6_(DVHSV1)
         sum114_reg_7_(DVHSV1)
         sum114_reg_8_(DVHSV1)
         sum114_reg_9_(DVHSV1)
         sum114_reg_10_(DVHSV1)
         sum114_reg_12_(DVHSV1)
         sum114_reg_13_(DVHSV1)
         sum114_reg_14_(DVHSV1)
         sum114_reg_15_(DVHSV1)
         sum113_reg_1_(DVHSV1)
         sum113_reg_2_(DVHSV1)
         sum113_reg_3_(DVHSV1)
         sum113_reg_4_(DVHSV1)
         sum113_reg_5_(DVHSV1)
         sum113_reg_6_(DVHSV1)
         sum113_reg_7_(DVHSV1)
         sum113_reg_8_(DVHSV1)
         sum113_reg_9_(DVHSV1)
         sum113_reg_11_(DVHSV1)
         sum113_reg_12_(DVHSV1)
         sum113_reg_13_(DVHSV1)
         sum113_reg_14_(DVHSV1)
         sum112_reg_0_(DVHSV1)
         sum112_reg_1_(DVHSV1)
         sum112_reg_2_(DVHSV1)
         sum112_reg_3_(DVHSV1)
         sum112_reg_4_(DVHSV1)
         sum112_reg_5_(DVHSV1)
         sum112_reg_6_(DVHSV1)
         sum112_reg_7_(DVHSV1)
         sum112_reg_8_(DVHSV1)
         sum112_reg_10_(DVHSV1)
         sum112_reg_11_(DVHSV1)
         sum112_reg_12_(DVHSV1)
         sum112_reg_13_(DVHSV1)
         sum112_reg_15_(DVHSV1)
         sum111_reg_0_(DVHSV1)
         sum111_reg_1_(DVHSV1)
         sum111_reg_2_(DVHSV1)
         sum111_reg_3_(DVHSV1)
         sum111_reg_4_(DVHSV1)
         sum111_reg_5_(DVHSV1)
         sum111_reg_6_(DVHSV1)
         sum111_reg_7_(DVHSV1)
         sum111_reg_9_(DVHSV1)
         sum111_reg_10_(DVHSV1)
         sum111_reg_11_(DVHSV1)
         sum111_reg_12_(DVHSV1)
         sum111_reg_14_(DVHSV1)
         sum111_reg_15_(DVHSV1)
         sum110_reg_0_(DVHSV1)
         sum110_reg_1_(DVHSV1)
         sum110_reg_2_(DVHSV1)
         sum110_reg_3_(DVHSV1)
         sum110_reg_4_(DVHSV1)
         sum110_reg_5_(DVHSV1)
         sum110_reg_6_(DVHSV1)
         sum110_reg_8_(DVHSV1)
         sum110_reg_9_(DVHSV1)
         sum110_reg_10_(DVHSV1)
         sum110_reg_11_(DVHSV1)
         sum110_reg_13_(DVHSV1)
         sum110_reg_14_(DVHSV1)
         sum110_reg_15_(DVHSV1)
         p30_reg_0_(DVHSV1)
         p20_reg_0_(DVHSV1)
         p10_reg_0_(DVHSV1)
         p00_reg_0_(DVHSV1)
         m43_reg_1_(DVHSV1)
         m43_reg_2_(DVHSV1)
         m43_reg_3_(DVHSV1)
         m43_reg_4_(DVHSV1)
         m43_reg_5_(DVHSV1)
         m43_reg_6_(DVHSV1)
         m43_reg_7_(DVHSV1)
         m43_reg_8_(DVHSV1)
         m43_reg_9_(DVHSV1)
         m43_reg_10_(DVHSV1)
         m43_reg_11_(DVHSV1)
         m43_reg_12_(DVHSV1)
         m43_reg_13_(DVHSV1)
         m43_reg_14_(DVHSV1)
         m42_reg_1_(DVHSV1)
         m42_reg_2_(DVHSV1)
         m42_reg_3_(DVHSV1)
         m42_reg_4_(DVHSV1)
         m42_reg_5_(DVHSV1)
         m42_reg_6_(DVHSV1)
         m42_reg_7_(DVHSV1)
         m42_reg_8_(DVHSV1)
         m42_reg_9_(DVHSV1)
         m42_reg_10_(DVHSV1)
         m42_reg_11_(DVHSV1)
         m42_reg_12_(DVHSV1)
         m42_reg_13_(DVHSV1)
         m42_reg_14_(DVHSV1)
         m42_reg_15_(DVHSV1)
         m41_reg_2_(DVHSV1)
         m41_reg_3_(DVHSV1)
         m41_reg_4_(DVHSV1)
         m41_reg_5_(DVHSV1)
         m41_reg_7_(DVHSV1)
         m41_reg_8_(DVHSV1)
         m41_reg_9_(DVHSV1)
         m41_reg_10_(DVHSV1)
         m41_reg_12_(DVHSV1)
         m41_reg_14_(DVHSV1)
         m41_reg_15_(DVHSV1)
         m40_reg_1_(DVHSV1)
         m40_reg_2_(DVHSV1)
         m40_reg_3_(DVHSV1)
         m40_reg_5_(DVHSV1)
         m40_reg_6_(DVHSV1)
         m40_reg_7_(DVHSV1)
         m40_reg_8_(DVHSV1)
         m40_reg_9_(DVHSV1)
         m40_reg_10_(DVHSV1)
         m40_reg_11_(DVHSV1)
         m40_reg_13_(DVHSV1)
         m40_reg_14_(DVHSV1)
         m40_reg_15_(DVHSV1)
         m33_reg_1_(DVHSV1)
         m33_reg_3_(DVHSV1)
         m33_reg_4_(DVHSV1)
         m33_reg_5_(DVHSV1)
         m33_reg_6_(DVHSV1)
         m33_reg_7_(DVHSV1)
         m33_reg_8_(DVHSV1)
         m33_reg_9_(DVHSV1)
         m33_reg_11_(DVHSV1)
         m33_reg_12_(DVHSV1)
         m33_reg_13_(DVHSV1)
         m33_reg_14_(DVHSV1)
         m33_reg_15_(DVHSV1)
         m32_reg_2_(DVHSV1)
         m32_reg_3_(DVHSV1)
         m32_reg_4_(DVHSV1)
         m32_reg_5_(DVHSV1)
         m32_reg_7_(DVHSV1)
         m32_reg_8_(DVHSV1)
         m32_reg_10_(DVHSV1)
         m32_reg_12_(DVHSV1)
         m32_reg_13_(DVHSV1)
         m32_reg_14_(DVHSV1)
         m32_reg_15_(DVHSV1)
         m15_reg_1_(DVHSV1)
         m15_reg_2_(DVHSV1)
         m15_reg_3_(DVHSV1)
         m15_reg_4_(DVHSV1)
         m15_reg_5_(DVHSV1)
         m15_reg_6_(DVHSV1)
         m15_reg_7_(DVHSV1)
         m15_reg_9_(DVHSV1)
         m15_reg_10_(DVHSV1)
         m15_reg_11_(DVHSV1)
         m15_reg_12_(DVHSV1)
         m15_reg_13_(DVHSV1)
         m15_reg_14_(DVHSV1)
         m15_reg_15_(DVHSV1)
         m30_reg_1_(DVHSV1)
         m30_reg_2_(DVHSV1)
         m30_reg_3_(DVHSV1)
         m30_reg_4_(DVHSV1)
         m30_reg_5_(DVHSV1)
         m30_reg_6_(DVHSV1)
         m30_reg_8_(DVHSV1)
         m30_reg_9_(DVHSV1)
         m30_reg_10_(DVHSV1)
         m30_reg_11_(DVHSV1)
         m30_reg_12_(DVHSV1)
         m30_reg_13_(DVHSV1)
         m30_reg_14_(DVHSV1)
         m30_reg_15_(DVHSV1)
         m23_reg_1_(DVHSV1)
         m23_reg_2_(DVHSV1)
         m23_reg_3_(DVHSV1)
         m23_reg_4_(DVHSV1)
         m23_reg_6_(DVHSV1)
         m23_reg_7_(DVHSV1)
         m23_reg_8_(DVHSV1)
         m23_reg_9_(DVHSV1)
         m23_reg_10_(DVHSV1)
         m23_reg_11_(DVHSV1)
         m23_reg_12_(DVHSV1)
         m23_reg_14_(DVHSV1)
         m23_reg_15_(DVHSV1)
         m22_reg_1_(DVHSV1)
         m22_reg_2_(DVHSV1)
         m22_reg_3_(DVHSV1)
         m22_reg_5_(DVHSV1)
         m22_reg_6_(DVHSV1)
         m22_reg_7_(DVHSV1)
         m22_reg_8_(DVHSV1)
         m22_reg_9_(DVHSV1)
         m22_reg_10_(DVHSV1)
         m22_reg_11_(DVHSV1)
         m22_reg_12_(DVHSV1)
         m22_reg_13_(DVHSV1)
         m22_reg_15_(DVHSV1)
         m21_reg_1_(DVHSV1)
         m21_reg_2_(DVHSV1)
         m21_reg_4_(DVHSV1)
         m21_reg_5_(DVHSV1)
         m21_reg_6_(DVHSV1)
         m21_reg_7_(DVHSV1)
         m21_reg_8_(DVHSV1)
         m21_reg_9_(DVHSV1)
         m21_reg_10_(DVHSV1)
         m21_reg_11_(DVHSV1)
         m21_reg_12_(DVHSV1)
         m21_reg_13_(DVHSV1)
         m21_reg_14_(DVHSV1)
         m20_reg_1_(DVHSV1)
         m20_reg_3_(DVHSV1)
         m20_reg_4_(DVHSV1)
         m20_reg_5_(DVHSV1)
         m20_reg_6_(DVHSV1)
         m20_reg_7_(DVHSV1)
         m20_reg_9_(DVHSV1)
         m20_reg_10_(DVHSV1)
         m20_reg_11_(DVHSV1)
         m20_reg_12_(DVHSV1)
         m20_reg_13_(DVHSV1)
         m20_reg_14_(DVHSV1)
         m20_reg_15_(DVHSV1)
         m13_reg_1_(DVHSV1)
         m13_reg_2_(DVHSV1)
         m13_reg_3_(DVHSV1)
         m13_reg_4_(DVHSV1)
         m13_reg_5_(DVHSV1)
         m13_reg_6_(DVHSV1)
         m13_reg_7_(DVHSV1)
         m13_reg_8_(DVHSV1)
         m13_reg_10_(DVHSV1)
         m13_reg_11_(DVHSV1)
         m13_reg_12_(DVHSV1)
         m13_reg_13_(DVHSV1)
         m13_reg_14_(DVHSV1)
         m12_reg_1_(DVHSV1)
         m12_reg_2_(DVHSV1)
         m12_reg_3_(DVHSV1)
         m12_reg_4_(DVHSV1)
         m12_reg_5_(DVHSV1)
         m12_reg_6_(DVHSV1)
         m12_reg_7_(DVHSV1)
         m12_reg_8_(DVHSV1)
         m12_reg_9_(DVHSV1)
         m12_reg_11_(DVHSV1)
         m12_reg_12_(DVHSV1)
         m12_reg_13_(DVHSV1)
         m12_reg_14_(DVHSV1)
         m12_reg_15_(DVHSV1)
         m11_reg_1_(DVHSV1)
         m11_reg_2_(DVHSV1)
         m11_reg_3_(DVHSV1)
         m11_reg_4_(DVHSV1)
         m11_reg_5_(DVHSV1)
         m11_reg_6_(DVHSV1)
         m11_reg_7_(DVHSV1)
         m11_reg_8_(DVHSV1)
         m11_reg_9_(DVHSV1)
         m11_reg_10_(DVHSV1)
         m11_reg_11_(DVHSV1)
         m11_reg_12_(DVHSV1)
         m11_reg_14_(DVHSV1)
         m11_reg_15_(DVHSV1)
         m10_reg_1_(DVHSV1)
         m10_reg_2_(DVHSV1)
         m10_reg_3_(DVHSV1)
         m10_reg_4_(DVHSV1)
         m10_reg_5_(DVHSV1)
         m10_reg_7_(DVHSV1)
         m10_reg_8_(DVHSV1)
         m10_reg_9_(DVHSV1)
         m10_reg_10_(DVHSV1)
         m10_reg_11_(DVHSV1)
         m10_reg_13_(DVHSV1)
         m10_reg_14_(DVHSV1)
         m10_reg_15_(DVHSV1)
         m03_reg_1_(DVHSV1)
         m03_reg_2_(DVHSV1)
         m03_reg_3_(DVHSV1)
         m03_reg_4_(DVHSV1)
         m03_reg_6_(DVHSV1)
         m03_reg_7_(DVHSV1)
         m03_reg_8_(DVHSV1)
         m03_reg_9_(DVHSV1)
         m03_reg_11_(DVHSV1)
         m03_reg_12_(DVHSV1)
         m03_reg_13_(DVHSV1)
         m03_reg_14_(DVHSV1)
         m03_reg_15_(DVHSV1)
         m02_reg_1_(DVHSV1)
         m02_reg_2_(DVHSV1)
         m02_reg_3_(DVHSV1)
         m02_reg_4_(DVHSV1)
         m02_reg_5_(DVHSV1)
         m02_reg_7_(DVHSV1)
         m02_reg_8_(DVHSV1)
         m02_reg_10_(DVHSV1)
         m02_reg_11_(DVHSV1)
         m02_reg_12_(DVHSV1)
         m02_reg_13_(DVHSV1)
         m02_reg_14_(DVHSV1)
         m02_reg_15_(DVHSV1)
         m01_reg_1_(DVHSV1)
         m01_reg_2_(DVHSV1)
         m01_reg_3_(DVHSV1)
         m01_reg_4_(DVHSV1)
         m01_reg_5_(DVHSV1)
         m01_reg_6_(DVHSV1)
         m01_reg_7_(DVHSV1)
         m01_reg_9_(DVHSV1)
         m01_reg_10_(DVHSV1)
         m01_reg_12_(DVHSV1)
         m01_reg_13_(DVHSV1)
         m01_reg_14_(DVHSV1)
         m01_reg_15_(DVHSV1)
         m00_reg_1_(DVHSV1)
         m00_reg_2_(DVHSV1)
         m00_reg_3_(DVHSV1)
         m00_reg_5_(DVHSV1)
         m00_reg_6_(DVHSV1)
         m00_reg_8_(DVHSV1)
         m00_reg_9_(DVHSV1)
         m00_reg_10_(DVHSV1)
         m00_reg_11_(DVHSV1)
         m00_reg_12_(DVHSV1)
         m00_reg_13_(DVHSV1)
         m00_reg_14_(DVHSV1)
         m00_reg_15_(DVHSV1)
         intadd_0_U2(AD1VHSV1C)
         intadd_0_U3(AD1VHSV1C)
         intadd_0_U4(AD1VHSV1C)
         intadd_0_U5(AD1VHSV1C)
         intadd_0_U6(AD1VHSV1C)
         intadd_0_U7(AD1VHSV1C)
         intadd_0_U8(AD1VHSV1C)
         intadd_0_U9(AD1VHSV1C)
         intadd_0_U10(AD1VHSV1C)
         intadd_0_U11(AD1VHSV1C)
         intadd_0_U12(AD1VHSV1C)
         intadd_0_U13(AD1VHSV1C)
         intadd_0_U14(AD1VHSV1C)
         intadd_0_U15(AD1VHSV1C)
         intadd_1_U11(AD1VHSV1C)
         intadd_2_U13(AD1VHSV1C)
         intadd_3_U14(AD1VHSV1C)
         intadd_4_U15(AD1VHSV1C)
         intadd_6_U2(AD1VHSV1C)
         intadd_7_U3(AD1VHSV1C)
         intadd_8_U4(AD1VHSV1C)
         intadd_9_U10(AD1VHSV1C)
         intadd_10_U11(AD1VHSV1C)
         intadd_11_U12(AD1VHSV1C)
         intadd_12_U13(AD1VHSV1C)
         intadd_13_U14(AD1VHSV1C)
         intadd_14_U5(AD1VHSV1C)
         intadd_15_U6(AD1VHSV1C)
         intadd_16_U7(AD1VHSV1C)
         intadd_17_U8(AD1VHSV1C)
         intadd_18_U9(AD1VHSV1C)
         intadd_19_U10(AD1VHSV1C)
         intadd_20_U11(AD1VHSV1C)
         intadd_21_U12(AD1VHSV1C)
         intadd_22_U13(AD1VHSV1C)
         intadd_23_U14(AD1VHSV1C)
         intadd_1_U15(AD1VHSV1C)
         intadd_1_U14(AD1VHSV1C)
         intadd_1_U13(AD1VHSV1C)
         intadd_1_U12(AD1VHSV1C)
         intadd_1_U10(AD1VHSV1C)
         intadd_1_U9(AD1VHSV1C)
         intadd_1_U8(AD1VHSV1C)
         intadd_1_U7(AD1VHSV1C)
         intadd_1_U6(AD1VHSV1C)
         intadd_1_U5(AD1VHSV1C)
         intadd_1_U4(AD1VHSV1C)
         intadd_1_U3(AD1VHSV1C)
         intadd_1_U2(AD1VHSV1C)
         intadd_2_U15(AD1VHSV1C)
         intadd_2_U14(AD1VHSV1C)
         intadd_2_U12(AD1VHSV1C)
         intadd_2_U11(AD1VHSV1C)
         intadd_2_U10(AD1VHSV1C)
         intadd_2_U9(AD1VHSV1C)
         intadd_2_U8(AD1VHSV1C)
         intadd_2_U7(AD1VHSV1C)
         intadd_2_U6(AD1VHSV1C)
         intadd_2_U5(AD1VHSV1C)
         intadd_2_U4(AD1VHSV1C)
         intadd_2_U3(AD1VHSV1C)
         intadd_2_U2(AD1VHSV1C)
         intadd_3_U15(AD1VHSV1C)
         intadd_3_U13(AD1VHSV1C)
         intadd_3_U12(AD1VHSV1C)
         intadd_3_U11(AD1VHSV1C)
         intadd_3_U10(AD1VHSV1C)
         intadd_3_U9(AD1VHSV1C)
         intadd_3_U8(AD1VHSV1C)
         intadd_3_U7(AD1VHSV1C)
         intadd_3_U6(AD1VHSV1C)
         intadd_3_U5(AD1VHSV1C)
         intadd_3_U4(AD1VHSV1C)
         intadd_3_U3(AD1VHSV1C)
         intadd_3_U2(AD1VHSV1C)
         intadd_4_U14(AD1VHSV1C)
         intadd_4_U13(AD1VHSV1C)
         intadd_4_U12(AD1VHSV1C)
         intadd_4_U11(AD1VHSV1C)
         intadd_4_U10(AD1VHSV1C)
         intadd_4_U9(AD1VHSV1C)
         intadd_4_U8(AD1VHSV1C)
         intadd_4_U7(AD1VHSV1C)
         intadd_4_U6(AD1VHSV1C)
         intadd_4_U5(AD1VHSV1C)
         intadd_4_U4(AD1VHSV1C)
         intadd_4_U3(AD1VHSV1C)
         intadd_4_U2(AD1VHSV1C)
         intadd_5_U15(AD1VHSV1C)
         intadd_5_U14(AD1VHSV1C)
         intadd_5_U13(AD1VHSV1C)
         intadd_5_U12(AD1VHSV1C)
         intadd_5_U11(AD1VHSV1C)
         intadd_5_U10(AD1VHSV1C)
         intadd_5_U9(AD1VHSV1C)
         intadd_5_U8(AD1VHSV1C)
         intadd_5_U7(AD1VHSV1C)
         intadd_5_U6(AD1VHSV1C)
         intadd_5_U5(AD1VHSV1C)
         intadd_5_U4(AD1VHSV1C)
         intadd_5_U3(AD1VHSV1C)
         intadd_5_U2(AD1VHSV1C)
         intadd_6_U15(AD1VHSV1C)
         intadd_6_U14(AD1VHSV1C)
         intadd_6_U13(AD1VHSV1C)
         intadd_6_U12(AD1VHSV1C)
         intadd_6_U11(AD1VHSV1C)
         intadd_6_U10(AD1VHSV1C)
         intadd_6_U9(AD1VHSV1C)
         intadd_6_U8(AD1VHSV1C)
         intadd_6_U7(AD1VHSV1C)
         intadd_6_U6(AD1VHSV1C)
         intadd_6_U5(AD1VHSV1C)
         intadd_6_U4(AD1VHSV1C)
         intadd_6_U3(AD1VHSV1C)
         intadd_7_U15(AD1VHSV1C)
         intadd_7_U14(AD1VHSV1C)
         intadd_7_U13(AD1VHSV1C)
         intadd_7_U12(AD1VHSV1C)
         intadd_7_U11(AD1VHSV1C)
         intadd_7_U10(AD1VHSV1C)
         intadd_7_U9(AD1VHSV1C)
         intadd_7_U8(AD1VHSV1C)
         intadd_7_U7(AD1VHSV1C)
         intadd_7_U6(AD1VHSV1C)
         intadd_7_U5(AD1VHSV1C)
         intadd_7_U4(AD1VHSV1C)
         intadd_7_U2(AD1VHSV1C)
         intadd_8_U15(AD1VHSV1C)
         intadd_8_U14(AD1VHSV1C)
         intadd_8_U13(AD1VHSV1C)
         intadd_8_U12(AD1VHSV1C)
         intadd_8_U11(AD1VHSV1C)
         intadd_8_U10(AD1VHSV1C)
         intadd_8_U9(AD1VHSV1C)
         intadd_8_U8(AD1VHSV1C)
         intadd_8_U7(AD1VHSV1C)
         intadd_8_U6(AD1VHSV1C)
         intadd_8_U5(AD1VHSV1C)
         intadd_8_U3(AD1VHSV1C)
         intadd_8_U2(AD1VHSV1C)
         intadd_9_U15(AD1VHSV1C)
         intadd_9_U14(AD1VHSV1C)
         intadd_9_U13(AD1VHSV1C)
         intadd_9_U12(AD1VHSV1C)
         intadd_9_U11(AD1VHSV1C)
         intadd_9_U9(AD1VHSV1C)
         intadd_9_U8(AD1VHSV1C)
         intadd_9_U7(AD1VHSV1C)
         intadd_9_U6(AD1VHSV1C)
         intadd_9_U5(AD1VHSV1C)
         intadd_9_U4(AD1VHSV1C)
         intadd_9_U3(AD1VHSV1C)
         intadd_9_U2(AD1VHSV1C)
         intadd_10_U15(AD1VHSV1C)
         intadd_10_U14(AD1VHSV1C)
         intadd_10_U13(AD1VHSV1C)
         intadd_10_U12(AD1VHSV1C)
         intadd_10_U10(AD1VHSV1C)
         intadd_10_U9(AD1VHSV1C)
         intadd_10_U8(AD1VHSV1C)
         intadd_10_U7(AD1VHSV1C)
         intadd_10_U6(AD1VHSV1C)
         intadd_10_U5(AD1VHSV1C)
         intadd_10_U4(AD1VHSV1C)
         intadd_10_U3(AD1VHSV1C)
         intadd_10_U2(AD1VHSV1C)
         intadd_11_U15(AD1VHSV1C)
         intadd_11_U14(AD1VHSV1C)
         intadd_11_U13(AD1VHSV1C)
         intadd_11_U11(AD1VHSV1C)
         intadd_11_U10(AD1VHSV1C)
         intadd_11_U9(AD1VHSV1C)
         intadd_11_U8(AD1VHSV1C)
         intadd_11_U7(AD1VHSV1C)
         intadd_11_U6(AD1VHSV1C)
         intadd_11_U5(AD1VHSV1C)
         intadd_11_U4(AD1VHSV1C)
         intadd_11_U3(AD1VHSV1C)
         intadd_11_U2(AD1VHSV1C)
         intadd_12_U15(AD1VHSV1C)
         intadd_12_U14(AD1VHSV1C)
         intadd_12_U12(AD1VHSV1C)
         intadd_12_U11(AD1VHSV1C)
         intadd_12_U10(AD1VHSV1C)
         intadd_12_U9(AD1VHSV1C)
         intadd_12_U8(AD1VHSV1C)
         intadd_12_U7(AD1VHSV1C)
         intadd_12_U6(AD1VHSV1C)
         intadd_12_U5(AD1VHSV1C)
         intadd_12_U4(AD1VHSV1C)
         intadd_12_U3(AD1VHSV1C)
         intadd_12_U2(AD1VHSV1C)
         intadd_13_U15(AD1VHSV1C)
         intadd_13_U13(AD1VHSV1C)
         intadd_13_U12(AD1VHSV1C)
         intadd_13_U11(AD1VHSV1C)
         intadd_13_U10(AD1VHSV1C)
         intadd_13_U9(AD1VHSV1C)
         intadd_13_U8(AD1VHSV1C)
         intadd_13_U7(AD1VHSV1C)
         intadd_13_U6(AD1VHSV1C)
         intadd_13_U5(AD1VHSV1C)
         intadd_13_U4(AD1VHSV1C)
         intadd_13_U3(AD1VHSV1C)
         intadd_13_U2(AD1VHSV1C)
         intadd_14_U15(AD1VHSV1C)
         intadd_14_U14(AD1VHSV1C)
         intadd_14_U13(AD1VHSV1C)
         intadd_14_U12(AD1VHSV1C)
         intadd_14_U11(AD1VHSV1C)
         intadd_14_U10(AD1VHSV1C)
         intadd_14_U9(AD1VHSV1C)
         intadd_14_U8(AD1VHSV1C)
         intadd_14_U7(AD1VHSV1C)
         intadd_14_U6(AD1VHSV1C)
         intadd_14_U4(AD1VHSV1C)
         intadd_14_U3(AD1VHSV1C)
         intadd_14_U2(AD1VHSV1C)
         intadd_15_U15(AD1VHSV1C)
         intadd_15_U14(AD1VHSV1C)
         intadd_15_U13(AD1VHSV1C)
         intadd_15_U12(AD1VHSV1C)
         intadd_15_U11(AD1VHSV1C)
         intadd_15_U10(AD1VHSV1C)
         intadd_15_U9(AD1VHSV1C)
         intadd_15_U8(AD1VHSV1C)
         intadd_15_U7(AD1VHSV1C)
         intadd_15_U5(AD1VHSV1C)
         intadd_15_U4(AD1VHSV1C)
         intadd_15_U3(AD1VHSV1C)
         intadd_15_U2(AD1VHSV1C)
         intadd_16_U15(AD1VHSV1C)
         intadd_16_U14(AD1VHSV1C)
         intadd_16_U13(AD1VHSV1C)
         intadd_16_U12(AD1VHSV1C)
         intadd_16_U11(AD1VHSV1C)
         intadd_16_U10(AD1VHSV1C)
         intadd_16_U9(AD1VHSV1C)
         intadd_16_U8(AD1VHSV1C)
         intadd_16_U6(AD1VHSV1C)
         intadd_16_U5(AD1VHSV1C)
         intadd_16_U4(AD1VHSV1C)
         intadd_16_U3(AD1VHSV1C)
         intadd_16_U2(AD1VHSV1C)
         intadd_17_U15(AD1VHSV1C)
         intadd_17_U14(AD1VHSV1C)
         intadd_17_U13(AD1VHSV1C)
         intadd_17_U12(AD1VHSV1C)
         intadd_17_U11(AD1VHSV1C)
         intadd_17_U10(AD1VHSV1C)
         intadd_17_U9(AD1VHSV1C)
         intadd_17_U7(AD1VHSV1C)
         intadd_17_U6(AD1VHSV1C)
         intadd_17_U5(AD1VHSV1C)
         intadd_17_U4(AD1VHSV1C)
         intadd_17_U3(AD1VHSV1C)
         intadd_17_U2(AD1VHSV1C)
         intadd_18_U15(AD1VHSV1C)
         intadd_18_U14(AD1VHSV1C)
         intadd_18_U13(AD1VHSV1C)
         intadd_18_U12(AD1VHSV1C)
         intadd_18_U11(AD1VHSV1C)
         intadd_18_U10(AD1VHSV1C)
         intadd_18_U8(AD1VHSV1C)
         intadd_18_U7(AD1VHSV1C)
         intadd_18_U6(AD1VHSV1C)
         intadd_18_U5(AD1VHSV1C)
         intadd_18_U4(AD1VHSV1C)
         intadd_18_U3(AD1VHSV1C)
         intadd_18_U2(AD1VHSV1C)
         intadd_19_U15(AD1VHSV1C)
         intadd_19_U14(AD1VHSV1C)
         intadd_19_U13(AD1VHSV1C)
         intadd_19_U12(AD1VHSV1C)
         intadd_19_U11(AD1VHSV1C)
         intadd_19_U9(AD1VHSV1C)
         intadd_19_U8(AD1VHSV1C)
         intadd_19_U7(AD1VHSV1C)
         intadd_19_U6(AD1VHSV1C)
         intadd_19_U5(AD1VHSV1C)
         intadd_19_U4(AD1VHSV1C)
         intadd_19_U3(AD1VHSV1C)
         intadd_19_U2(AD1VHSV1C)
         intadd_20_U15(AD1VHSV1C)
         intadd_20_U14(AD1VHSV1C)
         intadd_20_U13(AD1VHSV1C)
         intadd_20_U12(AD1VHSV1C)
         intadd_20_U10(AD1VHSV1C)
         intadd_20_U9(AD1VHSV1C)
         intadd_20_U8(AD1VHSV1C)
         intadd_20_U7(AD1VHSV1C)
         intadd_20_U6(AD1VHSV1C)
         intadd_20_U5(AD1VHSV1C)
         intadd_20_U4(AD1VHSV1C)
         intadd_20_U3(AD1VHSV1C)
         intadd_20_U2(AD1VHSV1C)
         intadd_21_U15(AD1VHSV1C)
         intadd_21_U14(AD1VHSV1C)
         intadd_21_U13(AD1VHSV1C)
         intadd_21_U11(AD1VHSV1C)
         intadd_21_U10(AD1VHSV1C)
         intadd_21_U9(AD1VHSV1C)
         intadd_21_U8(AD1VHSV1C)
         intadd_21_U7(AD1VHSV1C)
         intadd_21_U6(AD1VHSV1C)
         intadd_21_U5(AD1VHSV1C)
         intadd_21_U4(AD1VHSV1C)
         intadd_21_U3(AD1VHSV1C)
         intadd_21_U2(AD1VHSV1C)
         intadd_22_U15(AD1VHSV1C)
         intadd_22_U14(AD1VHSV1C)
         intadd_22_U12(AD1VHSV1C)
         intadd_22_U11(AD1VHSV1C)
         intadd_22_U10(AD1VHSV1C)
         intadd_22_U9(AD1VHSV1C)
         intadd_22_U8(AD1VHSV1C)
         intadd_22_U7(AD1VHSV1C)
         intadd_22_U6(AD1VHSV1C)
         intadd_22_U5(AD1VHSV1C)
         intadd_22_U4(AD1VHSV1C)
         intadd_22_U3(AD1VHSV1C)
         intadd_22_U2(AD1VHSV1C)
         intadd_23_U15(AD1VHSV1C)
         intadd_23_U13(AD1VHSV1C)
         intadd_23_U12(AD1VHSV1C)
         intadd_23_U11(AD1VHSV1C)
         intadd_23_U10(AD1VHSV1C)
         intadd_23_U9(AD1VHSV1C)
         intadd_23_U8(AD1VHSV1C)
         intadd_23_U7(AD1VHSV1C)
         intadd_23_U6(AD1VHSV1C)
         intadd_23_U5(AD1VHSV1C)
         intadd_23_U4(AD1VHSV1C)
         intadd_23_U3(AD1VHSV1C)
         intadd_23_U2(AD1VHSV1C)
         wt_data_reg_15_(DVHSV1)
         wt_data_reg_14_(DVHSV1)
         wt_data_reg_13_(DVHSV1)
         wt_data_reg_12_(DVHSV1)
         wt_data_reg_11_(DVHSV1)
         wt_data_reg_10_(DVHSV1)
         wt_data_reg_9_(DVHSV1)
         wt_data_reg_8_(DVHSV1)
         wt_data_reg_7_(DVHSV1)
         wt_data_reg_6_(DVHSV1)
         wt_data_reg_5_(DVHSV1)
         wt_data_reg_4_(DVHSV1)
         wt_data_reg_3_(DVHSV1)
         wt_data_reg_2_(DVHSV1)
         wt_data_reg_1_(DVHSV1)
         wt_data_reg_0_(DVHSV1)
         sum_valid_reg(EDQVHSV1)
         weight_addr_reg_0_(DRNQVHSV1)
         weight_addr_reg_2_(DRNQVHSV1)
         cnt2_reg_9_(DVHSV1)
         cnt2_reg_8_(DVHSV1)
         cnt2_reg_7_(DVHSV1)
         cnt2_reg_6_(DVHSV1)
         cnt2_reg_5_(DVHSV1)
         cnt2_reg_4_(DVHSV1)
         cnt2_reg_3_(DVHSV1)
         cnt2_reg_2_(DVHSV1)
         cnt2_reg_0_(DVHSV1)
         cnt1_reg_0_(DVHSV1)
         cnt1_reg_1_(DVHSV1)
         cnt1_reg_2_(DVHSV1)
         cnt1_reg_3_(DVHSV1)
         cnt1_reg_4_(DVHSV1)
         cnt1_reg_5_(DVHSV1)
         cnt1_reg_6_(DVHSV1)
         cnt1_reg_7_(DVHSV1)
         cnt1_reg_8_(DVHSV1)
         cnt1_reg_9_(DVHSV1)
         cnt1_reg_10_(DVHSV1)
         cnt1_reg_11_(DVHSV1)
         cnt1_reg_13_(DVHSV1)
         cnt1_reg_14_(DVHSV1)
         cnt1_reg_15_(DVHSV1)
         cnt1_reg_16_(DVHSV1)
         cnt1_reg_17_(DVHSV1)
         cnt1_reg_18_(DVHSV1)
         cnt1_reg_19_(DVHSV1)
         sum40_reg_0_(DVHSV1)
         sum40_reg_1_(DVHSV1)
         sum40_reg_2_(DVHSV1)
         sum40_reg_3_(DVHSV1)
         sum40_reg_4_(DVHSV1)
         sum40_reg_6_(DVHSV1)
         sum40_reg_7_(DVHSV1)
         sum40_reg_8_(DVHSV1)
         sum40_reg_9_(DVHSV1)
         sum40_reg_10_(DVHSV1)
         sum40_reg_11_(DVHSV1)
         sum40_reg_12_(DVHSV1)
         sum40_reg_13_(DVHSV1)
         sum40_reg_14_(DVHSV1)
         sum40_reg_15_(DVHSV1)
         sum21_reg_0_(DVHSV1)
         sum21_reg_1_(DVHSV1)
         sum21_reg_2_(DVHSV1)
         sum21_reg_4_(DVHSV1)
         sum21_reg_5_(DVHSV1)
         sum21_reg_6_(DVHSV1)
         sum21_reg_7_(DVHSV1)
         sum21_reg_8_(DVHSV1)
         sum21_reg_9_(DVHSV1)
         sum21_reg_10_(DVHSV1)
         sum21_reg_11_(DVHSV1)
         sum21_reg_12_(DVHSV1)
         sum21_reg_13_(DVHSV1)
         sum21_reg_14_(DVHSV1)
         sum21_reg_15_(DVHSV1)
         sum30_reg_0_(DVHSV1)
         sum30_reg_1_(DVHSV1)
         sum30_reg_3_(DVHSV1)
         sum30_reg_4_(DVHSV1)
         sum30_reg_5_(DVHSV1)
         sum30_reg_6_(DVHSV1)
         sum30_reg_7_(DVHSV1)
         sum30_reg_8_(DVHSV1)
         sum30_reg_9_(DVHSV1)
         sum30_reg_10_(DVHSV1)
         sum30_reg_11_(DVHSV1)
         sum30_reg_12_(DVHSV1)
         sum30_reg_13_(DVHSV1)
         sum30_reg_14_(DVHSV1)
         sum30_reg_15_(DVHSV1)
         sum204_reg_0_(DVHSV1)
         sum204_reg_2_(DVHSV1)
         sum204_reg_3_(DVHSV1)
         sum204_reg_4_(DVHSV1)
         sum204_reg_5_(DVHSV1)
         sum204_reg_6_(DVHSV1)
         sum204_reg_7_(DVHSV1)
         sum204_reg_8_(DVHSV1)
         sum204_reg_9_(DVHSV1)
         sum204_reg_10_(DVHSV1)
         sum204_reg_11_(DVHSV1)
         sum204_reg_12_(DVHSV1)
         sum204_reg_13_(DVHSV1)
         sum204_reg_14_(DVHSV1)
         sum204_reg_15_(DVHSV1)
         sum203_reg_1_(DVHSV1)
         sum203_reg_2_(DVHSV1)
         sum203_reg_3_(DVHSV1)
         sum203_reg_4_(DVHSV1)
         sum203_reg_5_(DVHSV1)
         sum203_reg_6_(DVHSV1)
         sum203_reg_7_(DVHSV1)
         sum203_reg_8_(DVHSV1)
         sum203_reg_9_(DVHSV1)
         sum203_reg_10_(DVHSV1)
         sum203_reg_11_(DVHSV1)
         sum203_reg_12_(DVHSV1)
         sum203_reg_13_(DVHSV1)
         sum203_reg_14_(DVHSV1)
         sum202_reg_0_(DVHSV1)
         sum202_reg_1_(DVHSV1)
         sum202_reg_2_(DVHSV1)
         sum202_reg_3_(DVHSV1)
         sum202_reg_4_(DVHSV1)
         sum202_reg_5_(DVHSV1)
         sum202_reg_6_(DVHSV1)
         sum202_reg_7_(DVHSV1)
         sum202_reg_8_(DVHSV1)
         sum202_reg_9_(DVHSV1)
         sum202_reg_10_(DVHSV1)
         sum202_reg_11_(DVHSV1)
         sum202_reg_12_(DVHSV1)
         sum202_reg_13_(DVHSV1)
         sum202_reg_15_(DVHSV1)
         sum201_reg_0_(DVHSV1)
         sum201_reg_1_(DVHSV1)
         sum201_reg_2_(DVHSV1)
         sum201_reg_3_(DVHSV1)
         sum201_reg_4_(DVHSV1)
         sum201_reg_5_(DVHSV1)
         sum201_reg_6_(DVHSV1)
         sum201_reg_7_(DVHSV1)
         sum201_reg_8_(DVHSV1)
         sum201_reg_9_(DVHSV1)
         sum201_reg_10_(DVHSV1)
         sum201_reg_11_(DVHSV1)
         sum201_reg_12_(DVHSV1)
         sum201_reg_14_(DVHSV1)
         sum201_reg_15_(DVHSV1)
         sum200_reg_0_(DVHSV1)
         sum200_reg_1_(DVHSV1)
         sum200_reg_2_(DVHSV1)
         sum200_reg_3_(DVHSV1)
         sum200_reg_4_(DVHSV1)
         sum200_reg_5_(DVHSV1)
         sum200_reg_6_(DVHSV1)
         sum200_reg_7_(DVHSV1)
         sum200_reg_8_(DVHSV1)
         sum200_reg_9_(DVHSV1)
         sum200_reg_10_(DVHSV1)
         sum200_reg_11_(DVHSV1)
         sum200_reg_13_(DVHSV1)
         sum200_reg_14_(DVHSV1)
         sum200_reg_15_(DVHSV1)
         sum104_reg_0_(DVHSV1)
         sum104_reg_1_(DVHSV1)
         sum104_reg_2_(DVHSV1)
         sum104_reg_3_(DVHSV1)
         sum104_reg_4_(DVHSV1)
         sum104_reg_5_(DVHSV1)
         sum104_reg_7_(DVHSV1)
         sum104_reg_8_(DVHSV1)
         sum104_reg_9_(DVHSV1)
         sum104_reg_10_(DVHSV1)
         sum104_reg_11_(DVHSV1)
         sum104_reg_12_(DVHSV1)
         sum104_reg_13_(DVHSV1)
         sum104_reg_14_(DVHSV1)
         sum104_reg_15_(DVHSV1)
         sum103_reg_0_(DVHSV1)
         sum103_reg_1_(DVHSV1)
         sum103_reg_2_(DVHSV1)
         sum103_reg_3_(DVHSV1)
         sum103_reg_4_(DVHSV1)
         sum103_reg_6_(DVHSV1)
         sum103_reg_7_(DVHSV1)
         sum103_reg_8_(DVHSV1)
         sum103_reg_9_(DVHSV1)
         sum103_reg_10_(DVHSV1)
         sum103_reg_11_(DVHSV1)
         sum103_reg_12_(DVHSV1)
         sum103_reg_13_(DVHSV1)
         sum103_reg_14_(DVHSV1)
         sum103_reg_15_(DVHSV1)
         sum102_reg_0_(DVHSV1)
         sum102_reg_1_(DVHSV1)
         sum102_reg_2_(DVHSV1)
         sum102_reg_3_(DVHSV1)
         sum102_reg_5_(DVHSV1)
         sum102_reg_6_(DVHSV1)
         sum102_reg_7_(DVHSV1)
         sum102_reg_8_(DVHSV1)
         sum102_reg_9_(DVHSV1)
         sum102_reg_10_(DVHSV1)
         sum102_reg_11_(DVHSV1)
         sum102_reg_12_(DVHSV1)
         sum102_reg_13_(DVHSV1)
         sum102_reg_14_(DVHSV1)
         sum102_reg_15_(DVHSV1)
         sum101_reg_0_(DVHSV1)
         sum101_reg_1_(DVHSV1)
         sum101_reg_2_(DVHSV1)
         sum101_reg_4_(DVHSV1)
         sum101_reg_5_(DVHSV1)
         sum101_reg_6_(DVHSV1)
         sum101_reg_7_(DVHSV1)
         sum101_reg_8_(DVHSV1)
         sum101_reg_9_(DVHSV1)
         sum101_reg_10_(DVHSV1)
         sum101_reg_11_(DVHSV1)
         sum101_reg_12_(DVHSV1)
         sum101_reg_13_(DVHSV1)
         sum101_reg_14_(DVHSV1)
         sum101_reg_15_(DVHSV1)
         sum100_reg_0_(DVHSV1)
         sum100_reg_1_(DVHSV1)
         sum100_reg_3_(DVHSV1)
         sum100_reg_4_(DVHSV1)
         sum100_reg_5_(DVHSV1)
         sum100_reg_6_(DVHSV1)
         sum100_reg_7_(DVHSV1)
         sum100_reg_8_(DVHSV1)
         sum100_reg_9_(DVHSV1)
         sum100_reg_10_(DVHSV1)
         sum100_reg_11_(DVHSV1)
         sum100_reg_12_(DVHSV1)
         sum100_reg_13_(DVHSV1)
         sum100_reg_14_(DVHSV1)
         sum100_reg_15_(DVHSV1)
         sum014_reg_0_(DVHSV1)
         sum014_reg_1_(DVHSV1)
         sum014_reg_2_(DVHSV1)
         sum014_reg_3_(DVHSV1)
         sum014_reg_4_(DVHSV1)
         sum014_reg_5_(DVHSV1)
         sum014_reg_6_(DVHSV1)
         sum014_reg_7_(DVHSV1)
         sum014_reg_8_(DVHSV1)
         sum014_reg_9_(DVHSV1)
         sum014_reg_10_(DVHSV1)
         sum014_reg_12_(DVHSV1)
         sum014_reg_13_(DVHSV1)
         sum014_reg_14_(DVHSV1)
         sum014_reg_15_(DVHSV1)
         sum013_reg_0_(DVHSV1)
         sum013_reg_1_(DVHSV1)
         sum013_reg_2_(DVHSV1)
         sum013_reg_3_(DVHSV1)
         sum013_reg_4_(DVHSV1)
         sum013_reg_5_(DVHSV1)
         sum013_reg_6_(DVHSV1)
         sum013_reg_7_(DVHSV1)
         sum013_reg_8_(DVHSV1)
         sum013_reg_9_(DVHSV1)
         sum013_reg_11_(DVHSV1)
         sum013_reg_12_(DVHSV1)
         sum013_reg_13_(DVHSV1)
         sum013_reg_14_(DVHSV1)
         sum013_reg_15_(DVHSV1)
         sum012_reg_0_(DVHSV1)
         sum012_reg_1_(DVHSV1)
         sum012_reg_2_(DVHSV1)
         sum012_reg_3_(DVHSV1)
         sum012_reg_4_(DVHSV1)
         sum012_reg_5_(DVHSV1)
         sum012_reg_6_(DVHSV1)
         sum012_reg_7_(DVHSV1)
         sum012_reg_8_(DVHSV1)
         sum012_reg_10_(DVHSV1)
         sum012_reg_11_(DVHSV1)
         sum012_reg_12_(DVHSV1)
         sum012_reg_13_(DVHSV1)
         sum012_reg_14_(DVHSV1)
         sum012_reg_15_(DVHSV1)
         sum011_reg_0_(DVHSV1)
         sum011_reg_1_(DVHSV1)
         sum011_reg_2_(DVHSV1)
         sum011_reg_3_(DVHSV1)
         sum011_reg_4_(DVHSV1)
         sum011_reg_5_(DVHSV1)
         sum011_reg_6_(DVHSV1)
         sum011_reg_7_(DVHSV1)
         sum011_reg_9_(DVHSV1)
         sum011_reg_10_(DVHSV1)
         sum011_reg_11_(DVHSV1)
         sum011_reg_12_(DVHSV1)
         sum011_reg_13_(DVHSV1)
         sum011_reg_14_(DVHSV1)
         sum011_reg_15_(DVHSV1)
         sum010_reg_0_(DVHSV1)
         sum010_reg_1_(DVHSV1)
         sum010_reg_2_(DVHSV1)
         sum010_reg_3_(DVHSV1)
         sum010_reg_4_(DVHSV1)
         sum010_reg_5_(DVHSV1)
         sum010_reg_6_(DVHSV1)
         sum010_reg_8_(DVHSV1)
         sum010_reg_9_(DVHSV1)
         sum010_reg_10_(DVHSV1)
         sum010_reg_11_(DVHSV1)
         sum010_reg_12_(DVHSV1)
         sum010_reg_13_(DVHSV1)
         sum010_reg_14_(DVHSV1)
         sum010_reg_15_(DVHSV1)
         sum004_reg_0_(DVHSV1)
         sum004_reg_1_(DVHSV1)
         sum004_reg_2_(DVHSV1)
         sum004_reg_3_(DVHSV1)
         sum004_reg_4_(DVHSV1)
         sum004_reg_5_(DVHSV1)
         sum004_reg_7_(DVHSV1)
         sum004_reg_8_(DVHSV1)
         sum004_reg_9_(DVHSV1)
         sum004_reg_10_(DVHSV1)
         sum004_reg_11_(DVHSV1)
         sum004_reg_12_(DVHSV1)
         sum004_reg_13_(DVHSV1)
         sum004_reg_14_(DVHSV1)
         sum004_reg_15_(DVHSV1)
         sum003_reg_0_(DVHSV1)
         sum003_reg_1_(DVHSV1)
         sum003_reg_2_(DVHSV1)
         sum003_reg_3_(DVHSV1)
         sum003_reg_4_(DVHSV1)
         sum003_reg_6_(DVHSV1)
         sum003_reg_7_(DVHSV1)
         sum003_reg_8_(DVHSV1)
         sum003_reg_9_(DVHSV1)
         sum003_reg_10_(DVHSV1)
         sum003_reg_11_(DVHSV1)
         sum003_reg_12_(DVHSV1)
         sum003_reg_13_(DVHSV1)
         sum003_reg_14_(DVHSV1)
         sum003_reg_15_(DVHSV1)
         sum002_reg_0_(DVHSV1)
         sum002_reg_1_(DVHSV1)
         sum002_reg_2_(DVHSV1)
         sum002_reg_3_(DVHSV1)
         sum002_reg_5_(DVHSV1)
         sum002_reg_6_(DVHSV1)
         sum002_reg_7_(DVHSV1)
         sum002_reg_8_(DVHSV1)
         sum002_reg_9_(DVHSV1)
         sum002_reg_10_(DVHSV1)
         sum002_reg_11_(DVHSV1)
         sum002_reg_12_(DVHSV1)
         sum002_reg_13_(DVHSV1)
         sum002_reg_14_(DVHSV1)
         sum002_reg_15_(DVHSV1)
         sum001_reg_0_(DVHSV1)
         sum001_reg_1_(DVHSV1)
         sum001_reg_2_(DVHSV1)
         sum001_reg_4_(DVHSV1)
         sum001_reg_5_(DVHSV1)
         sum001_reg_6_(DVHSV1)
         sum001_reg_7_(DVHSV1)
         sum001_reg_8_(DVHSV1)
         sum001_reg_9_(DVHSV1)
         sum001_reg_10_(DVHSV1)
         sum001_reg_11_(DVHSV1)
         sum001_reg_12_(DVHSV1)
         sum001_reg_13_(DVHSV1)
         sum001_reg_14_(DVHSV1)
         sum001_reg_15_(DVHSV1)
         sum000_reg_0_(DVHSV1)
         sum000_reg_1_(DVHSV1)
         sum000_reg_3_(DVHSV1)
         sum000_reg_4_(DVHSV1)
         sum000_reg_5_(DVHSV1)
         sum000_reg_6_(DVHSV1)
         sum000_reg_7_(DVHSV1)
         sum000_reg_8_(DVHSV1)
         sum000_reg_9_(DVHSV1)
         sum000_reg_10_(DVHSV1)
         sum000_reg_11_(DVHSV1)
         sum000_reg_12_(DVHSV1)
         sum000_reg_13_(DVHSV1)
         sum000_reg_14_(DVHSV1)
         sum000_reg_15_(DVHSV1)
         p44_reg_0_(DQNVHSV1)
         p44_reg_2_(DVHSV1)
         p44_reg_3_(DVHSV1)
         p44_reg_4_(DVHSV1)
         p44_reg_5_(DVHSV1)
         p44_reg_6_(DVHSV1)
         p44_reg_7_(DVHSV1)
         p44_reg_8_(DVHSV1)
         p44_reg_9_(DVHSV1)
         p44_reg_10_(DVHSV1)
         p44_reg_11_(DVHSV1)
         p44_reg_12_(DVHSV1)
         p44_reg_13_(DVHSV1)
         p44_reg_14_(DVHSV1)
         p44_reg_15_(DVHSV1)
         p43_reg_1_(DVHSV1)
         p43_reg_2_(DVHSV1)
         p43_reg_3_(DVHSV1)
         p43_reg_4_(DVHSV1)
         p43_reg_5_(DVHSV1)
         p43_reg_6_(DVHSV1)
         p43_reg_7_(DVHSV1)
         p43_reg_8_(DVHSV1)
         p43_reg_9_(DVHSV1)
         p43_reg_10_(DVHSV1)
         p43_reg_11_(DVHSV1)
         p43_reg_12_(DVHSV1)
         p43_reg_13_(DVHSV1)
         p43_reg_14_(DVHSV1)
         p42_reg_0_(DQNVHSV1)
         p42_reg_1_(DVHSV1)
         p42_reg_2_(DVHSV1)
         p42_reg_3_(DVHSV1)
         p42_reg_4_(DVHSV1)
         p42_reg_5_(DVHSV1)
         p42_reg_6_(DVHSV1)
         p42_reg_7_(DVHSV1)
         p42_reg_8_(DVHSV1)
         p42_reg_9_(DVHSV1)
         p42_reg_10_(DVHSV1)
         p42_reg_11_(DVHSV1)
         p42_reg_12_(DVHSV1)
         p42_reg_13_(DVHSV1)
         p42_reg_15_(DVHSV1)
         p41_reg_0_(DQNVHSV1)
         p41_reg_1_(DVHSV1)
         p41_reg_2_(DVHSV1)
         p41_reg_3_(DVHSV1)
         p41_reg_4_(DVHSV1)
         p41_reg_5_(DVHSV1)
         p41_reg_6_(DVHSV1)
         p41_reg_7_(DVHSV1)
         p41_reg_8_(DVHSV1)
         p41_reg_9_(DVHSV1)
         p41_reg_10_(DVHSV1)
         p41_reg_11_(DVHSV1)
         p41_reg_12_(DVHSV1)
         p41_reg_14_(DVHSV1)
         p41_reg_15_(DVHSV1)
         p40_reg_1_(DVHSV1)
         p40_reg_2_(DVHSV1)
         p40_reg_3_(DVHSV1)
         p40_reg_4_(DVHSV1)
         p40_reg_5_(DVHSV1)
         p40_reg_6_(DVHSV1)
         p40_reg_7_(DVHSV1)
         p40_reg_8_(DVHSV1)
         p40_reg_9_(DVHSV1)
         p40_reg_10_(DVHSV1)
         p40_reg_11_(DVHSV1)
         p40_reg_13_(DVHSV1)
         p40_reg_14_(DVHSV1)
         p40_reg_15_(DVHSV1)
         p34_reg_0_(DQNVHSV1)
         p34_reg_1_(DVHSV1)
         p34_reg_2_(DVHSV1)
         p34_reg_3_(DVHSV1)
         p34_reg_4_(DVHSV1)
         p34_reg_5_(DVHSV1)
         p34_reg_6_(DVHSV1)
         p34_reg_7_(DVHSV1)
         p34_reg_8_(DVHSV1)
         p34_reg_9_(DVHSV1)
         p34_reg_10_(DVHSV1)
         p34_reg_12_(DVHSV1)
         p34_reg_13_(DVHSV1)
         p34_reg_14_(DVHSV1)
         p34_reg_15_(DVHSV1)
         p33_reg_0_(DQNVHSV1)
         p33_reg_1_(DVHSV1)
         p33_reg_2_(DVHSV1)
         p33_reg_3_(DVHSV1)
         p33_reg_4_(DVHSV1)
         p33_reg_5_(DVHSV1)
         p33_reg_6_(DVHSV1)
         p33_reg_7_(DVHSV1)
         p33_reg_8_(DVHSV1)
         p33_reg_9_(DVHSV1)
         p33_reg_11_(DVHSV1)
         p33_reg_12_(DVHSV1)
         p33_reg_13_(DVHSV1)
         p33_reg_14_(DVHSV1)
         p33_reg_15_(DVHSV1)
         p32_reg_0_(DQNVHSV1)
         p32_reg_1_(DVHSV1)
         p32_reg_2_(DVHSV1)
         p32_reg_3_(DVHSV1)
         p32_reg_4_(DVHSV1)
         p32_reg_5_(DVHSV1)
         p32_reg_6_(DVHSV1)
         p32_reg_7_(DVHSV1)
         p32_reg_8_(DVHSV1)
         p32_reg_10_(DVHSV1)
         p32_reg_11_(DVHSV1)
         p32_reg_12_(DVHSV1)
         p32_reg_13_(DVHSV1)
         p32_reg_14_(DVHSV1)
         p32_reg_15_(DVHSV1)
         p15_reg_0_(DQNVHSV1)
         p15_reg_1_(DVHSV1)
         p15_reg_2_(DVHSV1)
         p15_reg_3_(DVHSV1)
         p15_reg_4_(DVHSV1)
         p15_reg_5_(DVHSV1)
         p15_reg_6_(DVHSV1)
         p15_reg_7_(DVHSV1)
         p15_reg_9_(DVHSV1)
         p15_reg_10_(DVHSV1)
         p15_reg_11_(DVHSV1)
         p15_reg_12_(DVHSV1)
         p15_reg_13_(DVHSV1)
         p15_reg_14_(DVHSV1)
         p15_reg_15_(DVHSV1)
         p30_reg_1_(DVHSV1)
         p30_reg_2_(DVHSV1)
         p30_reg_3_(DVHSV1)
         p30_reg_4_(DVHSV1)
         p30_reg_5_(DVHSV1)
         p30_reg_6_(DVHSV1)
         p30_reg_8_(DVHSV1)
         p30_reg_9_(DVHSV1)
         p30_reg_10_(DVHSV1)
         p30_reg_11_(DVHSV1)
         p30_reg_12_(DVHSV1)
         p30_reg_13_(DVHSV1)
         p30_reg_14_(DVHSV1)
         p30_reg_15_(DVHSV1)
         p24_reg_0_(DQNVHSV1)
         p24_reg_1_(DVHSV1)
         p24_reg_2_(DVHSV1)
         p24_reg_3_(DVHSV1)
         p24_reg_4_(DVHSV1)
         p24_reg_5_(DVHSV1)
         p24_reg_7_(DVHSV1)
         p24_reg_8_(DVHSV1)
         p24_reg_9_(DVHSV1)
         p24_reg_10_(DVHSV1)
         p24_reg_11_(DVHSV1)
         p24_reg_12_(DVHSV1)
         p24_reg_13_(DVHSV1)
         p24_reg_14_(DVHSV1)
         p24_reg_15_(DVHSV1)
         p23_reg_0_(DQNVHSV1)
         p23_reg_1_(DVHSV1)
         p23_reg_2_(DVHSV1)
         p23_reg_3_(DVHSV1)
         p23_reg_4_(DVHSV1)
         p23_reg_6_(DVHSV1)
         p23_reg_7_(DVHSV1)
         p23_reg_8_(DVHSV1)
         p23_reg_9_(DVHSV1)
         p23_reg_10_(DVHSV1)
         p23_reg_11_(DVHSV1)
         p23_reg_12_(DVHSV1)
         p23_reg_13_(DVHSV1)
         p23_reg_14_(DVHSV1)
         p23_reg_15_(DVHSV1)
         p22_reg_0_(DQNVHSV1)
         p22_reg_1_(DVHSV1)
         p22_reg_2_(DVHSV1)
         p22_reg_3_(DVHSV1)
         p22_reg_5_(DVHSV1)
         p22_reg_6_(DVHSV1)
         p22_reg_7_(DVHSV1)
         p22_reg_8_(DVHSV1)
         p22_reg_9_(DVHSV1)
         p22_reg_10_(DVHSV1)
         p22_reg_11_(DVHSV1)
         p22_reg_12_(DVHSV1)
         p22_reg_13_(DVHSV1)
         p22_reg_14_(DVHSV1)
         p22_reg_15_(DVHSV1)
         p21_reg_0_(DQNVHSV1)
         p21_reg_1_(DVHSV1)
         p21_reg_2_(DVHSV1)
         p21_reg_4_(DVHSV1)
         p21_reg_5_(DVHSV1)
         p21_reg_6_(DVHSV1)
         p21_reg_7_(DVHSV1)
         p21_reg_8_(DVHSV1)
         p21_reg_9_(DVHSV1)
         p21_reg_10_(DVHSV1)
         p21_reg_11_(DVHSV1)
         p21_reg_12_(DVHSV1)
         p21_reg_13_(DVHSV1)
         p21_reg_14_(DVHSV1)
         p21_reg_15_(DVHSV1)
         p20_reg_1_(DVHSV1)
         p20_reg_3_(DVHSV1)
         p20_reg_4_(DVHSV1)
         p20_reg_5_(DVHSV1)
         p20_reg_6_(DVHSV1)
         p20_reg_7_(DVHSV1)
         p20_reg_8_(DVHSV1)
         p20_reg_9_(DVHSV1)
         p20_reg_10_(DVHSV1)
         p20_reg_11_(DVHSV1)
         p20_reg_12_(DVHSV1)
         p20_reg_13_(DVHSV1)
         p20_reg_14_(DVHSV1)
         p20_reg_15_(DVHSV1)
         p14_reg_0_(DQNVHSV1)
         p14_reg_2_(DVHSV1)
         p14_reg_3_(DVHSV1)
         p14_reg_4_(DVHSV1)
         p14_reg_5_(DVHSV1)
         p14_reg_6_(DVHSV1)
         p14_reg_7_(DVHSV1)
         p14_reg_8_(DVHSV1)
         p14_reg_9_(DVHSV1)
         p14_reg_10_(DVHSV1)
         p14_reg_11_(DVHSV1)
         p14_reg_12_(DVHSV1)
         p14_reg_13_(DVHSV1)
         p14_reg_14_(DVHSV1)
         p14_reg_15_(DVHSV1)
         p13_reg_1_(DVHSV1)
         p13_reg_2_(DVHSV1)
         p13_reg_3_(DVHSV1)
         p13_reg_4_(DVHSV1)
         p13_reg_5_(DVHSV1)
         p13_reg_6_(DVHSV1)
         p13_reg_7_(DVHSV1)
         p13_reg_8_(DVHSV1)
         p13_reg_9_(DVHSV1)
         p13_reg_10_(DVHSV1)
         p13_reg_11_(DVHSV1)
         p13_reg_12_(DVHSV1)
         p13_reg_13_(DVHSV1)
         p13_reg_14_(DVHSV1)
         p12_reg_0_(DQNVHSV1)
         p12_reg_1_(DVHSV1)
         p12_reg_2_(DVHSV1)
         p12_reg_3_(DVHSV1)
         p12_reg_4_(DVHSV1)
         p12_reg_5_(DVHSV1)
         p12_reg_6_(DVHSV1)
         p12_reg_7_(DVHSV1)
         p12_reg_8_(DVHSV1)
         p12_reg_9_(DVHSV1)
         p12_reg_10_(DVHSV1)
         p12_reg_11_(DVHSV1)
         p12_reg_12_(DVHSV1)
         p12_reg_13_(DVHSV1)
         p12_reg_15_(DVHSV1)
         p11_reg_0_(DQNVHSV1)
         p11_reg_1_(DVHSV1)
         p11_reg_2_(DVHSV1)
         p11_reg_3_(DVHSV1)
         p11_reg_4_(DVHSV1)
         p11_reg_5_(DVHSV1)
         p11_reg_6_(DVHSV1)
         p11_reg_7_(DVHSV1)
         p11_reg_8_(DVHSV1)
         p11_reg_9_(DVHSV1)
         p11_reg_10_(DVHSV1)
         p11_reg_11_(DVHSV1)
         p11_reg_12_(DVHSV1)
         p11_reg_14_(DVHSV1)
         p11_reg_15_(DVHSV1)
         p10_reg_1_(DVHSV1)
         p10_reg_2_(DVHSV1)
         p10_reg_3_(DVHSV1)
         p10_reg_4_(DVHSV1)
         p10_reg_5_(DVHSV1)
         p10_reg_6_(DVHSV1)
         p10_reg_7_(DVHSV1)
         p10_reg_8_(DVHSV1)
         p10_reg_9_(DVHSV1)
         p10_reg_10_(DVHSV1)
         p10_reg_11_(DVHSV1)
         p10_reg_13_(DVHSV1)
         p10_reg_14_(DVHSV1)
         p10_reg_15_(DVHSV1)
         p04_reg_0_(DQNVHSV1)
         p04_reg_1_(DVHSV1)
         p04_reg_2_(DVHSV1)
         p04_reg_3_(DVHSV1)
         p04_reg_4_(DVHSV1)
         p04_reg_5_(DVHSV1)
         p04_reg_6_(DVHSV1)
         p04_reg_7_(DVHSV1)
         p04_reg_8_(DVHSV1)
         p04_reg_9_(DVHSV1)
         p04_reg_10_(DVHSV1)
         p04_reg_12_(DVHSV1)
         p04_reg_13_(DVHSV1)
         p04_reg_14_(DVHSV1)
         p04_reg_15_(DVHSV1)
         p03_reg_0_(DQNVHSV1)
         p03_reg_1_(DVHSV1)
         p03_reg_2_(DVHSV1)
         p03_reg_3_(DVHSV1)
         p03_reg_4_(DVHSV1)
         p03_reg_5_(DVHSV1)
         p03_reg_6_(DVHSV1)
         p03_reg_7_(DVHSV1)
         p03_reg_8_(DVHSV1)
         p03_reg_9_(DVHSV1)
         p03_reg_11_(DVHSV1)
         p03_reg_12_(DVHSV1)
         p03_reg_13_(DVHSV1)
         p03_reg_14_(DVHSV1)
         p03_reg_15_(DVHSV1)
         p02_reg_0_(DQNVHSV1)
         p02_reg_1_(DVHSV1)
         p02_reg_2_(DVHSV1)
         p02_reg_3_(DVHSV1)
         p02_reg_4_(DVHSV1)
         p02_reg_5_(DVHSV1)
         p02_reg_6_(DVHSV1)
         p02_reg_7_(DVHSV1)
         p02_reg_8_(DVHSV1)
         p02_reg_10_(DVHSV1)
         p02_reg_11_(DVHSV1)
         p02_reg_12_(DVHSV1)
         p02_reg_13_(DVHSV1)
         p02_reg_14_(DVHSV1)
         p02_reg_15_(DVHSV1)
         p01_reg_0_(DQNVHSV1)
         p01_reg_1_(DVHSV1)
         p01_reg_2_(DVHSV1)
         p01_reg_3_(DVHSV1)
         p01_reg_4_(DVHSV1)
         p01_reg_5_(DVHSV1)
         p01_reg_6_(DVHSV1)
         p01_reg_7_(DVHSV1)
         p01_reg_9_(DVHSV1)
         p01_reg_10_(DVHSV1)
         p01_reg_11_(DVHSV1)
         p01_reg_12_(DVHSV1)
         p01_reg_13_(DVHSV1)
         p01_reg_14_(DVHSV1)
         p01_reg_15_(DVHSV1)
         p00_reg_1_(DVHSV1)
         p00_reg_2_(DVHSV1)
         p00_reg_3_(DVHSV1)
         p00_reg_4_(DVHSV1)
         p00_reg_5_(DVHSV1)
         p00_reg_6_(DVHSV1)
         p00_reg_8_(DVHSV1)
         p00_reg_9_(DVHSV1)
         p00_reg_10_(DVHSV1)
         p00_reg_11_(DVHSV1)
         p00_reg_12_(DVHSV1)
         p00_reg_13_(DVHSV1)
         p00_reg_14_(DVHSV1)
         p00_reg_15_(DVHSV1)
         weight_addr_reg_3_(DRNQVHSV1)
         weight_addr_reg_4_(DRNQVHSV1)
         weight_addr_reg_5_(DRNQVHSV1)
         weight_addr_reg_6_(DRNQVHSV1)
         weight_addr_reg_7_(DRNQVHSV1)
         m30_reg_0_(DQNVHSV1)
         m15_reg_0_(DQNVHSV1)
         m32_reg_0_(DQNVHSV1)
         m33_reg_0_(DQNVHSV1)
         m20_reg_0_(DQNVHSV1)
         m22_reg_0_(DQNVHSV1)
         m23_reg_0_(DQNVHSV1)
         m10_reg_0_(DQNVHSV1)
         m11_reg_0_(DQNVHSV1)
         m12_reg_0_(DQNVHSV1)
         m13_reg_0_(DQNVHSV1)
         m00_reg_0_(DQNVHSV1)
         m01_reg_0_(DQNVHSV1)
         m02_reg_0_(DQNVHSV1)
         m03_reg_0_(DQNVHSV1)
         m40_reg_0_(DQNVHSV1)
         m41_reg_0_(DQNVHSV1)
         m42_reg_0_(DQNVHSV1)
         m43_reg_0_(DQNVHSV1)
         k42_reg(EDRNQVHSV1)
         k15_reg(EDRNQVHSV1)
         k11_reg(EDRNQVHSV1)
         k20_reg(EDRNQVHSV1)
         k22_reg(EDRNQVHSV1)
         k13_reg(EDRNQVHSV1)
         k24_reg(EDRNQVHSV1)
         k40_reg(EDRNQVHSV1)
         k21_reg(EDRNQVHSV1)
         weight_addr_reg_1_(DRNQVHSV1)
         k14_reg(EDRNQVHSV1)
         k41_reg(EDRNQVHSV1)
         k43_reg(EDRNQVHSV1)
         k34_reg(EDRNQVHSV1)
         k23_reg(EDRNQVHSV1)
         k30_reg(EDRNQVHSV1)
         k32_reg(EDRNQVHSV1)
         k00_reg(EDRNQVHSV1)
         k01_reg(EDRNQVHSV1)
         k02_reg(EDRNQVHSV1)
         k04_reg(EDRNQVHSV1)
         k10_reg(EDRNQVHSV1)
         k12_reg(EDRNQVHSV1)
         k44_reg(EDRNQVHSV1)
         sum_valid_ff_reg(DVHSV1)
         cnt2_reg_1_(DVHSV1)
         cnt1_reg_12_(DVHSV1)
         sum41_reg_6_(DVHSV1)
         sum40_reg_5_(DVHSV1)
         sum32_reg_4_(DVHSV1)
         sum21_reg_3_(DVHSV1)
         sum30_reg_2_(DVHSV1)
         sum204_reg_1_(DVHSV1)
         sum203_reg_0_(DVHSV1)
         sum203_reg_15_(DVHSV1)
         sum202_reg_14_(DVHSV1)
         sum201_reg_13_(DVHSV1)
         sum200_reg_12_(DVHSV1)
         sum114_reg_11_(DVHSV1)
         sum113_reg_10_(DVHSV1)
         sum112_reg_9_(DVHSV1)
         sum111_reg_8_(DVHSV1)
         sum110_reg_7_(DVHSV1)
         sum104_reg_6_(DVHSV1)
         sum103_reg_5_(DVHSV1)
         sum102_reg_4_(DVHSV1)
         sum101_reg_3_(DVHSV1)
         sum100_reg_2_(DVHSV1)
         sum024_reg_1_(DVHSV1)
         sum023_reg_0_(DVHSV1)
         sum023_reg_15_(DVHSV1)
         sum022_reg_14_(DVHSV1)
         sum021_reg_13_(DVHSV1)
         sum020_reg_12_(DVHSV1)
         sum014_reg_11_(DVHSV1)
         sum013_reg_10_(DVHSV1)
         sum012_reg_9_(DVHSV1)
         sum011_reg_8_(DVHSV1)
         sum010_reg_7_(DVHSV1)
         sum004_reg_6_(DVHSV1)
         sum003_reg_5_(DVHSV1)
         sum002_reg_4_(DVHSV1)
         sum001_reg_3_(DVHSV1)
         sum000_reg_2_(DVHSV1)
         p44_reg_1_(DVHSV1)
         p43_reg_0_(DQNVHSV1)
         p43_reg_15_(DVHSV1)
         p42_reg_14_(DVHSV1)
         p41_reg_13_(DVHSV1)
         p40_reg_12_(DVHSV1)
         p34_reg_11_(DVHSV1)
         p33_reg_10_(DVHSV1)
         p32_reg_9_(DVHSV1)
         p15_reg_8_(DVHSV1)
         p30_reg_7_(DVHSV1)
         p24_reg_6_(DVHSV1)
         p23_reg_5_(DVHSV1)
         p22_reg_4_(DVHSV1)
         p21_reg_3_(DVHSV1)
         p20_reg_2_(DVHSV1)
         p14_reg_1_(DVHSV1)
         p13_reg_0_(DQNVHSV1)
         p13_reg_15_(DVHSV1)
         p12_reg_14_(DVHSV1)
         p11_reg_13_(DVHSV1)
         p10_reg_12_(DVHSV1)
         p04_reg_11_(DVHSV1)
         p03_reg_10_(DVHSV1)
         p02_reg_9_(DVHSV1)
         p01_reg_8_(DVHSV1)
         p00_reg_7_(DVHSV1)
         k33_reg(EDRNQVHSV1)
         k03_reg(EDRNQVHSV1)
         m32_reg_1_(DVHSV1)
         m32_reg_6_(DVHSV1)
         m32_reg_11_(DVHSV1)
         m33_reg_2_(DVHSV1)
         m21_reg_0_(DQNVHSV1)
         m20_reg_8_(DVHSV1)
         m21_reg_15_(DVHSV1)
         m22_reg_14_(DVHSV1)
         m23_reg_13_(DVHSV1)
         m10_reg_6_(DVHSV1)
         m11_reg_13_(DVHSV1)
         m12_reg_10_(DVHSV1)
         m13_reg_9_(DVHSV1)
         m00_reg_4_(DVHSV1)
         m01_reg_11_(DVHSV1)
         m02_reg_6_(DVHSV1)
         m03_reg_5_(DVHSV1)
         m40_reg_4_(DVHSV1)
         m41_reg_1_(DVHSV1)
         m41_reg_6_(DVHSV1)
         m41_reg_11_(DVHSV1)
********************************************************************************
1
