 
****************************************
Report : constraint
        -all_violators
Design : conv
Version: K-2015.06
Date   : Sat Nov 23 09:00:13 2024
****************************************


   max_transition

                             Required        Actual
   Net                      Transition     Transition        Slack
   -----------------------------------------------------------------
   done                         0.60           2.14          -1.54  (VIOLATED)
       PORT :  done             0.60           2.14          -1.54  (VIOLATED)
       PIN :   U1480/ZN         0.60           2.14          -1.54  (VIOLATED)
   ovalid                       0.60           2.14          -1.54  (VIOLATED)
       PORT :  ovalid           0.60           2.14          -1.54  (VIOLATED)
       PIN :   U1482/ZN         0.60           2.14          -1.54  (VIOLATED)
   dout[0]                      0.60           2.13          -1.53  (VIOLATED)
       PORT :  dout[0]          0.60           2.13          -1.53  (VIOLATED)
       PIN :   U1481/ZN         0.60           2.13          -1.53  (VIOLATED)
   dout[1]                      0.60           2.13          -1.53  (VIOLATED)
       PORT :  dout[1]          0.60           2.13          -1.53  (VIOLATED)
       PIN :   U1478/ZN         0.60           2.13          -1.53  (VIOLATED)
   dout[2]                      0.60           2.13          -1.53  (VIOLATED)
       PORT :  dout[2]          0.60           2.13          -1.53  (VIOLATED)
       PIN :   U1479/ZN         0.60           2.13          -1.53  (VIOLATED)
   dout[3]                      0.60           2.13          -1.53  (VIOLATED)
       PORT :  dout[3]          0.60           2.13          -1.53  (VIOLATED)
       PIN :   U1476/ZN         0.60           2.13          -1.53  (VIOLATED)
   dout[4]                      0.60           2.13          -1.53  (VIOLATED)
       PORT :  dout[4]          0.60           2.13          -1.53  (VIOLATED)
       PIN :   U1477/ZN         0.60           2.13          -1.53  (VIOLATED)
   dout[5]                      0.60           2.13          -1.53  (VIOLATED)
       PORT :  dout[5]          0.60           2.13          -1.53  (VIOLATED)
       PIN :   U1474/ZN         0.60           2.13          -1.53  (VIOLATED)
   dout[6]                      0.60           2.13          -1.53  (VIOLATED)
       PORT :  dout[6]          0.60           2.13          -1.53  (VIOLATED)
       PIN :   U1475/ZN         0.60           2.13          -1.53  (VIOLATED)
   dout[7]                      0.60           2.13          -1.53  (VIOLATED)
       PORT :  dout[7]          0.60           2.13          -1.53  (VIOLATED)
       PIN :   U1472/ZN         0.60           2.13          -1.53  (VIOLATED)
   dout[8]                      0.60           2.13          -1.53  (VIOLATED)
       PORT :  dout[8]          0.60           2.13          -1.53  (VIOLATED)
       PIN :   U1473/ZN         0.60           2.13          -1.53  (VIOLATED)
   dout[9]                      0.60           2.13          -1.53  (VIOLATED)
       PORT :  dout[9]          0.60           2.13          -1.53  (VIOLATED)
       PIN :   U1470/ZN         0.60           2.13          -1.53  (VIOLATED)
   dout[10]                     0.60           2.13          -1.53  (VIOLATED)
       PORT :  dout[10]         0.60           2.13          -1.53  (VIOLATED)
       PIN :   U1471/ZN         0.60           2.13          -1.53  (VIOLATED)
   dout[11]                     0.60           2.13          -1.53  (VIOLATED)
       PORT :  dout[11]         0.60           2.13          -1.53  (VIOLATED)
       PIN :   U1468/ZN         0.60           2.13          -1.53  (VIOLATED)
   dout[12]                     0.60           2.13          -1.53  (VIOLATED)
       PORT :  dout[12]         0.60           2.13          -1.53  (VIOLATED)
       PIN :   U1469/ZN         0.60           2.13          -1.53  (VIOLATED)
   dout[13]                     0.60           2.13          -1.53  (VIOLATED)
       PORT :  dout[13]         0.60           2.13          -1.53  (VIOLATED)
       PIN :   U1466/ZN         0.60           2.13          -1.53  (VIOLATED)
   dout[14]                     0.60           2.13          -1.53  (VIOLATED)
       PORT :  dout[14]         0.60           2.13          -1.53  (VIOLATED)
       PIN :   U1467/ZN         0.60           2.13          -1.53  (VIOLATED)
   dout[15]                     0.60           2.13          -1.53  (VIOLATED)
       PORT :  dout[15]         0.60           2.13          -1.53  (VIOLATED)
       PIN :   U1464/ZN         0.60           2.13          -1.53  (VIOLATED)
   rstn                         0.60           1.00          -0.40  (VIOLATED)
       PIN :   weight_addr_reg_0_/RDN
                                0.60           1.00          -0.40  (VIOLATED)
       PIN :   weight_addr_reg_2_/RDN
                                0.60           1.00          -0.40  (VIOLATED)
       PIN :   weight_addr_reg_3_/RDN
                                0.60           1.00          -0.40  (VIOLATED)
       PIN :   weight_addr_reg_4_/RDN
                                0.60           1.00          -0.40  (VIOLATED)
       PIN :   weight_addr_reg_5_/RDN
                                0.60           1.00          -0.40  (VIOLATED)
       PIN :   weight_addr_reg_6_/RDN
                                0.60           1.00          -0.40  (VIOLATED)
       PIN :   weight_addr_reg_7_/RDN
                                0.60           1.00          -0.40  (VIOLATED)
       PIN :   k21_reg/RDN      0.60           1.00          -0.40  (VIOLATED)
       PIN :   k40_reg/RDN      0.60           1.00          -0.40  (VIOLATED)
       PIN :   k24_reg/RDN      0.60           1.00          -0.40  (VIOLATED)
       PIN :   k22_reg/RDN      0.60           1.00          -0.40  (VIOLATED)
       PIN :   k20_reg/RDN      0.60           1.00          -0.40  (VIOLATED)
       PIN :   k11_reg/RDN      0.60           1.00          -0.40  (VIOLATED)
       PIN :   k15_reg/RDN      0.60           1.00          -0.40  (VIOLATED)
       PIN :   k42_reg/RDN      0.60           1.00          -0.40  (VIOLATED)
       PIN :   k33_reg/RDN      0.60           1.00          -0.40  (VIOLATED)
       PIN :   U1485/I          0.60           1.00          -0.40  (VIOLATED)
       PORT :  rstn             0.60           1.00          -0.40  (VIOLATED)
   start                        0.60           1.00          -0.40  (VIOLATED)
       PIN :   U1490/C          0.60           1.00          -0.40  (VIOLATED)
       PIN :   U2712/B          0.60           1.00          -0.40  (VIOLATED)
       PIN :   U2338/B          0.60           1.00          -0.40  (VIOLATED)
       PIN :   U2877/B          0.60           1.00          -0.40  (VIOLATED)
       PIN :   U2876/B          0.60           1.00          -0.40  (VIOLATED)
       PIN :   U2875/B          0.60           1.00          -0.40  (VIOLATED)
       PIN :   U2874/B          0.60           1.00          -0.40  (VIOLATED)
       PIN :   U2873/B          0.60           1.00          -0.40  (VIOLATED)
       PIN :   U2872/B          0.60           1.00          -0.40  (VIOLATED)
       PIN :   U2871/B          0.60           1.00          -0.40  (VIOLATED)
       PIN :   U2870/B          0.60           1.00          -0.40  (VIOLATED)
       PIN :   U2878/B          0.60           1.00          -0.40  (VIOLATED)
       PIN :   U1558/B          0.60           1.00          -0.40  (VIOLATED)
       PIN :   U2689/B          0.60           1.00          -0.40  (VIOLATED)
       PIN :   U1483/I          0.60           1.00          -0.40  (VIOLATED)
       PORT :  start            0.60           1.00          -0.40  (VIOLATED)
   state                        0.60           1.00          -0.40  (VIOLATED)
       PIN :   U1528/A1         0.60           1.00          -0.40  (VIOLATED)
       PIN :   U2651/A2         0.60           1.00          -0.40  (VIOLATED)
       PIN :   U2652/A2         0.60           1.00          -0.40  (VIOLATED)
       PIN :   U1553/B1         0.60           1.00          -0.40  (VIOLATED)
       PIN :   U1487/A1         0.60           1.00          -0.40  (VIOLATED)
       PIN :   U1484/I          0.60           1.00          -0.40  (VIOLATED)
       PORT :  state            0.60           1.00          -0.40  (VIOLATED)
   taps[0]                      0.60           1.00          -0.40  (VIOLATED)
       PIN :   U2733/A2         0.60           1.00          -0.40  (VIOLATED)
       PIN :   U2731/A1         0.60           1.00          -0.40  (VIOLATED)
       PIN :   U1410/I          0.60           1.00          -0.40  (VIOLATED)
       PORT :  taps[0]          0.60           1.00          -0.40  (VIOLATED)
   taps[1]                      0.60           1.00          -0.40  (VIOLATED)
       PIN :   U2728/B          0.60           1.00          -0.40  (VIOLATED)
       PIN :   U2729/A2         0.60           1.00          -0.40  (VIOLATED)
       PIN :   U2733/A3         0.60           1.00          -0.40  (VIOLATED)
       PIN :   m43_reg_1_/D     0.60           1.00          -0.40  (VIOLATED)
       PIN :   U2731/A2         0.60           1.00          -0.40  (VIOLATED)
       PORT :  taps[1]          0.60           1.00          -0.40  (VIOLATED)
   taps[2]                      0.60           1.00          -0.40  (VIOLATED)
       PIN :   U2732/I0         0.60           1.00          -0.40  (VIOLATED)
       PIN :   m43_reg_2_/D     0.60           1.00          -0.40  (VIOLATED)
       PIN :   U2733/A1         0.60           1.00          -0.40  (VIOLATED)
       PIN :   U1465/I          0.60           1.00          -0.40  (VIOLATED)
       PORT :  taps[2]          0.60           1.00          -0.40  (VIOLATED)
   taps[3]                      0.60           1.00          -0.40  (VIOLATED)
       PIN :   U2735/I1         0.60           1.00          -0.40  (VIOLATED)
       PIN :   m43_reg_3_/D     0.60           1.00          -0.40  (VIOLATED)
       PIN :   U1411/I          0.60           1.00          -0.40  (VIOLATED)
       PORT :  taps[3]          0.60           1.00          -0.40  (VIOLATED)
   taps[4]                      0.60           1.00          -0.40  (VIOLATED)
       PIN :   U2738/I0         0.60           1.00          -0.40  (VIOLATED)
       PIN :   m43_reg_4_/D     0.60           1.00          -0.40  (VIOLATED)
       PIN :   U2739/A1         0.60           1.00          -0.40  (VIOLATED)
       PIN :   U1462/I          0.60           1.00          -0.40  (VIOLATED)
       PORT :  taps[4]          0.60           1.00          -0.40  (VIOLATED)
   taps[5]                      0.60           1.00          -0.40  (VIOLATED)
       PIN :   U2741/I1         0.60           1.00          -0.40  (VIOLATED)
       PIN :   m43_reg_5_/D     0.60           1.00          -0.40  (VIOLATED)
       PIN :   U1412/I          0.60           1.00          -0.40  (VIOLATED)
       PORT :  taps[5]          0.60           1.00          -0.40  (VIOLATED)
   taps[6]                      0.60           1.00          -0.40  (VIOLATED)
       PIN :   U2744/I0         0.60           1.00          -0.40  (VIOLATED)
       PIN :   m43_reg_6_/D     0.60           1.00          -0.40  (VIOLATED)
       PIN :   U2745/A1         0.60           1.00          -0.40  (VIOLATED)
       PIN :   U1463/I          0.60           1.00          -0.40  (VIOLATED)
       PORT :  taps[6]          0.60           1.00          -0.40  (VIOLATED)
   taps[7]                      0.60           1.00          -0.40  (VIOLATED)
       PIN :   U2747/I1         0.60           1.00          -0.40  (VIOLATED)
       PIN :   m43_reg_7_/D     0.60           1.00          -0.40  (VIOLATED)
       PIN :   U1413/I          0.60           1.00          -0.40  (VIOLATED)
       PORT :  taps[7]          0.60           1.00          -0.40  (VIOLATED)
   taps[8]                      0.60           1.00          -0.40  (VIOLATED)
       PIN :   U2750/I0         0.60           1.00          -0.40  (VIOLATED)
       PIN :   m43_reg_8_/D     0.60           1.00          -0.40  (VIOLATED)
       PIN :   U2751/A1         0.60           1.00          -0.40  (VIOLATED)
       PIN :   U1461/I          0.60           1.00          -0.40  (VIOLATED)
       PORT :  taps[8]          0.60           1.00          -0.40  (VIOLATED)
   taps[9]                      0.60           1.00          -0.40  (VIOLATED)
       PIN :   U2752/B          0.60           1.00          -0.40  (VIOLATED)
       PIN :   U2754/A1         0.60           1.00          -0.40  (VIOLATED)
       PIN :   m43_reg_9_/D     0.60           1.00          -0.40  (VIOLATED)
       PIN :   U2753/A2         0.60           1.00          -0.40  (VIOLATED)
       PORT :  taps[9]          0.60           1.00          -0.40  (VIOLATED)
   taps[10]                     0.60           1.00          -0.40  (VIOLATED)
       PIN :   U2756/I0         0.60           1.00          -0.40  (VIOLATED)
       PIN :   m43_reg_10_/D
                                0.60           1.00          -0.40  (VIOLATED)
       PIN :   U2757/A1         0.60           1.00          -0.40  (VIOLATED)
       PIN :   U1460/I          0.60           1.00          -0.40  (VIOLATED)
       PORT :  taps[10]         0.60           1.00          -0.40  (VIOLATED)
   taps[11]                     0.60           1.00          -0.40  (VIOLATED)
       PIN :   U2758/B          0.60           1.00          -0.40  (VIOLATED)
       PIN :   U2760/A1         0.60           1.00          -0.40  (VIOLATED)
       PIN :   m43_reg_11_/D
                                0.60           1.00          -0.40  (VIOLATED)
       PIN :   U2759/A2         0.60           1.00          -0.40  (VIOLATED)
       PORT :  taps[11]         0.60           1.00          -0.40  (VIOLATED)
   taps[12]                     0.60           1.00          -0.40  (VIOLATED)
       PIN :   U2762/I0         0.60           1.00          -0.40  (VIOLATED)
       PIN :   U1432/I          0.60           1.00          -0.40  (VIOLATED)
       PIN :   U2763/A1         0.60           1.00          -0.40  (VIOLATED)
       PIN :   m43_reg_12_/D
                                0.60           1.00          -0.40  (VIOLATED)
       PORT :  taps[12]         0.60           1.00          -0.40  (VIOLATED)
   taps[13]                     0.60           1.00          -0.40  (VIOLATED)
       PIN :   U2764/B          0.60           1.00          -0.40  (VIOLATED)
       PIN :   U2766/A1         0.60           1.00          -0.40  (VIOLATED)
       PIN :   m43_reg_13_/D
                                0.60           1.00          -0.40  (VIOLATED)
       PIN :   U2765/A2         0.60           1.00          -0.40  (VIOLATED)
       PORT :  taps[13]         0.60           1.00          -0.40  (VIOLATED)
   taps[14]                     0.60           1.00          -0.40  (VIOLATED)
       PIN :   U2768/I0         0.60           1.00          -0.40  (VIOLATED)
       PIN :   U2769/A2         0.60           1.00          -0.40  (VIOLATED)
       PIN :   m43_reg_14_/D
                                0.60           1.00          -0.40  (VIOLATED)
       PIN :   U1457/I          0.60           1.00          -0.40  (VIOLATED)
       PORT :  taps[14]         0.60           1.00          -0.40  (VIOLATED)
   taps[15]                     0.60           1.00          -0.40  (VIOLATED)
       PIN :   U2771/A2         0.60           1.00          -0.40  (VIOLATED)
       PIN :   U2770/A2         0.60           1.00          -0.40  (VIOLATED)
       PIN :   m43_reg_15_/D
                                0.60           1.00          -0.40  (VIOLATED)
       PORT :  taps[15]         0.60           1.00          -0.40  (VIOLATED)
   taps[16]                     0.60           1.00          -0.40  (VIOLATED)
       PIN :   U1981/A2         0.60           1.00          -0.40  (VIOLATED)
       PIN :   U1979/A1         0.60           1.00          -0.40  (VIOLATED)
       PIN :   U1414/I          0.60           1.00          -0.40  (VIOLATED)
       PORT :  taps[16]         0.60           1.00          -0.40  (VIOLATED)
   taps[17]                     0.60           1.00          -0.40  (VIOLATED)
       PIN :   U1976/B          0.60           1.00          -0.40  (VIOLATED)
       PIN :   U1977/A2         0.60           1.00          -0.40  (VIOLATED)
       PIN :   U1981/A3         0.60           1.00          -0.40  (VIOLATED)
       PIN :   m33_reg_1_/D     0.60           1.00          -0.40  (VIOLATED)
       PIN :   U1979/A2         0.60           1.00          -0.40  (VIOLATED)
       PORT :  taps[17]         0.60           1.00          -0.40  (VIOLATED)
   taps[18]                     0.60           1.00          -0.40  (VIOLATED)
       PIN :   U1980/I0         0.60           1.00          -0.40  (VIOLATED)
       PIN :   m33_reg_2_/D     0.60           1.00          -0.40  (VIOLATED)
       PIN :   U1981/A1         0.60           1.00          -0.40  (VIOLATED)
       PIN :   U1459/I          0.60           1.00          -0.40  (VIOLATED)
       PORT :  taps[18]         0.60           1.00          -0.40  (VIOLATED)
   taps[19]                     0.60           1.00          -0.40  (VIOLATED)
       PIN :   U1983/I1         0.60           1.00          -0.40  (VIOLATED)
       PIN :   m33_reg_3_/D     0.60           1.00          -0.40  (VIOLATED)
       PIN :   U1415/I          0.60           1.00          -0.40  (VIOLATED)
       PORT :  taps[19]         0.60           1.00          -0.40  (VIOLATED)
   taps[20]                     0.60           1.00          -0.40  (VIOLATED)
       PIN :   U1986/I0         0.60           1.00          -0.40  (VIOLATED)
       PIN :   m33_reg_4_/D     0.60           1.00          -0.40  (VIOLATED)
       PIN :   U1987/A1         0.60           1.00          -0.40  (VIOLATED)
       PIN :   U1454/I          0.60           1.00          -0.40  (VIOLATED)
       PORT :  taps[20]         0.60           1.00          -0.40  (VIOLATED)
   taps[21]                     0.60           1.00          -0.40  (VIOLATED)
       PIN :   U1989/I1         0.60           1.00          -0.40  (VIOLATED)
       PIN :   m33_reg_5_/D     0.60           1.00          -0.40  (VIOLATED)
       PIN :   U1416/I          0.60           1.00          -0.40  (VIOLATED)
       PORT :  taps[21]         0.60           1.00          -0.40  (VIOLATED)
   taps[22]                     0.60           1.00          -0.40  (VIOLATED)
       PIN :   U1992/I0         0.60           1.00          -0.40  (VIOLATED)
       PIN :   m33_reg_6_/D     0.60           1.00          -0.40  (VIOLATED)
       PIN :   U1993/A1         0.60           1.00          -0.40  (VIOLATED)
       PIN :   U1455/I          0.60           1.00          -0.40  (VIOLATED)
       PORT :  taps[22]         0.60           1.00          -0.40  (VIOLATED)
   taps[23]                     0.60           1.00          -0.40  (VIOLATED)
       PIN :   U1995/I1         0.60           1.00          -0.40  (VIOLATED)
       PIN :   m33_reg_7_/D     0.60           1.00          -0.40  (VIOLATED)
       PIN :   U1417/I          0.60           1.00          -0.40  (VIOLATED)
       PORT :  taps[23]         0.60           1.00          -0.40  (VIOLATED)
   taps[24]                     0.60           1.00          -0.40  (VIOLATED)
       PIN :   U1998/I0         0.60           1.00          -0.40  (VIOLATED)
       PIN :   m33_reg_8_/D     0.60           1.00          -0.40  (VIOLATED)
       PIN :   U1999/A1         0.60           1.00          -0.40  (VIOLATED)
       PIN :   U1453/I          0.60           1.00          -0.40  (VIOLATED)
       PORT :  taps[24]         0.60           1.00          -0.40  (VIOLATED)
   taps[25]                     0.60           1.00          -0.40  (VIOLATED)
       PIN :   U2000/B          0.60           1.00          -0.40  (VIOLATED)
       PIN :   U2002/A1         0.60           1.00          -0.40  (VIOLATED)
       PIN :   m33_reg_9_/D     0.60           1.00          -0.40  (VIOLATED)
       PIN :   U2001/A2         0.60           1.00          -0.40  (VIOLATED)
       PORT :  taps[25]         0.60           1.00          -0.40  (VIOLATED)
   taps[26]                     0.60           1.00          -0.40  (VIOLATED)
       PIN :   U2004/I0         0.60           1.00          -0.40  (VIOLATED)
       PIN :   m33_reg_10_/D
                                0.60           1.00          -0.40  (VIOLATED)
       PIN :   U2005/A1         0.60           1.00          -0.40  (VIOLATED)
       PIN :   U1452/I          0.60           1.00          -0.40  (VIOLATED)
       PORT :  taps[26]         0.60           1.00          -0.40  (VIOLATED)
   taps[27]                     0.60           1.00          -0.40  (VIOLATED)
       PIN :   U2006/B          0.60           1.00          -0.40  (VIOLATED)
       PIN :   U2008/A1         0.60           1.00          -0.40  (VIOLATED)
       PIN :   m33_reg_11_/D
                                0.60           1.00          -0.40  (VIOLATED)
       PIN :   U2007/A2         0.60           1.00          -0.40  (VIOLATED)
       PORT :  taps[27]         0.60           1.00          -0.40  (VIOLATED)
   taps[28]                     0.60           1.00          -0.40  (VIOLATED)
       PIN :   U2010/I0         0.60           1.00          -0.40  (VIOLATED)
       PIN :   m33_reg_12_/D
                                0.60           1.00          -0.40  (VIOLATED)
       PIN :   U2011/A1         0.60           1.00          -0.40  (VIOLATED)
       PIN :   U1451/I          0.60           1.00          -0.40  (VIOLATED)
       PORT :  taps[28]         0.60           1.00          -0.40  (VIOLATED)
   taps[29]                     0.60           1.00          -0.40  (VIOLATED)
       PIN :   U2012/B          0.60           1.00          -0.40  (VIOLATED)
       PIN :   U2014/A1         0.60           1.00          -0.40  (VIOLATED)
       PIN :   m33_reg_13_/D
                                0.60           1.00          -0.40  (VIOLATED)
       PIN :   U2013/A2         0.60           1.00          -0.40  (VIOLATED)
       PORT :  taps[29]         0.60           1.00          -0.40  (VIOLATED)
   taps[30]                     0.60           1.00          -0.40  (VIOLATED)
       PIN :   U2016/I0         0.60           1.00          -0.40  (VIOLATED)
       PIN :   U2017/A2         0.60           1.00          -0.40  (VIOLATED)
       PIN :   m33_reg_14_/D
                                0.60           1.00          -0.40  (VIOLATED)
       PIN :   U1449/I          0.60           1.00          -0.40  (VIOLATED)
       PORT :  taps[30]         0.60           1.00          -0.40  (VIOLATED)
   taps[31]                     0.60           1.00          -0.40  (VIOLATED)
       PIN :   U2019/A2         0.60           1.00          -0.40  (VIOLATED)
       PIN :   U2018/A2         0.60           1.00          -0.40  (VIOLATED)
       PIN :   m33_reg_15_/D
                                0.60           1.00          -0.40  (VIOLATED)
       PORT :  taps[31]         0.60           1.00          -0.40  (VIOLATED)
   taps[32]                     0.60           1.00          -0.40  (VIOLATED)
       PIN :   U1611/A2         0.60           1.00          -0.40  (VIOLATED)
       PIN :   U1609/A1         0.60           1.00          -0.40  (VIOLATED)
       PIN :   U1419/I          0.60           1.00          -0.40  (VIOLATED)
       PORT :  taps[32]         0.60           1.00          -0.40  (VIOLATED)
   taps[33]                     0.60           1.00          -0.40  (VIOLATED)
       PIN :   U1606/B          0.60           1.00          -0.40  (VIOLATED)
       PIN :   U1607/A2         0.60           1.00          -0.40  (VIOLATED)
       PIN :   U1611/A3         0.60           1.00          -0.40  (VIOLATED)
       PIN :   m23_reg_1_/D     0.60           1.00          -0.40  (VIOLATED)
       PIN :   U1609/A2         0.60           1.00          -0.40  (VIOLATED)
       PORT :  taps[33]         0.60           1.00          -0.40  (VIOLATED)
   taps[34]                     0.60           1.00          -0.40  (VIOLATED)
       PIN :   U1610/I0         0.60           1.00          -0.40  (VIOLATED)
       PIN :   m23_reg_2_/D     0.60           1.00          -0.40  (VIOLATED)
       PIN :   U1611/A1         0.60           1.00          -0.40  (VIOLATED)
       PIN :   U1450/I          0.60           1.00          -0.40  (VIOLATED)
       PORT :  taps[34]         0.60           1.00          -0.40  (VIOLATED)
   taps[35]                     0.60           1.00          -0.40  (VIOLATED)
       PIN :   U1613/I1         0.60           1.00          -0.40  (VIOLATED)
       PIN :   m23_reg_3_/D     0.60           1.00          -0.40  (VIOLATED)
       PIN :   U1421/I          0.60           1.00          -0.40  (VIOLATED)
       PORT :  taps[35]         0.60           1.00          -0.40  (VIOLATED)
   taps[36]                     0.60           1.00          -0.40  (VIOLATED)
       PIN :   U1616/I0         0.60           1.00          -0.40  (VIOLATED)
       PIN :   m23_reg_4_/D     0.60           1.00          -0.40  (VIOLATED)
       PIN :   U1617/A1         0.60           1.00          -0.40  (VIOLATED)
       PIN :   U1447/I          0.60           1.00          -0.40  (VIOLATED)
       PORT :  taps[36]         0.60           1.00          -0.40  (VIOLATED)
   taps[37]                     0.60           1.00          -0.40  (VIOLATED)
       PIN :   U1619/I1         0.60           1.00          -0.40  (VIOLATED)
       PIN :   U1418/I          0.60           1.00          -0.40  (VIOLATED)
       PIN :   m23_reg_5_/D     0.60           1.00          -0.40  (VIOLATED)
       PORT :  taps[37]         0.60           1.00          -0.40  (VIOLATED)
   taps[38]                     0.60           1.00          -0.40  (VIOLATED)
       PIN :   U1622/I0         0.60           1.00          -0.40  (VIOLATED)
       PIN :   m23_reg_6_/D     0.60           1.00          -0.40  (VIOLATED)
       PIN :   U1623/A1         0.60           1.00          -0.40  (VIOLATED)
       PIN :   U1448/I          0.60           1.00          -0.40  (VIOLATED)
       PORT :  taps[38]         0.60           1.00          -0.40  (VIOLATED)
   taps[39]                     0.60           1.00          -0.40  (VIOLATED)
       PIN :   U1625/I1         0.60           1.00          -0.40  (VIOLATED)
       PIN :   m23_reg_7_/D     0.60           1.00          -0.40  (VIOLATED)
       PIN :   U1423/I          0.60           1.00          -0.40  (VIOLATED)
       PORT :  taps[39]         0.60           1.00          -0.40  (VIOLATED)
   taps[40]                     0.60           1.00          -0.40  (VIOLATED)
       PIN :   U1628/I0         0.60           1.00          -0.40  (VIOLATED)
       PIN :   m23_reg_8_/D     0.60           1.00          -0.40  (VIOLATED)
       PIN :   U1629/A1         0.60           1.00          -0.40  (VIOLATED)
       PIN :   U1446/I          0.60           1.00          -0.40  (VIOLATED)
       PORT :  taps[40]         0.60           1.00          -0.40  (VIOLATED)
   taps[41]                     0.60           1.00          -0.40  (VIOLATED)
       PIN :   U1630/B          0.60           1.00          -0.40  (VIOLATED)
       PIN :   U1635/A1         0.60           1.00          -0.40  (VIOLATED)
       PIN :   m23_reg_9_/D     0.60           1.00          -0.40  (VIOLATED)
       PIN :   U1631/A2         0.60           1.00          -0.40  (VIOLATED)
       PORT :  taps[41]         0.60           1.00          -0.40  (VIOLATED)
   taps[42]                     0.60           1.00          -0.40  (VIOLATED)
       PIN :   U1702/I0         0.60           1.00          -0.40  (VIOLATED)
       PIN :   m23_reg_10_/D
                                0.60           1.00          -0.40  (VIOLATED)
       PIN :   U1636/A1         0.60           1.00          -0.40  (VIOLATED)
       PIN :   U1445/I          0.60           1.00          -0.40  (VIOLATED)
       PORT :  taps[42]         0.60           1.00          -0.40  (VIOLATED)
   taps[43]                     0.60           1.00          -0.40  (VIOLATED)
       PIN :   U1637/B          0.60           1.00          -0.40  (VIOLATED)
       PIN :   U1639/A1         0.60           1.00          -0.40  (VIOLATED)
       PIN :   m23_reg_11_/D
                                0.60           1.00          -0.40  (VIOLATED)
       PIN :   U1638/A2         0.60           1.00          -0.40  (VIOLATED)
       PORT :  taps[43]         0.60           1.00          -0.40  (VIOLATED)
   taps[44]                     0.60           1.00          -0.40  (VIOLATED)
       PIN :   U1641/I0         0.60           1.00          -0.40  (VIOLATED)
       PIN :   m23_reg_12_/D
                                0.60           1.00          -0.40  (VIOLATED)
       PIN :   U1642/A1         0.60           1.00          -0.40  (VIOLATED)
       PIN :   U1444/I          0.60           1.00          -0.40  (VIOLATED)
       PORT :  taps[44]         0.60           1.00          -0.40  (VIOLATED)
   taps[45]                     0.60           1.00          -0.40  (VIOLATED)
       PIN :   U1643/B          0.60           1.00          -0.40  (VIOLATED)
       PIN :   U1645/A1         0.60           1.00          -0.40  (VIOLATED)
       PIN :   m23_reg_13_/D
                                0.60           1.00          -0.40  (VIOLATED)
       PIN :   U1644/A2         0.60           1.00          -0.40  (VIOLATED)
       PORT :  taps[45]         0.60           1.00          -0.40  (VIOLATED)
   taps[46]                     0.60           1.00          -0.40  (VIOLATED)
       PIN :   U1647/I0         0.60           1.00          -0.40  (VIOLATED)
       PIN :   U1648/A2         0.60           1.00          -0.40  (VIOLATED)
       PIN :   m23_reg_14_/D
                                0.60           1.00          -0.40  (VIOLATED)
       PIN :   U1442/I          0.60           1.00          -0.40  (VIOLATED)
       PORT :  taps[46]         0.60           1.00          -0.40  (VIOLATED)
   taps[47]                     0.60           1.00          -0.40  (VIOLATED)
       PIN :   U1650/A2         0.60           1.00          -0.40  (VIOLATED)
       PIN :   U1649/A2         0.60           1.00          -0.40  (VIOLATED)
       PIN :   m23_reg_15_/D
                                0.60           1.00          -0.40  (VIOLATED)
       PORT :  taps[47]         0.60           1.00          -0.40  (VIOLATED)
   taps[48]                     0.60           1.00          -0.40  (VIOLATED)
       PIN :   U1711/A2         0.60           1.00          -0.40  (VIOLATED)
       PIN :   U1724/A1         0.60           1.00          -0.40  (VIOLATED)
       PIN :   U1424/I          0.60           1.00          -0.40  (VIOLATED)
       PORT :  taps[48]         0.60           1.00          -0.40  (VIOLATED)
   taps[49]                     0.60           1.00          -0.40  (VIOLATED)
       PIN :   U1729/B          0.60           1.00          -0.40  (VIOLATED)
       PIN :   U1730/A2         0.60           1.00          -0.40  (VIOLATED)
       PIN :   U1711/A3         0.60           1.00          -0.40  (VIOLATED)
       PIN :   m13_reg_1_/D     0.60           1.00          -0.40  (VIOLATED)
       PIN :   U1724/A2         0.60           1.00          -0.40  (VIOLATED)
       PORT :  taps[49]         0.60           1.00          -0.40  (VIOLATED)
   taps[50]                     0.60           1.00          -0.40  (VIOLATED)
       PIN :   U1725/I0         0.60           1.00          -0.40  (VIOLATED)
       PIN :   m13_reg_2_/D     0.60           1.00          -0.40  (VIOLATED)
       PIN :   U1711/A1         0.60           1.00          -0.40  (VIOLATED)
       PIN :   U1443/I          0.60           1.00          -0.40  (VIOLATED)
       PORT :  taps[50]         0.60           1.00          -0.40  (VIOLATED)
   taps[51]                     0.60           1.00          -0.40  (VIOLATED)
       PIN :   U1723/I1         0.60           1.00          -0.40  (VIOLATED)
       PIN :   U1420/I          0.60           1.00          -0.40  (VIOLATED)
       PIN :   m13_reg_3_/D     0.60           1.00          -0.40  (VIOLATED)
       PORT :  taps[51]         0.60           1.00          -0.40  (VIOLATED)
   taps[52]                     0.60           1.00          -0.40  (VIOLATED)
       PIN :   U1718/I0         0.60           1.00          -0.40  (VIOLATED)
       PIN :   m13_reg_4_/D     0.60           1.00          -0.40  (VIOLATED)
       PIN :   U1713/A1         0.60           1.00          -0.40  (VIOLATED)
       PIN :   U1440/I          0.60           1.00          -0.40  (VIOLATED)
       PORT :  taps[52]         0.60           1.00          -0.40  (VIOLATED)
   taps[53]                     0.60           1.00          -0.40  (VIOLATED)
       PIN :   U1715/I1         0.60           1.00          -0.40  (VIOLATED)
       PIN :   m13_reg_5_/D     0.60           1.00          -0.40  (VIOLATED)
       PIN :   U1425/I          0.60           1.00          -0.40  (VIOLATED)
       PORT :  taps[53]         0.60           1.00          -0.40  (VIOLATED)
   taps[54]                     0.60           1.00          -0.40  (VIOLATED)
       PIN :   U2159/I0         0.60           1.00          -0.40  (VIOLATED)
       PIN :   m13_reg_6_/D     0.60           1.00          -0.40  (VIOLATED)
       PIN :   U2160/A1         0.60           1.00          -0.40  (VIOLATED)
       PIN :   U1441/I          0.60           1.00          -0.40  (VIOLATED)
       PORT :  taps[54]         0.60           1.00          -0.40  (VIOLATED)
   taps[55]                     0.60           1.00          -0.40  (VIOLATED)
       PIN :   U2162/I1         0.60           1.00          -0.40  (VIOLATED)
       PIN :   U1422/I          0.60           1.00          -0.40  (VIOLATED)
       PIN :   m13_reg_7_/D     0.60           1.00          -0.40  (VIOLATED)
       PORT :  taps[55]         0.60           1.00          -0.40  (VIOLATED)
   taps[56]                     0.60           1.00          -0.40  (VIOLATED)
       PIN :   U2342/I0         0.60           1.00          -0.40  (VIOLATED)
       PIN :   m13_reg_8_/D     0.60           1.00          -0.40  (VIOLATED)
       PIN :   U2343/A1         0.60           1.00          -0.40  (VIOLATED)
       PIN :   U1439/I          0.60           1.00          -0.40  (VIOLATED)
       PORT :  taps[56]         0.60           1.00          -0.40  (VIOLATED)
   taps[57]                     0.60           1.00          -0.40  (VIOLATED)
       PIN :   U2344/B          0.60           1.00          -0.40  (VIOLATED)
       PIN :   U2346/A1         0.60           1.00          -0.40  (VIOLATED)
       PIN :   m13_reg_9_/D     0.60           1.00          -0.40  (VIOLATED)
       PIN :   U2345/A2         0.60           1.00          -0.40  (VIOLATED)
       PORT :  taps[57]         0.60           1.00          -0.40  (VIOLATED)
   taps[58]                     0.60           1.00          -0.40  (VIOLATED)
       PIN :   U2348/I0         0.60           1.00          -0.40  (VIOLATED)
       PIN :   m13_reg_10_/D
                                0.60           1.00          -0.40  (VIOLATED)
       PIN :   U2349/A1         0.60           1.00          -0.40  (VIOLATED)
       PIN :   U1438/I          0.60           1.00          -0.40  (VIOLATED)
       PORT :  taps[58]         0.60           1.00          -0.40  (VIOLATED)
   taps[59]                     0.60           1.00          -0.40  (VIOLATED)
       PIN :   U2350/B          0.60           1.00          -0.40  (VIOLATED)
       PIN :   U2352/A1         0.60           1.00          -0.40  (VIOLATED)
       PIN :   m13_reg_11_/D
                                0.60           1.00          -0.40  (VIOLATED)
       PIN :   U2351/A2         0.60           1.00          -0.40  (VIOLATED)
       PORT :  taps[59]         0.60           1.00          -0.40  (VIOLATED)
   taps[60]                     0.60           1.00          -0.40  (VIOLATED)
       PIN :   U2354/I0         0.60           1.00          -0.40  (VIOLATED)
       PIN :   m13_reg_12_/D
                                0.60           1.00          -0.40  (VIOLATED)
       PIN :   U2355/A1         0.60           1.00          -0.40  (VIOLATED)
       PIN :   U1437/I          0.60           1.00          -0.40  (VIOLATED)
       PORT :  taps[60]         0.60           1.00          -0.40  (VIOLATED)
   taps[61]                     0.60           1.00          -0.40  (VIOLATED)
       PIN :   U2356/B          0.60           1.00          -0.40  (VIOLATED)
       PIN :   U2358/A1         0.60           1.00          -0.40  (VIOLATED)
       PIN :   m13_reg_13_/D
                                0.60           1.00          -0.40  (VIOLATED)
       PIN :   U2357/A2         0.60           1.00          -0.40  (VIOLATED)
       PORT :  taps[61]         0.60           1.00          -0.40  (VIOLATED)
   taps[62]                     0.60           1.00          -0.40  (VIOLATED)
       PIN :   U2360/I0         0.60           1.00          -0.40  (VIOLATED)
       PIN :   U2361/A2         0.60           1.00          -0.40  (VIOLATED)
       PIN :   m13_reg_14_/D
                                0.60           1.00          -0.40  (VIOLATED)
       PIN :   U1430/I          0.60           1.00          -0.40  (VIOLATED)
       PORT :  taps[62]         0.60           1.00          -0.40  (VIOLATED)
   taps[63]                     0.60           1.00          -0.40  (VIOLATED)
       PIN :   U2363/A2         0.60           1.00          -0.40  (VIOLATED)
       PIN :   U2362/A2         0.60           1.00          -0.40  (VIOLATED)
       PIN :   m13_reg_15_/D
                                0.60           1.00          -0.40  (VIOLATED)
       PORT :  taps[63]         0.60           1.00          -0.40  (VIOLATED)
   taps[64]                     0.60           1.00          -0.40  (VIOLATED)
       PIN :   U2556/A2         0.60           1.00          -0.40  (VIOLATED)
       PIN :   U2554/A1         0.60           1.00          -0.40  (VIOLATED)
       PIN :   U1426/I          0.60           1.00          -0.40  (VIOLATED)
       PORT :  taps[64]         0.60           1.00          -0.40  (VIOLATED)
   taps[65]                     0.60           1.00          -0.40  (VIOLATED)
       PIN :   U2551/B          0.60           1.00          -0.40  (VIOLATED)
       PIN :   U2552/A2         0.60           1.00          -0.40  (VIOLATED)
       PIN :   U2556/A3         0.60           1.00          -0.40  (VIOLATED)
       PIN :   m03_reg_1_/D     0.60           1.00          -0.40  (VIOLATED)
       PIN :   U2554/A2         0.60           1.00          -0.40  (VIOLATED)
       PORT :  taps[65]         0.60           1.00          -0.40  (VIOLATED)
   taps[66]                     0.60           1.00          -0.40  (VIOLATED)
       PIN :   U2555/I0         0.60           1.00          -0.40  (VIOLATED)
       PIN :   m03_reg_2_/D     0.60           1.00          -0.40  (VIOLATED)
       PIN :   U2556/A1         0.60           1.00          -0.40  (VIOLATED)
       PIN :   U1431/I          0.60           1.00          -0.40  (VIOLATED)
       PORT :  taps[66]         0.60           1.00          -0.40  (VIOLATED)
   taps[67]                     0.60           1.00          -0.40  (VIOLATED)
       PIN :   U2558/I1         0.60           1.00          -0.40  (VIOLATED)
       PIN :   m03_reg_3_/D     0.60           1.00          -0.40  (VIOLATED)
       PIN :   U1427/I          0.60           1.00          -0.40  (VIOLATED)
       PORT :  taps[67]         0.60           1.00          -0.40  (VIOLATED)
   taps[68]                     0.60           1.00          -0.40  (VIOLATED)
       PIN :   U2561/I0         0.60           1.00          -0.40  (VIOLATED)
       PIN :   m03_reg_4_/D     0.60           1.00          -0.40  (VIOLATED)
       PIN :   U2562/A1         0.60           1.00          -0.40  (VIOLATED)
       PIN :   U1433/I          0.60           1.00          -0.40  (VIOLATED)
       PORT :  taps[68]         0.60           1.00          -0.40  (VIOLATED)
   taps[69]                     0.60           1.00          -0.40  (VIOLATED)
       PIN :   U2564/I1         0.60           1.00          -0.40  (VIOLATED)
       PIN :   m03_reg_5_/D     0.60           1.00          -0.40  (VIOLATED)
       PIN :   U1428/I          0.60           1.00          -0.40  (VIOLATED)
       PORT :  taps[69]         0.60           1.00          -0.40  (VIOLATED)
   taps[70]                     0.60           1.00          -0.40  (VIOLATED)
       PIN :   U2567/I0         0.60           1.00          -0.40  (VIOLATED)
       PIN :   U1456/I          0.60           1.00          -0.40  (VIOLATED)
       PIN :   U2568/A1         0.60           1.00          -0.40  (VIOLATED)
       PIN :   m03_reg_6_/D     0.60           1.00          -0.40  (VIOLATED)
       PORT :  taps[70]         0.60           1.00          -0.40  (VIOLATED)
   taps[71]                     0.60           1.00          -0.40  (VIOLATED)
       PIN :   U2570/I1         0.60           1.00          -0.40  (VIOLATED)
       PIN :   m03_reg_7_/D     0.60           1.00          -0.40  (VIOLATED)
       PIN :   U1429/I          0.60           1.00          -0.40  (VIOLATED)
       PORT :  taps[71]         0.60           1.00          -0.40  (VIOLATED)
   taps[72]                     0.60           1.00          -0.40  (VIOLATED)
       PIN :   U2573/I0         0.60           1.00          -0.40  (VIOLATED)
       PIN :   m03_reg_8_/D     0.60           1.00          -0.40  (VIOLATED)
       PIN :   U2574/A1         0.60           1.00          -0.40  (VIOLATED)
       PIN :   U1434/I          0.60           1.00          -0.40  (VIOLATED)
       PORT :  taps[72]         0.60           1.00          -0.40  (VIOLATED)
   taps[73]                     0.60           1.00          -0.40  (VIOLATED)
       PIN :   U2575/B          0.60           1.00          -0.40  (VIOLATED)
       PIN :   U2577/A1         0.60           1.00          -0.40  (VIOLATED)
       PIN :   m03_reg_9_/D     0.60           1.00          -0.40  (VIOLATED)
       PIN :   U2576/A2         0.60           1.00          -0.40  (VIOLATED)
       PORT :  taps[73]         0.60           1.00          -0.40  (VIOLATED)
   taps[74]                     0.60           1.00          -0.40  (VIOLATED)
       PIN :   U2579/I0         0.60           1.00          -0.40  (VIOLATED)
       PIN :   U1458/I          0.60           1.00          -0.40  (VIOLATED)
       PIN :   U2580/A1         0.60           1.00          -0.40  (VIOLATED)
       PIN :   m03_reg_10_/D
                                0.60           1.00          -0.40  (VIOLATED)
       PORT :  taps[74]         0.60           1.00          -0.40  (VIOLATED)
   taps[75]                     0.60           1.00          -0.40  (VIOLATED)
       PIN :   U2581/B          0.60           1.00          -0.40  (VIOLATED)
       PIN :   U2583/A1         0.60           1.00          -0.40  (VIOLATED)
       PIN :   m03_reg_11_/D
                                0.60           1.00          -0.40  (VIOLATED)
       PIN :   U2582/A2         0.60           1.00          -0.40  (VIOLATED)
       PORT :  taps[75]         0.60           1.00          -0.40  (VIOLATED)
   taps[76]                     0.60           1.00          -0.40  (VIOLATED)
       PIN :   U2585/I0         0.60           1.00          -0.40  (VIOLATED)
       PIN :   m03_reg_12_/D
                                0.60           1.00          -0.40  (VIOLATED)
       PIN :   U2586/A1         0.60           1.00          -0.40  (VIOLATED)
       PIN :   U1435/I          0.60           1.00          -0.40  (VIOLATED)
       PORT :  taps[76]         0.60           1.00          -0.40  (VIOLATED)
   taps[77]                     0.60           1.00          -0.40  (VIOLATED)
       PIN :   U2587/B          0.60           1.00          -0.40  (VIOLATED)
       PIN :   U2589/A1         0.60           1.00          -0.40  (VIOLATED)
       PIN :   m03_reg_13_/D
                                0.60           1.00          -0.40  (VIOLATED)
       PIN :   U2588/A2         0.60           1.00          -0.40  (VIOLATED)
       PORT :  taps[77]         0.60           1.00          -0.40  (VIOLATED)
   taps[78]                     0.60           1.00          -0.40  (VIOLATED)
       PIN :   U2591/I0         0.60           1.00          -0.40  (VIOLATED)
       PIN :   U2592/A2         0.60           1.00          -0.40  (VIOLATED)
       PIN :   m03_reg_14_/D
                                0.60           1.00          -0.40  (VIOLATED)
       PIN :   U1436/I          0.60           1.00          -0.40  (VIOLATED)
       PORT :  taps[78]         0.60           1.00          -0.40  (VIOLATED)
   taps[79]                     0.60           1.00          -0.40  (VIOLATED)
       PIN :   U2594/A2         0.60           1.00          -0.40  (VIOLATED)
       PIN :   U2593/A2         0.60           1.00          -0.40  (VIOLATED)
       PIN :   m03_reg_15_/D
                                0.60           1.00          -0.40  (VIOLATED)
       PORT :  taps[79]         0.60           1.00          -0.40  (VIOLATED)
   weight                       0.60           1.00          -0.40  (VIOLATED)
       PIN :   k33_reg/D        0.60           1.00          -0.40  (VIOLATED)
       PIN :   k03_reg/D        0.60           1.00          -0.40  (VIOLATED)
       PIN :   k14_reg/D        0.60           1.00          -0.40  (VIOLATED)
       PIN :   k41_reg/D        0.60           1.00          -0.40  (VIOLATED)
       PIN :   k43_reg/D        0.60           1.00          -0.40  (VIOLATED)
       PIN :   k34_reg/D        0.60           1.00          -0.40  (VIOLATED)
       PIN :   k23_reg/D        0.60           1.00          -0.40  (VIOLATED)
       PIN :   k30_reg/D        0.60           1.00          -0.40  (VIOLATED)
       PIN :   k32_reg/D        0.60           1.00          -0.40  (VIOLATED)
       PIN :   k00_reg/D        0.60           1.00          -0.40  (VIOLATED)
       PIN :   k42_reg/D        0.60           1.00          -0.40  (VIOLATED)
       PIN :   k15_reg/D        0.60           1.00          -0.40  (VIOLATED)
       PIN :   k11_reg/D        0.60           1.00          -0.40  (VIOLATED)
       PIN :   k01_reg/D        0.60           1.00          -0.40  (VIOLATED)
       PIN :   k02_reg/D        0.60           1.00          -0.40  (VIOLATED)
       PIN :   k04_reg/D        0.60           1.00          -0.40  (VIOLATED)
       PIN :   k10_reg/D        0.60           1.00          -0.40  (VIOLATED)
       PIN :   k12_reg/D        0.60           1.00          -0.40  (VIOLATED)
       PIN :   k44_reg/D        0.60           1.00          -0.40  (VIOLATED)
       PIN :   k13_reg/D        0.60           1.00          -0.40  (VIOLATED)
       PIN :   k21_reg/D        0.60           1.00          -0.40  (VIOLATED)
       PIN :   k40_reg/D        0.60           1.00          -0.40  (VIOLATED)
       PIN :   k24_reg/D        0.60           1.00          -0.40  (VIOLATED)
       PIN :   k22_reg/D        0.60           1.00          -0.40  (VIOLATED)
       PIN :   k20_reg/D        0.60           1.00          -0.40  (VIOLATED)
       PORT :  weight           0.60           1.00          -0.40  (VIOLATED)
   weight_en                    0.60           1.00          -0.40  (VIOLATED)
       PIN :   U2884/B          0.60           1.00          -0.40  (VIOLATED)
       PORT :  weight_en        0.60           1.00          -0.40  (VIOLATED)

   -----------------------------------------------------------------
   Total                      103               -61.63  

   max_capacitance

                             Required        Actual
   Net                      Capacitance    Capacitance       Slack
   -----------------------------------------------------------------
   done                         6.23          10.00          -3.77  (VIOLATED)
   dout[0]                      6.23          10.00          -3.77  (VIOLATED)
   dout[1]                      6.23          10.00          -3.77  (VIOLATED)
   dout[2]                      6.23          10.00          -3.77  (VIOLATED)
   dout[3]                      6.23          10.00          -3.77  (VIOLATED)
   dout[4]                      6.23          10.00          -3.77  (VIOLATED)
   dout[5]                      6.23          10.00          -3.77  (VIOLATED)
   dout[6]                      6.23          10.00          -3.77  (VIOLATED)
   dout[7]                      6.23          10.00          -3.77  (VIOLATED)
   dout[8]                      6.23          10.00          -3.77  (VIOLATED)
   dout[9]                      6.23          10.00          -3.77  (VIOLATED)
   dout[10]                     6.23          10.00          -3.77  (VIOLATED)
   dout[11]                     6.23          10.00          -3.77  (VIOLATED)
   dout[12]                     6.23          10.00          -3.77  (VIOLATED)
   dout[13]                     6.23          10.00          -3.77  (VIOLATED)
   dout[14]                     6.23          10.00          -3.77  (VIOLATED)
   dout[15]                     6.23          10.00          -3.77  (VIOLATED)
   ovalid                       6.23          10.00          -3.77  (VIOLATED)

   -----------------------------------------------------------------
   Total                      18                -67.85  

   max_area

                             Required        Actual
   Design                      Area           Area           Slack
   -----------------------------------------------------------------
   conv                         0.00       21545.28       -21545.28 (VIOLATED)


   max_leakage_power

                             Required        Actual
   Design                   Leakage Power  Leakage Power     Slack
   -----------------------------------------------------------------
   conv                         0.00           9.26          -9.26  (VIOLATED)


1
