 
****************************************
Report : constraint
        -all_violators
Design : conv
Version: K-2015.06
Date   : Fri Nov 22 20:50:11 2024
****************************************


   max_transition

                             Required        Actual
   Net                      Transition     Transition        Slack
   -----------------------------------------------------------------
   ovalid                       0.60           2.14          -1.54  (VIOLATED)
       PORT :  ovalid           0.60           2.14          -1.54  (VIOLATED)
       PIN :   U889/ZN          0.60           2.14          -1.54  (VIOLATED)
   done                         0.60           2.14          -1.54  (VIOLATED)
       PORT :  done             0.60           2.14          -1.54  (VIOLATED)
       PIN :   U930/ZN          0.60           2.14          -1.54  (VIOLATED)
   dout[0]                      0.60           2.13          -1.53  (VIOLATED)
       PORT :  dout[0]          0.60           2.13          -1.53  (VIOLATED)
       PIN :   U931/ZN          0.60           2.13          -1.53  (VIOLATED)
   dout[1]                      0.60           2.13          -1.53  (VIOLATED)
       PORT :  dout[1]          0.60           2.13          -1.53  (VIOLATED)
       PIN :   U925/ZN          0.60           2.13          -1.53  (VIOLATED)
   dout[2]                      0.60           2.13          -1.53  (VIOLATED)
       PORT :  dout[2]          0.60           2.13          -1.53  (VIOLATED)
       PIN :   U926/ZN          0.60           2.13          -1.53  (VIOLATED)
   dout[3]                      0.60           2.13          -1.53  (VIOLATED)
       PORT :  dout[3]          0.60           2.13          -1.53  (VIOLATED)
       PIN :   U927/ZN          0.60           2.13          -1.53  (VIOLATED)
   dout[4]                      0.60           2.13          -1.53  (VIOLATED)
       PORT :  dout[4]          0.60           2.13          -1.53  (VIOLATED)
       PIN :   U928/ZN          0.60           2.13          -1.53  (VIOLATED)
   dout[5]                      0.60           2.13          -1.53  (VIOLATED)
       PORT :  dout[5]          0.60           2.13          -1.53  (VIOLATED)
       PIN :   U921/ZN          0.60           2.13          -1.53  (VIOLATED)
   dout[6]                      0.60           2.13          -1.53  (VIOLATED)
       PORT :  dout[6]          0.60           2.13          -1.53  (VIOLATED)
       PIN :   U922/ZN          0.60           2.13          -1.53  (VIOLATED)
   dout[7]                      0.60           2.13          -1.53  (VIOLATED)
       PORT :  dout[7]          0.60           2.13          -1.53  (VIOLATED)
       PIN :   U923/ZN          0.60           2.13          -1.53  (VIOLATED)
   dout[8]                      0.60           2.13          -1.53  (VIOLATED)
       PORT :  dout[8]          0.60           2.13          -1.53  (VIOLATED)
       PIN :   U924/ZN          0.60           2.13          -1.53  (VIOLATED)
   dout[9]                      0.60           2.13          -1.53  (VIOLATED)
       PORT :  dout[9]          0.60           2.13          -1.53  (VIOLATED)
       PIN :   U917/ZN          0.60           2.13          -1.53  (VIOLATED)
   dout[10]                     0.60           2.13          -1.53  (VIOLATED)
       PORT :  dout[10]         0.60           2.13          -1.53  (VIOLATED)
       PIN :   U918/ZN          0.60           2.13          -1.53  (VIOLATED)
   dout[11]                     0.60           2.13          -1.53  (VIOLATED)
       PORT :  dout[11]         0.60           2.13          -1.53  (VIOLATED)
       PIN :   U919/ZN          0.60           2.13          -1.53  (VIOLATED)
   dout[12]                     0.60           2.13          -1.53  (VIOLATED)
       PORT :  dout[12]         0.60           2.13          -1.53  (VIOLATED)
       PIN :   U920/ZN          0.60           2.13          -1.53  (VIOLATED)
   dout[13]                     0.60           2.13          -1.53  (VIOLATED)
       PORT :  dout[13]         0.60           2.13          -1.53  (VIOLATED)
       PIN :   U913/ZN          0.60           2.13          -1.53  (VIOLATED)
   dout[14]                     0.60           2.13          -1.53  (VIOLATED)
       PORT :  dout[14]         0.60           2.13          -1.53  (VIOLATED)
       PIN :   U914/ZN          0.60           2.13          -1.53  (VIOLATED)
   dout[15]                     0.60           2.13          -1.53  (VIOLATED)
       PORT :  dout[15]         0.60           2.13          -1.53  (VIOLATED)
       PIN :   U915/ZN          0.60           2.13          -1.53  (VIOLATED)
   dout[16]                     0.60           2.13          -1.53  (VIOLATED)
       PORT :  dout[16]         0.60           2.13          -1.53  (VIOLATED)
       PIN :   U916/ZN          0.60           2.13          -1.53  (VIOLATED)
   dout[17]                     0.60           2.13          -1.53  (VIOLATED)
       PORT :  dout[17]         0.60           2.13          -1.53  (VIOLATED)
       PIN :   U909/ZN          0.60           2.13          -1.53  (VIOLATED)
   dout[18]                     0.60           2.13          -1.53  (VIOLATED)
       PORT :  dout[18]         0.60           2.13          -1.53  (VIOLATED)
       PIN :   U910/ZN          0.60           2.13          -1.53  (VIOLATED)
   dout[19]                     0.60           2.13          -1.53  (VIOLATED)
       PORT :  dout[19]         0.60           2.13          -1.53  (VIOLATED)
       PIN :   U911/ZN          0.60           2.13          -1.53  (VIOLATED)
   dout[20]                     0.60           2.13          -1.53  (VIOLATED)
       PORT :  dout[20]         0.60           2.13          -1.53  (VIOLATED)
       PIN :   U912/ZN          0.60           2.13          -1.53  (VIOLATED)
   dout[21]                     0.60           2.13          -1.53  (VIOLATED)
       PORT :  dout[21]         0.60           2.13          -1.53  (VIOLATED)
       PIN :   U905/ZN          0.60           2.13          -1.53  (VIOLATED)
   dout[22]                     0.60           2.13          -1.53  (VIOLATED)
       PORT :  dout[22]         0.60           2.13          -1.53  (VIOLATED)
       PIN :   U906/ZN          0.60           2.13          -1.53  (VIOLATED)
   dout[23]                     0.60           2.13          -1.53  (VIOLATED)
       PORT :  dout[23]         0.60           2.13          -1.53  (VIOLATED)
       PIN :   U907/ZN          0.60           2.13          -1.53  (VIOLATED)
   dout[24]                     0.60           2.13          -1.53  (VIOLATED)
       PORT :  dout[24]         0.60           2.13          -1.53  (VIOLATED)
       PIN :   U908/ZN          0.60           2.13          -1.53  (VIOLATED)
   dout[25]                     0.60           2.13          -1.53  (VIOLATED)
       PORT :  dout[25]         0.60           2.13          -1.53  (VIOLATED)
       PIN :   U901/ZN          0.60           2.13          -1.53  (VIOLATED)
   dout[26]                     0.60           2.13          -1.53  (VIOLATED)
       PORT :  dout[26]         0.60           2.13          -1.53  (VIOLATED)
       PIN :   U902/ZN          0.60           2.13          -1.53  (VIOLATED)
   dout[27]                     0.60           2.13          -1.53  (VIOLATED)
       PORT :  dout[27]         0.60           2.13          -1.53  (VIOLATED)
       PIN :   U903/ZN          0.60           2.13          -1.53  (VIOLATED)
   dout[28]                     0.60           2.13          -1.53  (VIOLATED)
       PORT :  dout[28]         0.60           2.13          -1.53  (VIOLATED)
       PIN :   U904/ZN          0.60           2.13          -1.53  (VIOLATED)
   dout[29]                     0.60           2.13          -1.53  (VIOLATED)
       PORT :  dout[29]         0.60           2.13          -1.53  (VIOLATED)
       PIN :   U897/ZN          0.60           2.13          -1.53  (VIOLATED)
   dout[30]                     0.60           2.13          -1.53  (VIOLATED)
       PORT :  dout[30]         0.60           2.13          -1.53  (VIOLATED)
       PIN :   U898/ZN          0.60           2.13          -1.53  (VIOLATED)
   dout[31]                     0.60           2.13          -1.53  (VIOLATED)
       PORT :  dout[31]         0.60           2.13          -1.53  (VIOLATED)
       PIN :   U899/ZN          0.60           2.13          -1.53  (VIOLATED)
   rstn                         0.60           1.00          -0.40  (VIOLATED)
       PIN :   weight_addr_reg_3_/RDN
                                0.60           1.00          -0.40  (VIOLATED)
       PIN :   weight_addr_reg_0_/RDN
                                0.60           1.00          -0.40  (VIOLATED)
       PIN :   weight_addr_reg_2_/RDN
                                0.60           1.00          -0.40  (VIOLATED)
       PIN :   weight_addr_reg_4_/RDN
                                0.60           1.00          -0.40  (VIOLATED)
       PIN :   weight_addr_reg_5_/RDN
                                0.60           1.00          -0.40  (VIOLATED)
       PIN :   weight_addr_reg_6_/RDN
                                0.60           1.00          -0.40  (VIOLATED)
       PIN :   weight_addr_reg_7_/RDN
                                0.60           1.00          -0.40  (VIOLATED)
       PIN :   k40_reg/RDN      0.60           1.00          -0.40  (VIOLATED)
       PIN :   k31_reg/RDN      0.60           1.00          -0.40  (VIOLATED)
       PIN :   k11_reg/RDN      0.60           1.00          -0.40  (VIOLATED)
       PIN :   k20_reg/RDN      0.60           1.00          -0.40  (VIOLATED)
       PIN :   k13_reg/RDN      0.60           1.00          -0.40  (VIOLATED)
       PIN :   k24_reg/RDN      0.60           1.00          -0.40  (VIOLATED)
       PIN :   k33_reg/RDN      0.60           1.00          -0.40  (VIOLATED)
       PIN :   k42_reg/RDN      0.60           1.00          -0.40  (VIOLATED)
       PIN :   k22_reg/RDN      0.60           1.00          -0.40  (VIOLATED)
       PIN :   U933/I           0.60           1.00          -0.40  (VIOLATED)
       PORT :  rstn             0.60           1.00          -0.40  (VIOLATED)
   start                        0.60           1.00          -0.40  (VIOLATED)
       PIN :   U939/C           0.60           1.00          -0.40  (VIOLATED)
       PIN :   U3419/B          0.60           1.00          -0.40  (VIOLATED)
       PIN :   U3238/B          0.60           1.00          -0.40  (VIOLATED)
       PIN :   U3420/B          0.60           1.00          -0.40  (VIOLATED)
       PIN :   U3410/B          0.60           1.00          -0.40  (VIOLATED)
       PIN :   U3411/B          0.60           1.00          -0.40  (VIOLATED)
       PIN :   U3412/B          0.60           1.00          -0.40  (VIOLATED)
       PIN :   U3413/B          0.60           1.00          -0.40  (VIOLATED)
       PIN :   U3414/B          0.60           1.00          -0.40  (VIOLATED)
       PIN :   U3415/B          0.60           1.00          -0.40  (VIOLATED)
       PIN :   U3416/B          0.60           1.00          -0.40  (VIOLATED)
       PIN :   U3417/B          0.60           1.00          -0.40  (VIOLATED)
       PIN :   U3418/C          0.60           1.00          -0.40  (VIOLATED)
       PIN :   U1010/A1         0.60           1.00          -0.40  (VIOLATED)
       PIN :   U1028/B          0.60           1.00          -0.40  (VIOLATED)
       PIN :   U2677/B          0.60           1.00          -0.40  (VIOLATED)
       PIN :   U932/I           0.60           1.00          -0.40  (VIOLATED)
       PORT :  start            0.60           1.00          -0.40  (VIOLATED)
   state                        0.60           1.00          -0.40  (VIOLATED)
       PIN :   U995/A2          0.60           1.00          -0.40  (VIOLATED)
       PIN :   U1023/B1         0.60           1.00          -0.40  (VIOLATED)
       PIN :   U885/I           0.60           1.00          -0.40  (VIOLATED)
       PORT :  state            0.60           1.00          -0.40  (VIOLATED)
   taps[0]                      0.60           1.00          -0.40  (VIOLATED)
       PIN :   m43_reg_0_/D     0.60           1.00          -0.40  (VIOLATED)
       PIN :   p44_reg_0_/D     0.60           1.00          -0.40  (VIOLATED)
       PIN :   U3289/A2         0.60           1.00          -0.40  (VIOLATED)
       PIN :   U900/I           0.60           1.00          -0.40  (VIOLATED)
       PORT :  taps[0]          0.60           1.00          -0.40  (VIOLATED)
   taps[1]                      0.60           1.00          -0.40  (VIOLATED)
       PIN :   U3371/B          0.60           1.00          -0.40  (VIOLATED)
       PIN :   U3372/A2         0.60           1.00          -0.40  (VIOLATED)
       PIN :   m43_reg_1_/D     0.60           1.00          -0.40  (VIOLATED)
       PIN :   U3289/A1         0.60           1.00          -0.40  (VIOLATED)
       PORT :  taps[1]          0.60           1.00          -0.40  (VIOLATED)
   taps[2]                      0.60           1.00          -0.40  (VIOLATED)
       PIN :   U3370/I0         0.60           1.00          -0.40  (VIOLATED)
       PIN :   U876/I           0.60           1.00          -0.40  (VIOLATED)
       PIN :   m43_reg_2_/D     0.60           1.00          -0.40  (VIOLATED)
       PORT :  taps[2]          0.60           1.00          -0.40  (VIOLATED)
   taps[3]                      0.60           1.00          -0.40  (VIOLATED)
       PIN :   U3369/A1         0.60           1.00          -0.40  (VIOLATED)
       PIN :   m43_reg_3_/D     0.60           1.00          -0.40  (VIOLATED)
       PIN :   U3291/A1         0.60           1.00          -0.40  (VIOLATED)
       PORT :  taps[3]          0.60           1.00          -0.40  (VIOLATED)
   taps[4]                      0.60           1.00          -0.40  (VIOLATED)
       PIN :   U3368/I0         0.60           1.00          -0.40  (VIOLATED)
       PIN :   m43_reg_4_/D     0.60           1.00          -0.40  (VIOLATED)
       PIN :   U886/I           0.60           1.00          -0.40  (VIOLATED)
       PORT :  taps[4]          0.60           1.00          -0.40  (VIOLATED)
   taps[5]                      0.60           1.00          -0.40  (VIOLATED)
       PIN :   U3367/A1         0.60           1.00          -0.40  (VIOLATED)
       PIN :   m43_reg_5_/D     0.60           1.00          -0.40  (VIOLATED)
       PIN :   U3293/A1         0.60           1.00          -0.40  (VIOLATED)
       PORT :  taps[5]          0.60           1.00          -0.40  (VIOLATED)
   taps[6]                      0.60           1.00          -0.40  (VIOLATED)
       PIN :   U3366/I0         0.60           1.00          -0.40  (VIOLATED)
       PIN :   m43_reg_6_/D     0.60           1.00          -0.40  (VIOLATED)
       PIN :   U884/I           0.60           1.00          -0.40  (VIOLATED)
       PORT :  taps[6]          0.60           1.00          -0.40  (VIOLATED)
   taps[7]                      0.60           1.00          -0.40  (VIOLATED)
       PIN :   U3365/A1         0.60           1.00          -0.40  (VIOLATED)
       PIN :   U3295/A1         0.60           1.00          -0.40  (VIOLATED)
       PIN :   m43_reg_7_/D     0.60           1.00          -0.40  (VIOLATED)
       PORT :  taps[7]          0.60           1.00          -0.40  (VIOLATED)
   taps[8]                      0.60           1.00          -0.40  (VIOLATED)
       PIN :   U3364/A2         0.60           1.00          -0.40  (VIOLATED)
       PIN :   U3297/A1         0.60           1.00          -0.40  (VIOLATED)
       PIN :   m43_reg_8_/D     0.60           1.00          -0.40  (VIOLATED)
       PORT :  taps[8]          0.60           1.00          -0.40  (VIOLATED)
   taps[9]                      0.60           1.00          -0.40  (VIOLATED)
       PIN :   U3363/A2         0.60           1.00          -0.40  (VIOLATED)
       PIN :   U3299/A1         0.60           1.00          -0.40  (VIOLATED)
       PIN :   m43_reg_9_/D     0.60           1.00          -0.40  (VIOLATED)
       PORT :  taps[9]          0.60           1.00          -0.40  (VIOLATED)
   taps[10]                     0.60           1.00          -0.40  (VIOLATED)
       PIN :   U3362/A2         0.60           1.00          -0.40  (VIOLATED)
       PIN :   U3301/A1         0.60           1.00          -0.40  (VIOLATED)
       PIN :   m43_reg_10_/D
                                0.60           1.00          -0.40  (VIOLATED)
       PORT :  taps[10]         0.60           1.00          -0.40  (VIOLATED)
   taps[11]                     0.60           1.00          -0.40  (VIOLATED)
       PIN :   U3361/A2         0.60           1.00          -0.40  (VIOLATED)
       PIN :   U3303/A1         0.60           1.00          -0.40  (VIOLATED)
       PIN :   m43_reg_11_/D
                                0.60           1.00          -0.40  (VIOLATED)
       PORT :  taps[11]         0.60           1.00          -0.40  (VIOLATED)
   taps[12]                     0.60           1.00          -0.40  (VIOLATED)
       PIN :   U3360/A2         0.60           1.00          -0.40  (VIOLATED)
       PIN :   U3305/A1         0.60           1.00          -0.40  (VIOLATED)
       PIN :   m43_reg_12_/D
                                0.60           1.00          -0.40  (VIOLATED)
       PORT :  taps[12]         0.60           1.00          -0.40  (VIOLATED)
   taps[13]                     0.60           1.00          -0.40  (VIOLATED)
       PIN :   U3359/A2         0.60           1.00          -0.40  (VIOLATED)
       PIN :   U3307/A1         0.60           1.00          -0.40  (VIOLATED)
       PIN :   m43_reg_13_/D
                                0.60           1.00          -0.40  (VIOLATED)
       PORT :  taps[13]         0.60           1.00          -0.40  (VIOLATED)
   taps[14]                     0.60           1.00          -0.40  (VIOLATED)
       PIN :   U3358/A2         0.60           1.00          -0.40  (VIOLATED)
       PIN :   U3309/A1         0.60           1.00          -0.40  (VIOLATED)
       PIN :   m43_reg_14_/D
                                0.60           1.00          -0.40  (VIOLATED)
       PORT :  taps[14]         0.60           1.00          -0.40  (VIOLATED)
   taps[15]                     0.60           1.00          -0.40  (VIOLATED)
       PIN :   U3357/A2         0.60           1.00          -0.40  (VIOLATED)
       PIN :   U3311/A1         0.60           1.00          -0.40  (VIOLATED)
       PIN :   m43_reg_15_/D
                                0.60           1.00          -0.40  (VIOLATED)
       PORT :  taps[15]         0.60           1.00          -0.40  (VIOLATED)
   taps[16]                     0.60           1.00          -0.40  (VIOLATED)
       PIN :   U3356/A2         0.60           1.00          -0.40  (VIOLATED)
       PIN :   U3313/A1         0.60           1.00          -0.40  (VIOLATED)
       PIN :   m43_reg_16_/D
                                0.60           1.00          -0.40  (VIOLATED)
       PORT :  taps[16]         0.60           1.00          -0.40  (VIOLATED)
   taps[17]                     0.60           1.00          -0.40  (VIOLATED)
       PIN :   U3355/A2         0.60           1.00          -0.40  (VIOLATED)
       PIN :   U3315/A1         0.60           1.00          -0.40  (VIOLATED)
       PIN :   m43_reg_17_/D
                                0.60           1.00          -0.40  (VIOLATED)
       PORT :  taps[17]         0.60           1.00          -0.40  (VIOLATED)
   taps[18]                     0.60           1.00          -0.40  (VIOLATED)
       PIN :   U3354/A2         0.60           1.00          -0.40  (VIOLATED)
       PIN :   U3317/A1         0.60           1.00          -0.40  (VIOLATED)
       PIN :   m43_reg_18_/D
                                0.60           1.00          -0.40  (VIOLATED)
       PORT :  taps[18]         0.60           1.00          -0.40  (VIOLATED)
   taps[19]                     0.60           1.00          -0.40  (VIOLATED)
       PIN :   U3353/A2         0.60           1.00          -0.40  (VIOLATED)
       PIN :   U3319/A1         0.60           1.00          -0.40  (VIOLATED)
       PIN :   m43_reg_19_/D
                                0.60           1.00          -0.40  (VIOLATED)
       PORT :  taps[19]         0.60           1.00          -0.40  (VIOLATED)
   taps[20]                     0.60           1.00          -0.40  (VIOLATED)
       PIN :   U3352/A2         0.60           1.00          -0.40  (VIOLATED)
       PIN :   U3321/A1         0.60           1.00          -0.40  (VIOLATED)
       PIN :   m43_reg_20_/D
                                0.60           1.00          -0.40  (VIOLATED)
       PORT :  taps[20]         0.60           1.00          -0.40  (VIOLATED)
   taps[21]                     0.60           1.00          -0.40  (VIOLATED)
       PIN :   U3351/A2         0.60           1.00          -0.40  (VIOLATED)
       PIN :   U3323/A1         0.60           1.00          -0.40  (VIOLATED)
       PIN :   m43_reg_21_/D
                                0.60           1.00          -0.40  (VIOLATED)
       PORT :  taps[21]         0.60           1.00          -0.40  (VIOLATED)
   taps[22]                     0.60           1.00          -0.40  (VIOLATED)
       PIN :   U3350/A2         0.60           1.00          -0.40  (VIOLATED)
       PIN :   U3325/A1         0.60           1.00          -0.40  (VIOLATED)
       PIN :   m43_reg_22_/D
                                0.60           1.00          -0.40  (VIOLATED)
       PORT :  taps[22]         0.60           1.00          -0.40  (VIOLATED)
   taps[23]                     0.60           1.00          -0.40  (VIOLATED)
       PIN :   U3349/A2         0.60           1.00          -0.40  (VIOLATED)
       PIN :   U3327/A1         0.60           1.00          -0.40  (VIOLATED)
       PIN :   m43_reg_23_/D
                                0.60           1.00          -0.40  (VIOLATED)
       PORT :  taps[23]         0.60           1.00          -0.40  (VIOLATED)
   taps[24]                     0.60           1.00          -0.40  (VIOLATED)
       PIN :   U3348/A2         0.60           1.00          -0.40  (VIOLATED)
       PIN :   U3329/A1         0.60           1.00          -0.40  (VIOLATED)
       PIN :   m43_reg_24_/D
                                0.60           1.00          -0.40  (VIOLATED)
       PORT :  taps[24]         0.60           1.00          -0.40  (VIOLATED)
   taps[25]                     0.60           1.00          -0.40  (VIOLATED)
       PIN :   U3347/A2         0.60           1.00          -0.40  (VIOLATED)
       PIN :   U3331/A1         0.60           1.00          -0.40  (VIOLATED)
       PIN :   m43_reg_25_/D
                                0.60           1.00          -0.40  (VIOLATED)
       PORT :  taps[25]         0.60           1.00          -0.40  (VIOLATED)
   taps[26]                     0.60           1.00          -0.40  (VIOLATED)
       PIN :   U3346/A2         0.60           1.00          -0.40  (VIOLATED)
       PIN :   U3333/A1         0.60           1.00          -0.40  (VIOLATED)
       PIN :   m43_reg_26_/D
                                0.60           1.00          -0.40  (VIOLATED)
       PORT :  taps[26]         0.60           1.00          -0.40  (VIOLATED)
   taps[27]                     0.60           1.00          -0.40  (VIOLATED)
       PIN :   U3345/A2         0.60           1.00          -0.40  (VIOLATED)
       PIN :   U3335/A1         0.60           1.00          -0.40  (VIOLATED)
       PIN :   m43_reg_27_/D
                                0.60           1.00          -0.40  (VIOLATED)
       PORT :  taps[27]         0.60           1.00          -0.40  (VIOLATED)
   taps[28]                     0.60           1.00          -0.40  (VIOLATED)
       PIN :   U3344/A2         0.60           1.00          -0.40  (VIOLATED)
       PIN :   U3337/A1         0.60           1.00          -0.40  (VIOLATED)
       PIN :   m43_reg_28_/D
                                0.60           1.00          -0.40  (VIOLATED)
       PORT :  taps[28]         0.60           1.00          -0.40  (VIOLATED)
   taps[29]                     0.60           1.00          -0.40  (VIOLATED)
       PIN :   U3343/A2         0.60           1.00          -0.40  (VIOLATED)
       PIN :   U3339/A1         0.60           1.00          -0.40  (VIOLATED)
       PIN :   m43_reg_29_/D
                                0.60           1.00          -0.40  (VIOLATED)
       PORT :  taps[29]         0.60           1.00          -0.40  (VIOLATED)
   taps[30]                     0.60           1.00          -0.40  (VIOLATED)
       PIN :   U3342/A2         0.60           1.00          -0.40  (VIOLATED)
       PIN :   U3341/A1         0.60           1.00          -0.40  (VIOLATED)
       PIN :   m43_reg_30_/D
                                0.60           1.00          -0.40  (VIOLATED)
       PORT :  taps[30]         0.60           1.00          -0.40  (VIOLATED)
   taps[31]                     0.60           1.00          -0.40  (VIOLATED)
       PIN :   U3375/B          0.60           1.00          -0.40  (VIOLATED)
       PIN :   m43_reg_31_/D
                                0.60           1.00          -0.40  (VIOLATED)
       PIN :   U3376/A2         0.60           1.00          -0.40  (VIOLATED)
       PORT :  taps[31]         0.60           1.00          -0.40  (VIOLATED)
   taps[32]                     0.60           1.00          -0.40  (VIOLATED)
       PIN :   p34_reg_0_/D     0.60           1.00          -0.40  (VIOLATED)
       PIN :   m33_reg_0_/D     0.60           1.00          -0.40  (VIOLATED)
       PIN :   U1962/A2         0.60           1.00          -0.40  (VIOLATED)
       PIN :   U895/I           0.60           1.00          -0.40  (VIOLATED)
       PORT :  taps[32]         0.60           1.00          -0.40  (VIOLATED)
   taps[33]                     0.60           1.00          -0.40  (VIOLATED)
       PIN :   U1959/B          0.60           1.00          -0.40  (VIOLATED)
       PIN :   U1960/A2         0.60           1.00          -0.40  (VIOLATED)
       PIN :   m33_reg_1_/D     0.60           1.00          -0.40  (VIOLATED)
       PIN :   U1962/A1         0.60           1.00          -0.40  (VIOLATED)
       PORT :  taps[33]         0.60           1.00          -0.40  (VIOLATED)
   taps[34]                     0.60           1.00          -0.40  (VIOLATED)
       PIN :   U1963/I0         0.60           1.00          -0.40  (VIOLATED)
       PIN :   m33_reg_2_/D     0.60           1.00          -0.40  (VIOLATED)
       PIN :   U883/I           0.60           1.00          -0.40  (VIOLATED)
       PORT :  taps[34]         0.60           1.00          -0.40  (VIOLATED)
   taps[35]                     0.60           1.00          -0.40  (VIOLATED)
       PIN :   U1966/A1         0.60           1.00          -0.40  (VIOLATED)
       PIN :   U1965/A1         0.60           1.00          -0.40  (VIOLATED)
       PIN :   m33_reg_3_/D     0.60           1.00          -0.40  (VIOLATED)
       PORT :  taps[35]         0.60           1.00          -0.40  (VIOLATED)
   taps[36]                     0.60           1.00          -0.40  (VIOLATED)
       PIN :   U1969/A2         0.60           1.00          -0.40  (VIOLATED)
       PIN :   m33_reg_4_/D     0.60           1.00          -0.40  (VIOLATED)
       PIN :   U1968/B          0.60           1.00          -0.40  (VIOLATED)
       PIN :   U896/I           0.60           1.00          -0.40  (VIOLATED)
       PORT :  taps[36]         0.60           1.00          -0.40  (VIOLATED)
   taps[37]                     0.60           1.00          -0.40  (VIOLATED)
       PIN :   U1972/A1         0.60           1.00          -0.40  (VIOLATED)
       PIN :   U1971/A1         0.60           1.00          -0.40  (VIOLATED)
       PIN :   m33_reg_5_/D     0.60           1.00          -0.40  (VIOLATED)
       PORT :  taps[37]         0.60           1.00          -0.40  (VIOLATED)
   taps[38]                     0.60           1.00          -0.40  (VIOLATED)
       PIN :   U1974/I1         0.60           1.00          -0.40  (VIOLATED)
       PIN :   m33_reg_6_/D     0.60           1.00          -0.40  (VIOLATED)
       PIN :   U882/I           0.60           1.00          -0.40  (VIOLATED)
       PORT :  taps[38]         0.60           1.00          -0.40  (VIOLATED)
   taps[39]                     0.60           1.00          -0.40  (VIOLATED)
       PIN :   U1977/A2         0.60           1.00          -0.40  (VIOLATED)
       PIN :   U1976/A1         0.60           1.00          -0.40  (VIOLATED)
       PIN :   m33_reg_7_/D     0.60           1.00          -0.40  (VIOLATED)
       PORT :  taps[39]         0.60           1.00          -0.40  (VIOLATED)
   taps[40]                     0.60           1.00          -0.40  (VIOLATED)
       PIN :   U1980/A2         0.60           1.00          -0.40  (VIOLATED)
       PIN :   U1979/A1         0.60           1.00          -0.40  (VIOLATED)
       PIN :   m33_reg_8_/D     0.60           1.00          -0.40  (VIOLATED)
       PORT :  taps[40]         0.60           1.00          -0.40  (VIOLATED)
   taps[41]                     0.60           1.00          -0.40  (VIOLATED)
       PIN :   U1983/A2         0.60           1.00          -0.40  (VIOLATED)
       PIN :   U1982/A1         0.60           1.00          -0.40  (VIOLATED)
       PIN :   m33_reg_9_/D     0.60           1.00          -0.40  (VIOLATED)
       PORT :  taps[41]         0.60           1.00          -0.40  (VIOLATED)
   taps[42]                     0.60           1.00          -0.40  (VIOLATED)
       PIN :   U1986/A2         0.60           1.00          -0.40  (VIOLATED)
       PIN :   U1985/A1         0.60           1.00          -0.40  (VIOLATED)
       PIN :   m33_reg_10_/D
                                0.60           1.00          -0.40  (VIOLATED)
       PORT :  taps[42]         0.60           1.00          -0.40  (VIOLATED)
   taps[43]                     0.60           1.00          -0.40  (VIOLATED)
       PIN :   U1989/A2         0.60           1.00          -0.40  (VIOLATED)
       PIN :   U1988/A1         0.60           1.00          -0.40  (VIOLATED)
       PIN :   m33_reg_11_/D
                                0.60           1.00          -0.40  (VIOLATED)
       PORT :  taps[43]         0.60           1.00          -0.40  (VIOLATED)
   taps[44]                     0.60           1.00          -0.40  (VIOLATED)
       PIN :   U1992/A2         0.60           1.00          -0.40  (VIOLATED)
       PIN :   U1991/A1         0.60           1.00          -0.40  (VIOLATED)
       PIN :   m33_reg_12_/D
                                0.60           1.00          -0.40  (VIOLATED)
       PORT :  taps[44]         0.60           1.00          -0.40  (VIOLATED)
   taps[45]                     0.60           1.00          -0.40  (VIOLATED)
       PIN :   U1995/A2         0.60           1.00          -0.40  (VIOLATED)
       PIN :   U1994/A1         0.60           1.00          -0.40  (VIOLATED)
       PIN :   m33_reg_13_/D
                                0.60           1.00          -0.40  (VIOLATED)
       PORT :  taps[45]         0.60           1.00          -0.40  (VIOLATED)
   taps[46]                     0.60           1.00          -0.40  (VIOLATED)
       PIN :   U1998/A2         0.60           1.00          -0.40  (VIOLATED)
       PIN :   U1997/A1         0.60           1.00          -0.40  (VIOLATED)
       PIN :   m33_reg_14_/D
                                0.60           1.00          -0.40  (VIOLATED)
       PORT :  taps[46]         0.60           1.00          -0.40  (VIOLATED)
   taps[47]                     0.60           1.00          -0.40  (VIOLATED)
       PIN :   U2001/A2         0.60           1.00          -0.40  (VIOLATED)
       PIN :   U2000/A1         0.60           1.00          -0.40  (VIOLATED)
       PIN :   m33_reg_15_/D
                                0.60           1.00          -0.40  (VIOLATED)
       PORT :  taps[47]         0.60           1.00          -0.40  (VIOLATED)
   taps[48]                     0.60           1.00          -0.40  (VIOLATED)
       PIN :   U2004/A2         0.60           1.00          -0.40  (VIOLATED)
       PIN :   U2003/A1         0.60           1.00          -0.40  (VIOLATED)
       PIN :   m33_reg_16_/D
                                0.60           1.00          -0.40  (VIOLATED)
       PORT :  taps[48]         0.60           1.00          -0.40  (VIOLATED)
   taps[49]                     0.60           1.00          -0.40  (VIOLATED)
       PIN :   U2007/A2         0.60           1.00          -0.40  (VIOLATED)
       PIN :   U2006/A1         0.60           1.00          -0.40  (VIOLATED)
       PIN :   m33_reg_17_/D
                                0.60           1.00          -0.40  (VIOLATED)
       PORT :  taps[49]         0.60           1.00          -0.40  (VIOLATED)
   taps[50]                     0.60           1.00          -0.40  (VIOLATED)
       PIN :   U2010/A2         0.60           1.00          -0.40  (VIOLATED)
       PIN :   U2009/A1         0.60           1.00          -0.40  (VIOLATED)
       PIN :   m33_reg_18_/D
                                0.60           1.00          -0.40  (VIOLATED)
       PORT :  taps[50]         0.60           1.00          -0.40  (VIOLATED)
   taps[51]                     0.60           1.00          -0.40  (VIOLATED)
       PIN :   U2013/A2         0.60           1.00          -0.40  (VIOLATED)
       PIN :   U2012/A1         0.60           1.00          -0.40  (VIOLATED)
       PIN :   m33_reg_19_/D
                                0.60           1.00          -0.40  (VIOLATED)
       PORT :  taps[51]         0.60           1.00          -0.40  (VIOLATED)
   taps[52]                     0.60           1.00          -0.40  (VIOLATED)
       PIN :   U2016/A2         0.60           1.00          -0.40  (VIOLATED)
       PIN :   U2015/A1         0.60           1.00          -0.40  (VIOLATED)
       PIN :   m33_reg_20_/D
                                0.60           1.00          -0.40  (VIOLATED)
       PORT :  taps[52]         0.60           1.00          -0.40  (VIOLATED)
   taps[53]                     0.60           1.00          -0.40  (VIOLATED)
       PIN :   U2019/A2         0.60           1.00          -0.40  (VIOLATED)
       PIN :   U2018/A1         0.60           1.00          -0.40  (VIOLATED)
       PIN :   m33_reg_21_/D
                                0.60           1.00          -0.40  (VIOLATED)
       PORT :  taps[53]         0.60           1.00          -0.40  (VIOLATED)
   taps[54]                     0.60           1.00          -0.40  (VIOLATED)
       PIN :   U2022/A2         0.60           1.00          -0.40  (VIOLATED)
       PIN :   U2021/A1         0.60           1.00          -0.40  (VIOLATED)
       PIN :   m33_reg_22_/D
                                0.60           1.00          -0.40  (VIOLATED)
       PORT :  taps[54]         0.60           1.00          -0.40  (VIOLATED)
   taps[55]                     0.60           1.00          -0.40  (VIOLATED)
       PIN :   U2025/A2         0.60           1.00          -0.40  (VIOLATED)
       PIN :   U2024/A1         0.60           1.00          -0.40  (VIOLATED)
       PIN :   m33_reg_23_/D
                                0.60           1.00          -0.40  (VIOLATED)
       PORT :  taps[55]         0.60           1.00          -0.40  (VIOLATED)
   taps[56]                     0.60           1.00          -0.40  (VIOLATED)
       PIN :   U2028/A2         0.60           1.00          -0.40  (VIOLATED)
       PIN :   U2027/A1         0.60           1.00          -0.40  (VIOLATED)
       PIN :   m33_reg_24_/D
                                0.60           1.00          -0.40  (VIOLATED)
       PORT :  taps[56]         0.60           1.00          -0.40  (VIOLATED)
   taps[57]                     0.60           1.00          -0.40  (VIOLATED)
       PIN :   U2031/A2         0.60           1.00          -0.40  (VIOLATED)
       PIN :   U2030/A1         0.60           1.00          -0.40  (VIOLATED)
       PIN :   m33_reg_25_/D
                                0.60           1.00          -0.40  (VIOLATED)
       PORT :  taps[57]         0.60           1.00          -0.40  (VIOLATED)
   taps[58]                     0.60           1.00          -0.40  (VIOLATED)
       PIN :   U2034/A2         0.60           1.00          -0.40  (VIOLATED)
       PIN :   U2033/A1         0.60           1.00          -0.40  (VIOLATED)
       PIN :   m33_reg_26_/D
                                0.60           1.00          -0.40  (VIOLATED)
       PORT :  taps[58]         0.60           1.00          -0.40  (VIOLATED)
   taps[59]                     0.60           1.00          -0.40  (VIOLATED)
       PIN :   U2037/A2         0.60           1.00          -0.40  (VIOLATED)
       PIN :   U2036/A1         0.60           1.00          -0.40  (VIOLATED)
       PIN :   m33_reg_27_/D
                                0.60           1.00          -0.40  (VIOLATED)
       PORT :  taps[59]         0.60           1.00          -0.40  (VIOLATED)
   taps[60]                     0.60           1.00          -0.40  (VIOLATED)
       PIN :   U2040/A2         0.60           1.00          -0.40  (VIOLATED)
       PIN :   U2039/A1         0.60           1.00          -0.40  (VIOLATED)
       PIN :   m33_reg_28_/D
                                0.60           1.00          -0.40  (VIOLATED)
       PORT :  taps[60]         0.60           1.00          -0.40  (VIOLATED)
   taps[61]                     0.60           1.00          -0.40  (VIOLATED)
       PIN :   U2043/A2         0.60           1.00          -0.40  (VIOLATED)
       PIN :   U2042/A1         0.60           1.00          -0.40  (VIOLATED)
       PIN :   m33_reg_29_/D
                                0.60           1.00          -0.40  (VIOLATED)
       PORT :  taps[61]         0.60           1.00          -0.40  (VIOLATED)
   taps[62]                     0.60           1.00          -0.40  (VIOLATED)
       PIN :   U2046/A2         0.60           1.00          -0.40  (VIOLATED)
       PIN :   U2045/A1         0.60           1.00          -0.40  (VIOLATED)
       PIN :   m33_reg_30_/D
                                0.60           1.00          -0.40  (VIOLATED)
       PORT :  taps[62]         0.60           1.00          -0.40  (VIOLATED)
   taps[63]                     0.60           1.00          -0.40  (VIOLATED)
       PIN :   U2047/B          0.60           1.00          -0.40  (VIOLATED)
       PIN :   m33_reg_31_/D
                                0.60           1.00          -0.40  (VIOLATED)
       PIN :   U2048/A2         0.60           1.00          -0.40  (VIOLATED)
       PORT :  taps[63]         0.60           1.00          -0.40  (VIOLATED)
   taps[64]                     0.60           1.00          -0.40  (VIOLATED)
       PIN :   p24_reg_0_/D     0.60           1.00          -0.40  (VIOLATED)
       PIN :   U1166/A3         0.60           1.00          -0.40  (VIOLATED)
       PIN :   m23_reg_0_/D     0.60           1.00          -0.40  (VIOLATED)
       PIN :   U1031/A4         0.60           1.00          -0.40  (VIOLATED)
       PIN :   U1105/A2         0.60           1.00          -0.40  (VIOLATED)
       PIN :   U935/I           0.60           1.00          -0.40  (VIOLATED)
       PORT :  taps[64]         0.60           1.00          -0.40  (VIOLATED)
   taps[65]                     0.60           1.00          -0.40  (VIOLATED)
       PIN :   U1188/B          0.60           1.00          -0.40  (VIOLATED)
       PIN :   U1189/A2         0.60           1.00          -0.40  (VIOLATED)
       PIN :   U1166/A2         0.60           1.00          -0.40  (VIOLATED)
       PIN :   U1031/A3         0.60           1.00          -0.40  (VIOLATED)
       PIN :   m23_reg_1_/D     0.60           1.00          -0.40  (VIOLATED)
       PIN :   U1105/A1         0.60           1.00          -0.40  (VIOLATED)
       PORT :  taps[65]         0.60           1.00          -0.40  (VIOLATED)
   taps[66]                     0.60           1.00          -0.40  (VIOLATED)
       PIN :   U1106/I0         0.60           1.00          -0.40  (VIOLATED)
       PIN :   m23_reg_2_/D     0.60           1.00          -0.40  (VIOLATED)
       PIN :   U1166/A1         0.60           1.00          -0.40  (VIOLATED)
       PIN :   U1031/A2         0.60           1.00          -0.40  (VIOLATED)
       PIN :   U929/I           0.60           1.00          -0.40  (VIOLATED)
       PORT :  taps[66]         0.60           1.00          -0.40  (VIOLATED)
   taps[67]                     0.60           1.00          -0.40  (VIOLATED)
       PIN :   U1167/B          0.60           1.00          -0.40  (VIOLATED)
       PIN :   m23_reg_3_/D     0.60           1.00          -0.40  (VIOLATED)
       PIN :   U1031/A1         0.60           1.00          -0.40  (VIOLATED)
       PIN :   U1168/A2         0.60           1.00          -0.40  (VIOLATED)
       PORT :  taps[67]         0.60           1.00          -0.40  (VIOLATED)
   taps[68]                     0.60           1.00          -0.40  (VIOLATED)
       PIN :   U1100/B          0.60           1.00          -0.40  (VIOLATED)
       PIN :   U1032/A1         0.60           1.00          -0.40  (VIOLATED)
       PIN :   m23_reg_4_/D     0.60           1.00          -0.40  (VIOLATED)
       PIN :   U1101/A2         0.60           1.00          -0.40  (VIOLATED)
       PORT :  taps[68]         0.60           1.00          -0.40  (VIOLATED)
   taps[69]                     0.60           1.00          -0.40  (VIOLATED)
       PIN :   U1099/I0         0.60           1.00          -0.40  (VIOLATED)
       PIN :   m23_reg_5_/D     0.60           1.00          -0.40  (VIOLATED)
       PIN :   U1033/A1         0.60           1.00          -0.40  (VIOLATED)
       PIN :   U893/I           0.60           1.00          -0.40  (VIOLATED)
       PORT :  taps[69]         0.60           1.00          -0.40  (VIOLATED)
   taps[70]                     0.60           1.00          -0.40  (VIOLATED)
       PIN :   U1104/I1         0.60           1.00          -0.40  (VIOLATED)
       PIN :   m23_reg_6_/D     0.60           1.00          -0.40  (VIOLATED)
       PIN :   U881/I           0.60           1.00          -0.40  (VIOLATED)
       PORT :  taps[70]         0.60           1.00          -0.40  (VIOLATED)
   taps[71]                     0.60           1.00          -0.40  (VIOLATED)
       PIN :   U1102/A2         0.60           1.00          -0.40  (VIOLATED)
       PIN :   U1035/A1         0.60           1.00          -0.40  (VIOLATED)
       PIN :   m23_reg_7_/D     0.60           1.00          -0.40  (VIOLATED)
       PORT :  taps[71]         0.60           1.00          -0.40  (VIOLATED)
   taps[72]                     0.60           1.00          -0.40  (VIOLATED)
       PIN :   U1038/A2         0.60           1.00          -0.40  (VIOLATED)
       PIN :   U1037/A1         0.60           1.00          -0.40  (VIOLATED)
       PIN :   m23_reg_8_/D     0.60           1.00          -0.40  (VIOLATED)
       PORT :  taps[72]         0.60           1.00          -0.40  (VIOLATED)
   taps[73]                     0.60           1.00          -0.40  (VIOLATED)
       PIN :   U1161/A2         0.60           1.00          -0.40  (VIOLATED)
       PIN :   U1040/A1         0.60           1.00          -0.40  (VIOLATED)
       PIN :   m23_reg_9_/D     0.60           1.00          -0.40  (VIOLATED)
       PORT :  taps[73]         0.60           1.00          -0.40  (VIOLATED)
   taps[74]                     0.60           1.00          -0.40  (VIOLATED)
       PIN :   U1043/A2         0.60           1.00          -0.40  (VIOLATED)
       PIN :   U1042/A1         0.60           1.00          -0.40  (VIOLATED)
       PIN :   m23_reg_10_/D
                                0.60           1.00          -0.40  (VIOLATED)
       PORT :  taps[74]         0.60           1.00          -0.40  (VIOLATED)
   taps[75]                     0.60           1.00          -0.40  (VIOLATED)
       PIN :   U1046/A2         0.60           1.00          -0.40  (VIOLATED)
       PIN :   U1045/A1         0.60           1.00          -0.40  (VIOLATED)
       PIN :   m23_reg_11_/D
                                0.60           1.00          -0.40  (VIOLATED)
       PORT :  taps[75]         0.60           1.00          -0.40  (VIOLATED)
   taps[76]                     0.60           1.00          -0.40  (VIOLATED)
       PIN :   U1267/A2         0.60           1.00          -0.40  (VIOLATED)
       PIN :   U1266/A1         0.60           1.00          -0.40  (VIOLATED)
       PIN :   m23_reg_12_/D
                                0.60           1.00          -0.40  (VIOLATED)
       PORT :  taps[76]         0.60           1.00          -0.40  (VIOLATED)
   taps[77]                     0.60           1.00          -0.40  (VIOLATED)
       PIN :   U1323/A2         0.60           1.00          -0.40  (VIOLATED)
       PIN :   U1322/A1         0.60           1.00          -0.40  (VIOLATED)
       PIN :   m23_reg_13_/D
                                0.60           1.00          -0.40  (VIOLATED)
       PORT :  taps[77]         0.60           1.00          -0.40  (VIOLATED)
   taps[78]                     0.60           1.00          -0.40  (VIOLATED)
       PIN :   U1327/A2         0.60           1.00          -0.40  (VIOLATED)
       PIN :   U1326/A1         0.60           1.00          -0.40  (VIOLATED)
       PIN :   m23_reg_14_/D
                                0.60           1.00          -0.40  (VIOLATED)
       PORT :  taps[78]         0.60           1.00          -0.40  (VIOLATED)
   taps[79]                     0.60           1.00          -0.40  (VIOLATED)
       PIN :   U1330/A2         0.60           1.00          -0.40  (VIOLATED)
       PIN :   U1329/A1         0.60           1.00          -0.40  (VIOLATED)
       PIN :   m23_reg_15_/D
                                0.60           1.00          -0.40  (VIOLATED)
       PORT :  taps[79]         0.60           1.00          -0.40  (VIOLATED)
   taps[80]                     0.60           1.00          -0.40  (VIOLATED)
       PIN :   U1333/A2         0.60           1.00          -0.40  (VIOLATED)
       PIN :   U1332/A1         0.60           1.00          -0.40  (VIOLATED)
       PIN :   m23_reg_16_/D
                                0.60           1.00          -0.40  (VIOLATED)
       PORT :  taps[80]         0.60           1.00          -0.40  (VIOLATED)
   taps[81]                     0.60           1.00          -0.40  (VIOLATED)
       PIN :   U1336/A2         0.60           1.00          -0.40  (VIOLATED)
       PIN :   U1335/A1         0.60           1.00          -0.40  (VIOLATED)
       PIN :   m23_reg_17_/D
                                0.60           1.00          -0.40  (VIOLATED)
       PORT :  taps[81]         0.60           1.00          -0.40  (VIOLATED)
   taps[82]                     0.60           1.00          -0.40  (VIOLATED)
       PIN :   U1339/A2         0.60           1.00          -0.40  (VIOLATED)
       PIN :   U1338/A1         0.60           1.00          -0.40  (VIOLATED)
       PIN :   m23_reg_18_/D
                                0.60           1.00          -0.40  (VIOLATED)
       PORT :  taps[82]         0.60           1.00          -0.40  (VIOLATED)
   taps[83]                     0.60           1.00          -0.40  (VIOLATED)
       PIN :   U1342/A2         0.60           1.00          -0.40  (VIOLATED)
       PIN :   U1341/A1         0.60           1.00          -0.40  (VIOLATED)
       PIN :   m23_reg_19_/D
                                0.60           1.00          -0.40  (VIOLATED)
       PORT :  taps[83]         0.60           1.00          -0.40  (VIOLATED)
   taps[84]                     0.60           1.00          -0.40  (VIOLATED)
       PIN :   U1345/A2         0.60           1.00          -0.40  (VIOLATED)
       PIN :   U1344/A1         0.60           1.00          -0.40  (VIOLATED)
       PIN :   m23_reg_20_/D
                                0.60           1.00          -0.40  (VIOLATED)
       PORT :  taps[84]         0.60           1.00          -0.40  (VIOLATED)
   taps[85]                     0.60           1.00          -0.40  (VIOLATED)
       PIN :   U1348/A2         0.60           1.00          -0.40  (VIOLATED)
       PIN :   U1347/A1         0.60           1.00          -0.40  (VIOLATED)
       PIN :   m23_reg_21_/D
                                0.60           1.00          -0.40  (VIOLATED)
       PORT :  taps[85]         0.60           1.00          -0.40  (VIOLATED)
   taps[86]                     0.60           1.00          -0.40  (VIOLATED)
       PIN :   U1351/A2         0.60           1.00          -0.40  (VIOLATED)
       PIN :   U1350/A1         0.60           1.00          -0.40  (VIOLATED)
       PIN :   m23_reg_22_/D
                                0.60           1.00          -0.40  (VIOLATED)
       PORT :  taps[86]         0.60           1.00          -0.40  (VIOLATED)
   taps[87]                     0.60           1.00          -0.40  (VIOLATED)
       PIN :   U1354/A2         0.60           1.00          -0.40  (VIOLATED)
       PIN :   U1353/A1         0.60           1.00          -0.40  (VIOLATED)
       PIN :   m23_reg_23_/D
                                0.60           1.00          -0.40  (VIOLATED)
       PORT :  taps[87]         0.60           1.00          -0.40  (VIOLATED)
   taps[88]                     0.60           1.00          -0.40  (VIOLATED)
       PIN :   U1357/A2         0.60           1.00          -0.40  (VIOLATED)
       PIN :   U1356/A1         0.60           1.00          -0.40  (VIOLATED)
       PIN :   m23_reg_24_/D
                                0.60           1.00          -0.40  (VIOLATED)
       PORT :  taps[88]         0.60           1.00          -0.40  (VIOLATED)
   taps[89]                     0.60           1.00          -0.40  (VIOLATED)
       PIN :   U1360/A2         0.60           1.00          -0.40  (VIOLATED)
       PIN :   U1359/A1         0.60           1.00          -0.40  (VIOLATED)
       PIN :   m23_reg_25_/D
                                0.60           1.00          -0.40  (VIOLATED)
       PORT :  taps[89]         0.60           1.00          -0.40  (VIOLATED)
   taps[90]                     0.60           1.00          -0.40  (VIOLATED)
       PIN :   U1363/A2         0.60           1.00          -0.40  (VIOLATED)
       PIN :   U1362/A1         0.60           1.00          -0.40  (VIOLATED)
       PIN :   m23_reg_26_/D
                                0.60           1.00          -0.40  (VIOLATED)
       PORT :  taps[90]         0.60           1.00          -0.40  (VIOLATED)
   taps[91]                     0.60           1.00          -0.40  (VIOLATED)
       PIN :   U1366/A2         0.60           1.00          -0.40  (VIOLATED)
       PIN :   U1365/A1         0.60           1.00          -0.40  (VIOLATED)
       PIN :   m23_reg_27_/D
                                0.60           1.00          -0.40  (VIOLATED)
       PORT :  taps[91]         0.60           1.00          -0.40  (VIOLATED)
   taps[92]                     0.60           1.00          -0.40  (VIOLATED)
       PIN :   U1369/A2         0.60           1.00          -0.40  (VIOLATED)
       PIN :   U1368/A1         0.60           1.00          -0.40  (VIOLATED)
       PIN :   m23_reg_28_/D
                                0.60           1.00          -0.40  (VIOLATED)
       PORT :  taps[92]         0.60           1.00          -0.40  (VIOLATED)
   taps[93]                     0.60           1.00          -0.40  (VIOLATED)
       PIN :   U1372/A2         0.60           1.00          -0.40  (VIOLATED)
       PIN :   U1371/A1         0.60           1.00          -0.40  (VIOLATED)
       PIN :   m23_reg_29_/D
                                0.60           1.00          -0.40  (VIOLATED)
       PORT :  taps[93]         0.60           1.00          -0.40  (VIOLATED)
   taps[94]                     0.60           1.00          -0.40  (VIOLATED)
       PIN :   U1375/A2         0.60           1.00          -0.40  (VIOLATED)
       PIN :   U1374/A1         0.60           1.00          -0.40  (VIOLATED)
       PIN :   m23_reg_30_/D
                                0.60           1.00          -0.40  (VIOLATED)
       PORT :  taps[94]         0.60           1.00          -0.40  (VIOLATED)
   taps[95]                     0.60           1.00          -0.40  (VIOLATED)
       PIN :   U1376/B          0.60           1.00          -0.40  (VIOLATED)
       PIN :   m23_reg_31_/D
                                0.60           1.00          -0.40  (VIOLATED)
       PIN :   U1377/A2         0.60           1.00          -0.40  (VIOLATED)
       PORT :  taps[95]         0.60           1.00          -0.40  (VIOLATED)
   taps[96]                     0.60           1.00          -0.40  (VIOLATED)
       PIN :   m13_reg_0_/D     0.60           1.00          -0.40  (VIOLATED)
       PIN :   U2813/A2         0.60           1.00          -0.40  (VIOLATED)
       PIN :   p14_reg_0_/D     0.60           1.00          -0.40  (VIOLATED)
       PIN :   U894/I           0.60           1.00          -0.40  (VIOLATED)
       PORT :  taps[96]         0.60           1.00          -0.40  (VIOLATED)
   taps[97]                     0.60           1.00          -0.40  (VIOLATED)
       PIN :   U2811/B          0.60           1.00          -0.40  (VIOLATED)
       PIN :   m13_reg_1_/D     0.60           1.00          -0.40  (VIOLATED)
       PIN :   U2813/A1         0.60           1.00          -0.40  (VIOLATED)
       PIN :   U2812/A2         0.60           1.00          -0.40  (VIOLATED)
       PORT :  taps[97]         0.60           1.00          -0.40  (VIOLATED)
   taps[98]                     0.60           1.00          -0.40  (VIOLATED)
       PIN :   U2815/A2         0.60           1.00          -0.40  (VIOLATED)
       PIN :   m13_reg_2_/D     0.60           1.00          -0.40  (VIOLATED)
       PIN :   U2814/B          0.60           1.00          -0.40  (VIOLATED)
       PIN :   U891/I           0.60           1.00          -0.40  (VIOLATED)
       PORT :  taps[98]         0.60           1.00          -0.40  (VIOLATED)
   taps[99]                     0.60           1.00          -0.40  (VIOLATED)
       PIN :   U2817/A1         0.60           1.00          -0.40  (VIOLATED)
       PIN :   m13_reg_3_/D     0.60           1.00          -0.40  (VIOLATED)
       PIN :   U2818/A1         0.60           1.00          -0.40  (VIOLATED)
       PORT :  taps[99]         0.60           1.00          -0.40  (VIOLATED)
   taps[100]                    0.60           1.00          -0.40  (VIOLATED)
       PIN :   U2819/I0         0.60           1.00          -0.40  (VIOLATED)
       PIN :   m13_reg_4_/D     0.60           1.00          -0.40  (VIOLATED)
       PIN :   U880/I           0.60           1.00          -0.40  (VIOLATED)
       PORT :  taps[100]        0.60           1.00          -0.40  (VIOLATED)
   taps[101]                    0.60           1.00          -0.40  (VIOLATED)
       PIN :   U2821/A1         0.60           1.00          -0.40  (VIOLATED)
       PIN :   m13_reg_5_/D     0.60           1.00          -0.40  (VIOLATED)
       PIN :   U2822/A1         0.60           1.00          -0.40  (VIOLATED)
       PORT :  taps[101]        0.60           1.00          -0.40  (VIOLATED)
   taps[102]                    0.60           1.00          -0.40  (VIOLATED)
       PIN :   U2823/I0         0.60           1.00          -0.40  (VIOLATED)
       PIN :   m13_reg_6_/D     0.60           1.00          -0.40  (VIOLATED)
       PIN :   U879/I           0.60           1.00          -0.40  (VIOLATED)
       PORT :  taps[102]        0.60           1.00          -0.40  (VIOLATED)
   taps[103]                    0.60           1.00          -0.40  (VIOLATED)
       PIN :   U2826/A1         0.60           1.00          -0.40  (VIOLATED)
       PIN :   U2825/A1         0.60           1.00          -0.40  (VIOLATED)
       PIN :   m13_reg_7_/D     0.60           1.00          -0.40  (VIOLATED)
       PORT :  taps[103]        0.60           1.00          -0.40  (VIOLATED)
   taps[104]                    0.60           1.00          -0.40  (VIOLATED)
       PIN :   U2829/A2         0.60           1.00          -0.40  (VIOLATED)
       PIN :   U2828/A1         0.60           1.00          -0.40  (VIOLATED)
       PIN :   m13_reg_8_/D     0.60           1.00          -0.40  (VIOLATED)
       PORT :  taps[104]        0.60           1.00          -0.40  (VIOLATED)
   taps[105]                    0.60           1.00          -0.40  (VIOLATED)
       PIN :   U2832/A2         0.60           1.00          -0.40  (VIOLATED)
       PIN :   U2831/A1         0.60           1.00          -0.40  (VIOLATED)
       PIN :   m13_reg_9_/D     0.60           1.00          -0.40  (VIOLATED)
       PORT :  taps[105]        0.60           1.00          -0.40  (VIOLATED)
   taps[106]                    0.60           1.00          -0.40  (VIOLATED)
       PIN :   U2835/A2         0.60           1.00          -0.40  (VIOLATED)
       PIN :   U2834/A1         0.60           1.00          -0.40  (VIOLATED)
       PIN :   m13_reg_10_/D
                                0.60           1.00          -0.40  (VIOLATED)
       PORT :  taps[106]        0.60           1.00          -0.40  (VIOLATED)
   taps[107]                    0.60           1.00          -0.40  (VIOLATED)
       PIN :   U2838/A2         0.60           1.00          -0.40  (VIOLATED)
       PIN :   U2837/A1         0.60           1.00          -0.40  (VIOLATED)
       PIN :   m13_reg_11_/D
                                0.60           1.00          -0.40  (VIOLATED)
       PORT :  taps[107]        0.60           1.00          -0.40  (VIOLATED)
   taps[108]                    0.60           1.00          -0.40  (VIOLATED)
       PIN :   U2841/A2         0.60           1.00          -0.40  (VIOLATED)
       PIN :   U2840/A1         0.60           1.00          -0.40  (VIOLATED)
       PIN :   m13_reg_12_/D
                                0.60           1.00          -0.40  (VIOLATED)
       PORT :  taps[108]        0.60           1.00          -0.40  (VIOLATED)
   taps[109]                    0.60           1.00          -0.40  (VIOLATED)
       PIN :   U2844/A2         0.60           1.00          -0.40  (VIOLATED)
       PIN :   U2843/A1         0.60           1.00          -0.40  (VIOLATED)
       PIN :   m13_reg_13_/D
                                0.60           1.00          -0.40  (VIOLATED)
       PORT :  taps[109]        0.60           1.00          -0.40  (VIOLATED)
   taps[110]                    0.60           1.00          -0.40  (VIOLATED)
       PIN :   U2847/A2         0.60           1.00          -0.40  (VIOLATED)
       PIN :   U2846/A1         0.60           1.00          -0.40  (VIOLATED)
       PIN :   m13_reg_14_/D
                                0.60           1.00          -0.40  (VIOLATED)
       PORT :  taps[110]        0.60           1.00          -0.40  (VIOLATED)
   taps[111]                    0.60           1.00          -0.40  (VIOLATED)
       PIN :   U2850/A2         0.60           1.00          -0.40  (VIOLATED)
       PIN :   U2849/A1         0.60           1.00          -0.40  (VIOLATED)
       PIN :   m13_reg_15_/D
                                0.60           1.00          -0.40  (VIOLATED)
       PORT :  taps[111]        0.60           1.00          -0.40  (VIOLATED)
   taps[112]                    0.60           1.00          -0.40  (VIOLATED)
       PIN :   U2853/A2         0.60           1.00          -0.40  (VIOLATED)
       PIN :   U2852/A1         0.60           1.00          -0.40  (VIOLATED)
       PIN :   m13_reg_16_/D
                                0.60           1.00          -0.40  (VIOLATED)
       PORT :  taps[112]        0.60           1.00          -0.40  (VIOLATED)
   taps[113]                    0.60           1.00          -0.40  (VIOLATED)
       PIN :   U2856/A2         0.60           1.00          -0.40  (VIOLATED)
       PIN :   U2855/A1         0.60           1.00          -0.40  (VIOLATED)
       PIN :   m13_reg_17_/D
                                0.60           1.00          -0.40  (VIOLATED)
       PORT :  taps[113]        0.60           1.00          -0.40  (VIOLATED)
   taps[114]                    0.60           1.00          -0.40  (VIOLATED)
       PIN :   U2859/A2         0.60           1.00          -0.40  (VIOLATED)
       PIN :   U2858/A1         0.60           1.00          -0.40  (VIOLATED)
       PIN :   m13_reg_18_/D
                                0.60           1.00          -0.40  (VIOLATED)
       PORT :  taps[114]        0.60           1.00          -0.40  (VIOLATED)
   taps[115]                    0.60           1.00          -0.40  (VIOLATED)
       PIN :   U2862/A2         0.60           1.00          -0.40  (VIOLATED)
       PIN :   U2861/A1         0.60           1.00          -0.40  (VIOLATED)
       PIN :   m13_reg_19_/D
                                0.60           1.00          -0.40  (VIOLATED)
       PORT :  taps[115]        0.60           1.00          -0.40  (VIOLATED)
   taps[116]                    0.60           1.00          -0.40  (VIOLATED)
       PIN :   U2865/A2         0.60           1.00          -0.40  (VIOLATED)
       PIN :   U2864/A1         0.60           1.00          -0.40  (VIOLATED)
       PIN :   m13_reg_20_/D
                                0.60           1.00          -0.40  (VIOLATED)
       PORT :  taps[116]        0.60           1.00          -0.40  (VIOLATED)
   taps[117]                    0.60           1.00          -0.40  (VIOLATED)
       PIN :   U2868/A2         0.60           1.00          -0.40  (VIOLATED)
       PIN :   U2867/A1         0.60           1.00          -0.40  (VIOLATED)
       PIN :   m13_reg_21_/D
                                0.60           1.00          -0.40  (VIOLATED)
       PORT :  taps[117]        0.60           1.00          -0.40  (VIOLATED)
   taps[118]                    0.60           1.00          -0.40  (VIOLATED)
       PIN :   U2871/A2         0.60           1.00          -0.40  (VIOLATED)
       PIN :   U2870/A1         0.60           1.00          -0.40  (VIOLATED)
       PIN :   m13_reg_22_/D
                                0.60           1.00          -0.40  (VIOLATED)
       PORT :  taps[118]        0.60           1.00          -0.40  (VIOLATED)
   taps[119]                    0.60           1.00          -0.40  (VIOLATED)
       PIN :   U2874/A2         0.60           1.00          -0.40  (VIOLATED)
       PIN :   U2873/A1         0.60           1.00          -0.40  (VIOLATED)
       PIN :   m13_reg_23_/D
                                0.60           1.00          -0.40  (VIOLATED)
       PORT :  taps[119]        0.60           1.00          -0.40  (VIOLATED)
   taps[120]                    0.60           1.00          -0.40  (VIOLATED)
       PIN :   U2877/A2         0.60           1.00          -0.40  (VIOLATED)
       PIN :   U2876/A1         0.60           1.00          -0.40  (VIOLATED)
       PIN :   m13_reg_24_/D
                                0.60           1.00          -0.40  (VIOLATED)
       PORT :  taps[120]        0.60           1.00          -0.40  (VIOLATED)
   taps[121]                    0.60           1.00          -0.40  (VIOLATED)
       PIN :   U2880/A2         0.60           1.00          -0.40  (VIOLATED)
       PIN :   U2879/A1         0.60           1.00          -0.40  (VIOLATED)
       PIN :   m13_reg_25_/D
                                0.60           1.00          -0.40  (VIOLATED)
       PORT :  taps[121]        0.60           1.00          -0.40  (VIOLATED)
   taps[122]                    0.60           1.00          -0.40  (VIOLATED)
       PIN :   U2883/A2         0.60           1.00          -0.40  (VIOLATED)
       PIN :   U2882/A1         0.60           1.00          -0.40  (VIOLATED)
       PIN :   m13_reg_26_/D
                                0.60           1.00          -0.40  (VIOLATED)
       PORT :  taps[122]        0.60           1.00          -0.40  (VIOLATED)
   taps[123]                    0.60           1.00          -0.40  (VIOLATED)
       PIN :   U2886/A2         0.60           1.00          -0.40  (VIOLATED)
       PIN :   U2885/A1         0.60           1.00          -0.40  (VIOLATED)
       PIN :   m13_reg_27_/D
                                0.60           1.00          -0.40  (VIOLATED)
       PORT :  taps[123]        0.60           1.00          -0.40  (VIOLATED)
   taps[124]                    0.60           1.00          -0.40  (VIOLATED)
       PIN :   U2889/A2         0.60           1.00          -0.40  (VIOLATED)
       PIN :   U2888/A1         0.60           1.00          -0.40  (VIOLATED)
       PIN :   m13_reg_28_/D
                                0.60           1.00          -0.40  (VIOLATED)
       PORT :  taps[124]        0.60           1.00          -0.40  (VIOLATED)
   taps[125]                    0.60           1.00          -0.40  (VIOLATED)
       PIN :   U2892/A2         0.60           1.00          -0.40  (VIOLATED)
       PIN :   U2891/A1         0.60           1.00          -0.40  (VIOLATED)
       PIN :   m13_reg_29_/D
                                0.60           1.00          -0.40  (VIOLATED)
       PORT :  taps[125]        0.60           1.00          -0.40  (VIOLATED)
   taps[126]                    0.60           1.00          -0.40  (VIOLATED)
       PIN :   U2895/A2         0.60           1.00          -0.40  (VIOLATED)
       PIN :   U2894/A1         0.60           1.00          -0.40  (VIOLATED)
       PIN :   m13_reg_30_/D
                                0.60           1.00          -0.40  (VIOLATED)
       PORT :  taps[126]        0.60           1.00          -0.40  (VIOLATED)
   taps[127]                    0.60           1.00          -0.40  (VIOLATED)
       PIN :   U2896/B          0.60           1.00          -0.40  (VIOLATED)
       PIN :   m13_reg_31_/D
                                0.60           1.00          -0.40  (VIOLATED)
       PIN :   U2897/A2         0.60           1.00          -0.40  (VIOLATED)
       PORT :  taps[127]        0.60           1.00          -0.40  (VIOLATED)
   taps[128]                    0.60           1.00          -0.40  (VIOLATED)
       PIN :   p04_reg_0_/D     0.60           1.00          -0.40  (VIOLATED)
       PIN :   m03_reg_0_/D     0.60           1.00          -0.40  (VIOLATED)
       PIN :   U2222/A2         0.60           1.00          -0.40  (VIOLATED)
       PIN :   U892/I           0.60           1.00          -0.40  (VIOLATED)
       PORT :  taps[128]        0.60           1.00          -0.40  (VIOLATED)
   taps[129]                    0.60           1.00          -0.40  (VIOLATED)
       PIN :   U2220/B          0.60           1.00          -0.40  (VIOLATED)
       PIN :   U2221/A2         0.60           1.00          -0.40  (VIOLATED)
       PIN :   m03_reg_1_/D     0.60           1.00          -0.40  (VIOLATED)
       PIN :   U2222/A1         0.60           1.00          -0.40  (VIOLATED)
       PORT :  taps[129]        0.60           1.00          -0.40  (VIOLATED)
   taps[130]                    0.60           1.00          -0.40  (VIOLATED)
       PIN :   U2223/I0         0.60           1.00          -0.40  (VIOLATED)
       PIN :   m03_reg_2_/D     0.60           1.00          -0.40  (VIOLATED)
       PIN :   U878/I           0.60           1.00          -0.40  (VIOLATED)
       PORT :  taps[130]        0.60           1.00          -0.40  (VIOLATED)
   taps[131]                    0.60           1.00          -0.40  (VIOLATED)
       PIN :   U2226/A1         0.60           1.00          -0.40  (VIOLATED)
       PIN :   U2225/A1         0.60           1.00          -0.40  (VIOLATED)
       PIN :   m03_reg_3_/D     0.60           1.00          -0.40  (VIOLATED)
       PORT :  taps[131]        0.60           1.00          -0.40  (VIOLATED)
   taps[132]                    0.60           1.00          -0.40  (VIOLATED)
       PIN :   U2227/B          0.60           1.00          -0.40  (VIOLATED)
       PIN :   m03_reg_4_/D     0.60           1.00          -0.40  (VIOLATED)
       PIN :   U887/I           0.60           1.00          -0.40  (VIOLATED)
       PIN :   U2228/A2         0.60           1.00          -0.40  (VIOLATED)
       PORT :  taps[132]        0.60           1.00          -0.40  (VIOLATED)
   taps[133]                    0.60           1.00          -0.40  (VIOLATED)
       PIN :   U2230/A1         0.60           1.00          -0.40  (VIOLATED)
       PIN :   m03_reg_5_/D     0.60           1.00          -0.40  (VIOLATED)
       PIN :   U2231/A1         0.60           1.00          -0.40  (VIOLATED)
       PORT :  taps[133]        0.60           1.00          -0.40  (VIOLATED)
   taps[134]                    0.60           1.00          -0.40  (VIOLATED)
       PIN :   U2232/I0         0.60           1.00          -0.40  (VIOLATED)
       PIN :   m03_reg_6_/D     0.60           1.00          -0.40  (VIOLATED)
       PIN :   U877/I           0.60           1.00          -0.40  (VIOLATED)
       PORT :  taps[134]        0.60           1.00          -0.40  (VIOLATED)
   taps[135]                    0.60           1.00          -0.40  (VIOLATED)
       PIN :   U2235/A1         0.60           1.00          -0.40  (VIOLATED)
       PIN :   U2234/A1         0.60           1.00          -0.40  (VIOLATED)
       PIN :   m03_reg_7_/D     0.60           1.00          -0.40  (VIOLATED)
       PORT :  taps[135]        0.60           1.00          -0.40  (VIOLATED)
   taps[136]                    0.60           1.00          -0.40  (VIOLATED)
       PIN :   U2238/A2         0.60           1.00          -0.40  (VIOLATED)
       PIN :   U2237/A1         0.60           1.00          -0.40  (VIOLATED)
       PIN :   m03_reg_8_/D     0.60           1.00          -0.40  (VIOLATED)
       PORT :  taps[136]        0.60           1.00          -0.40  (VIOLATED)
   taps[137]                    0.60           1.00          -0.40  (VIOLATED)
       PIN :   U2241/A2         0.60           1.00          -0.40  (VIOLATED)
       PIN :   U2240/A1         0.60           1.00          -0.40  (VIOLATED)
       PIN :   m03_reg_9_/D     0.60           1.00          -0.40  (VIOLATED)
       PORT :  taps[137]        0.60           1.00          -0.40  (VIOLATED)
   taps[138]                    0.60           1.00          -0.40  (VIOLATED)
       PIN :   U2244/A2         0.60           1.00          -0.40  (VIOLATED)
       PIN :   U2243/A1         0.60           1.00          -0.40  (VIOLATED)
       PIN :   m03_reg_10_/D
                                0.60           1.00          -0.40  (VIOLATED)
       PORT :  taps[138]        0.60           1.00          -0.40  (VIOLATED)
   taps[139]                    0.60           1.00          -0.40  (VIOLATED)
       PIN :   U2247/A2         0.60           1.00          -0.40  (VIOLATED)
       PIN :   U2246/A1         0.60           1.00          -0.40  (VIOLATED)
       PIN :   m03_reg_11_/D
                                0.60           1.00          -0.40  (VIOLATED)
       PORT :  taps[139]        0.60           1.00          -0.40  (VIOLATED)
   taps[140]                    0.60           1.00          -0.40  (VIOLATED)
       PIN :   U2250/A2         0.60           1.00          -0.40  (VIOLATED)
       PIN :   U2249/A1         0.60           1.00          -0.40  (VIOLATED)
       PIN :   m03_reg_12_/D
                                0.60           1.00          -0.40  (VIOLATED)
       PORT :  taps[140]        0.60           1.00          -0.40  (VIOLATED)
   taps[141]                    0.60           1.00          -0.40  (VIOLATED)
       PIN :   U2253/A2         0.60           1.00          -0.40  (VIOLATED)
       PIN :   U2252/A1         0.60           1.00          -0.40  (VIOLATED)
       PIN :   m03_reg_13_/D
                                0.60           1.00          -0.40  (VIOLATED)
       PORT :  taps[141]        0.60           1.00          -0.40  (VIOLATED)
   taps[142]                    0.60           1.00          -0.40  (VIOLATED)
       PIN :   U2256/A2         0.60           1.00          -0.40  (VIOLATED)
       PIN :   U2255/A1         0.60           1.00          -0.40  (VIOLATED)
       PIN :   m03_reg_14_/D
                                0.60           1.00          -0.40  (VIOLATED)
       PORT :  taps[142]        0.60           1.00          -0.40  (VIOLATED)
   taps[143]                    0.60           1.00          -0.40  (VIOLATED)
       PIN :   U2259/A2         0.60           1.00          -0.40  (VIOLATED)
       PIN :   U2258/A1         0.60           1.00          -0.40  (VIOLATED)
       PIN :   m03_reg_15_/D
                                0.60           1.00          -0.40  (VIOLATED)
       PORT :  taps[143]        0.60           1.00          -0.40  (VIOLATED)
   taps[144]                    0.60           1.00          -0.40  (VIOLATED)
       PIN :   U2262/A2         0.60           1.00          -0.40  (VIOLATED)
       PIN :   U2261/A1         0.60           1.00          -0.40  (VIOLATED)
       PIN :   m03_reg_16_/D
                                0.60           1.00          -0.40  (VIOLATED)
       PORT :  taps[144]        0.60           1.00          -0.40  (VIOLATED)
   taps[145]                    0.60           1.00          -0.40  (VIOLATED)
       PIN :   U2265/A2         0.60           1.00          -0.40  (VIOLATED)
       PIN :   U2264/A1         0.60           1.00          -0.40  (VIOLATED)
       PIN :   m03_reg_17_/D
                                0.60           1.00          -0.40  (VIOLATED)
       PORT :  taps[145]        0.60           1.00          -0.40  (VIOLATED)
   taps[146]                    0.60           1.00          -0.40  (VIOLATED)
       PIN :   U2268/A2         0.60           1.00          -0.40  (VIOLATED)
       PIN :   U2267/A1         0.60           1.00          -0.40  (VIOLATED)
       PIN :   m03_reg_18_/D
                                0.60           1.00          -0.40  (VIOLATED)
       PORT :  taps[146]        0.60           1.00          -0.40  (VIOLATED)
   taps[147]                    0.60           1.00          -0.40  (VIOLATED)
       PIN :   U2271/A2         0.60           1.00          -0.40  (VIOLATED)
       PIN :   U2270/A1         0.60           1.00          -0.40  (VIOLATED)
       PIN :   m03_reg_19_/D
                                0.60           1.00          -0.40  (VIOLATED)
       PORT :  taps[147]        0.60           1.00          -0.40  (VIOLATED)
   taps[148]                    0.60           1.00          -0.40  (VIOLATED)
       PIN :   U2274/A2         0.60           1.00          -0.40  (VIOLATED)
       PIN :   U2273/A1         0.60           1.00          -0.40  (VIOLATED)
       PIN :   m03_reg_20_/D
                                0.60           1.00          -0.40  (VIOLATED)
       PORT :  taps[148]        0.60           1.00          -0.40  (VIOLATED)
   taps[149]                    0.60           1.00          -0.40  (VIOLATED)
       PIN :   U2277/A2         0.60           1.00          -0.40  (VIOLATED)
       PIN :   U2276/A1         0.60           1.00          -0.40  (VIOLATED)
       PIN :   m03_reg_21_/D
                                0.60           1.00          -0.40  (VIOLATED)
       PORT :  taps[149]        0.60           1.00          -0.40  (VIOLATED)
   taps[150]                    0.60           1.00          -0.40  (VIOLATED)
       PIN :   U2280/A2         0.60           1.00          -0.40  (VIOLATED)
       PIN :   U2279/A1         0.60           1.00          -0.40  (VIOLATED)
       PIN :   m03_reg_22_/D
                                0.60           1.00          -0.40  (VIOLATED)
       PORT :  taps[150]        0.60           1.00          -0.40  (VIOLATED)
   taps[151]                    0.60           1.00          -0.40  (VIOLATED)
       PIN :   U2283/A2         0.60           1.00          -0.40  (VIOLATED)
       PIN :   U2282/A1         0.60           1.00          -0.40  (VIOLATED)
       PIN :   m03_reg_23_/D
                                0.60           1.00          -0.40  (VIOLATED)
       PORT :  taps[151]        0.60           1.00          -0.40  (VIOLATED)
   taps[152]                    0.60           1.00          -0.40  (VIOLATED)
       PIN :   U2286/A2         0.60           1.00          -0.40  (VIOLATED)
       PIN :   U2285/A1         0.60           1.00          -0.40  (VIOLATED)
       PIN :   m03_reg_24_/D
                                0.60           1.00          -0.40  (VIOLATED)
       PORT :  taps[152]        0.60           1.00          -0.40  (VIOLATED)
   taps[153]                    0.60           1.00          -0.40  (VIOLATED)
       PIN :   U2289/A2         0.60           1.00          -0.40  (VIOLATED)
       PIN :   U2288/A1         0.60           1.00          -0.40  (VIOLATED)
       PIN :   m03_reg_25_/D
                                0.60           1.00          -0.40  (VIOLATED)
       PORT :  taps[153]        0.60           1.00          -0.40  (VIOLATED)
   taps[154]                    0.60           1.00          -0.40  (VIOLATED)
       PIN :   U2292/A2         0.60           1.00          -0.40  (VIOLATED)
       PIN :   U2291/A1         0.60           1.00          -0.40  (VIOLATED)
       PIN :   m03_reg_26_/D
                                0.60           1.00          -0.40  (VIOLATED)
       PORT :  taps[154]        0.60           1.00          -0.40  (VIOLATED)
   taps[155]                    0.60           1.00          -0.40  (VIOLATED)
       PIN :   U2295/A2         0.60           1.00          -0.40  (VIOLATED)
       PIN :   U2294/A1         0.60           1.00          -0.40  (VIOLATED)
       PIN :   m03_reg_27_/D
                                0.60           1.00          -0.40  (VIOLATED)
       PORT :  taps[155]        0.60           1.00          -0.40  (VIOLATED)
   taps[156]                    0.60           1.00          -0.40  (VIOLATED)
       PIN :   U2298/A2         0.60           1.00          -0.40  (VIOLATED)
       PIN :   U2297/A1         0.60           1.00          -0.40  (VIOLATED)
       PIN :   m03_reg_28_/D
                                0.60           1.00          -0.40  (VIOLATED)
       PORT :  taps[156]        0.60           1.00          -0.40  (VIOLATED)
   taps[157]                    0.60           1.00          -0.40  (VIOLATED)
       PIN :   U2301/A2         0.60           1.00          -0.40  (VIOLATED)
       PIN :   U2300/A1         0.60           1.00          -0.40  (VIOLATED)
       PIN :   m03_reg_29_/D
                                0.60           1.00          -0.40  (VIOLATED)
       PORT :  taps[157]        0.60           1.00          -0.40  (VIOLATED)
   taps[158]                    0.60           1.00          -0.40  (VIOLATED)
       PIN :   U2304/A2         0.60           1.00          -0.40  (VIOLATED)
       PIN :   U2303/A1         0.60           1.00          -0.40  (VIOLATED)
       PIN :   m03_reg_30_/D
                                0.60           1.00          -0.40  (VIOLATED)
       PORT :  taps[158]        0.60           1.00          -0.40  (VIOLATED)
   taps[159]                    0.60           1.00          -0.40  (VIOLATED)
       PIN :   U2305/B          0.60           1.00          -0.40  (VIOLATED)
       PIN :   m03_reg_31_/D
                                0.60           1.00          -0.40  (VIOLATED)
       PIN :   U2306/A2         0.60           1.00          -0.40  (VIOLATED)
       PORT :  taps[159]        0.60           1.00          -0.40  (VIOLATED)
   weight                       0.60           1.00          -0.40  (VIOLATED)
       PIN :   k22_reg/D        0.60           1.00          -0.40  (VIOLATED)
       PIN :   k12_reg/D        0.60           1.00          -0.40  (VIOLATED)
       PIN :   k30_reg/D        0.60           1.00          -0.40  (VIOLATED)
       PIN :   k10_reg/D        0.60           1.00          -0.40  (VIOLATED)
       PIN :   k04_reg/D        0.60           1.00          -0.40  (VIOLATED)
       PIN :   k03_reg/D        0.60           1.00          -0.40  (VIOLATED)
       PIN :   k02_reg/D        0.60           1.00          -0.40  (VIOLATED)
       PIN :   k01_reg/D        0.60           1.00          -0.40  (VIOLATED)
       PIN :   k00_reg/D        0.60           1.00          -0.40  (VIOLATED)
       PIN :   k44_reg/D        0.60           1.00          -0.40  (VIOLATED)
       PIN :   k42_reg/D        0.60           1.00          -0.40  (VIOLATED)
       PIN :   k33_reg/D        0.60           1.00          -0.40  (VIOLATED)
       PIN :   k13_reg/D        0.60           1.00          -0.40  (VIOLATED)
       PIN :   k24_reg/D        0.60           1.00          -0.40  (VIOLATED)
       PIN :   k32_reg/D        0.60           1.00          -0.40  (VIOLATED)
       PIN :   k23_reg/D        0.60           1.00          -0.40  (VIOLATED)
       PIN :   k43_reg/D        0.60           1.00          -0.40  (VIOLATED)
       PIN :   k41_reg/D        0.60           1.00          -0.40  (VIOLATED)
       PIN :   k14_reg/D        0.60           1.00          -0.40  (VIOLATED)
       PIN :   k21_reg/D        0.60           1.00          -0.40  (VIOLATED)
       PIN :   k40_reg/D        0.60           1.00          -0.40  (VIOLATED)
       PIN :   k31_reg/D        0.60           1.00          -0.40  (VIOLATED)
       PIN :   k11_reg/D        0.60           1.00          -0.40  (VIOLATED)
       PIN :   k20_reg/D        0.60           1.00          -0.40  (VIOLATED)
       PIN :   k34_reg/D        0.60           1.00          -0.40  (VIOLATED)
       PORT :  weight           0.60           1.00          -0.40  (VIOLATED)
   weight_en                    0.60           1.00          -0.40  (VIOLATED)
       PIN :   U1009/B          0.60           1.00          -0.40  (VIOLATED)
       PORT :  weight_en        0.60           1.00          -0.40  (VIOLATED)

   -----------------------------------------------------------------
   Total                      199              -118.19  

   max_capacitance

                             Required        Actual
   Net                      Capacitance    Capacitance       Slack
   -----------------------------------------------------------------
   done                         6.23          10.00          -3.77  (VIOLATED)
   dout[0]                      6.23          10.00          -3.77  (VIOLATED)
   dout[1]                      6.23          10.00          -3.77  (VIOLATED)
   dout[2]                      6.23          10.00          -3.77  (VIOLATED)
   dout[3]                      6.23          10.00          -3.77  (VIOLATED)
   dout[4]                      6.23          10.00          -3.77  (VIOLATED)
   dout[5]                      6.23          10.00          -3.77  (VIOLATED)
   dout[6]                      6.23          10.00          -3.77  (VIOLATED)
   dout[7]                      6.23          10.00          -3.77  (VIOLATED)
   dout[8]                      6.23          10.00          -3.77  (VIOLATED)
   dout[9]                      6.23          10.00          -3.77  (VIOLATED)
   dout[10]                     6.23          10.00          -3.77  (VIOLATED)
   dout[11]                     6.23          10.00          -3.77  (VIOLATED)
   dout[12]                     6.23          10.00          -3.77  (VIOLATED)
   dout[13]                     6.23          10.00          -3.77  (VIOLATED)
   dout[14]                     6.23          10.00          -3.77  (VIOLATED)
   dout[15]                     6.23          10.00          -3.77  (VIOLATED)
   dout[16]                     6.23          10.00          -3.77  (VIOLATED)
   dout[17]                     6.23          10.00          -3.77  (VIOLATED)
   dout[18]                     6.23          10.00          -3.77  (VIOLATED)
   dout[19]                     6.23          10.00          -3.77  (VIOLATED)
   dout[20]                     6.23          10.00          -3.77  (VIOLATED)
   dout[21]                     6.23          10.00          -3.77  (VIOLATED)
   dout[22]                     6.23          10.00          -3.77  (VIOLATED)
   dout[23]                     6.23          10.00          -3.77  (VIOLATED)
   dout[24]                     6.23          10.00          -3.77  (VIOLATED)
   dout[25]                     6.23          10.00          -3.77  (VIOLATED)
   dout[26]                     6.23          10.00          -3.77  (VIOLATED)
   dout[27]                     6.23          10.00          -3.77  (VIOLATED)
   dout[28]                     6.23          10.00          -3.77  (VIOLATED)
   dout[29]                     6.23          10.00          -3.77  (VIOLATED)
   dout[30]                     6.23          10.00          -3.77  (VIOLATED)
   dout[31]                     6.23          10.00          -3.77  (VIOLATED)
   ovalid                       6.23          10.00          -3.77  (VIOLATED)

   -----------------------------------------------------------------
   Total                      34               -128.17  

   max_area

                             Required        Actual
   Design                      Area           Area           Slack
   -----------------------------------------------------------------
   conv                         0.00       40069.92       -40069.92 (VIOLATED)


   max_leakage_power

                             Required        Actual
   Design                   Leakage Power  Leakage Power     Slack
   -----------------------------------------------------------------
   conv                         0.00          17.42         -17.42  (VIOLATED)


1
