Information: Updating design information... (UID-85)
Warning: Design 'conv' contains 3 high-fanout nets. A fanout number of 1000 will be used for delay calculations involving these nets. (TIM-134)

Information: Checking generated_clocks...

Information: Checking loops...

Information: Checking no_input_delay...
Warning: The following input ports have no clock_relative delay specified, the command set_input_delay without -clock option will be ignored. (TIM-216)
--------------------
start
weight_en
weight
taps[159]
taps[158]
taps[157]
taps[156]
taps[155]
taps[154]
taps[153]
taps[152]
taps[151]
taps[150]
taps[149]
taps[148]
taps[147]
taps[146]
taps[145]
taps[144]
taps[143]
taps[142]
taps[141]
taps[140]
taps[139]
taps[138]
taps[137]
taps[136]
taps[135]
taps[134]
taps[133]
taps[132]
taps[131]
taps[130]
taps[129]
taps[128]
taps[127]
taps[126]
taps[125]
taps[124]
taps[123]
taps[122]
taps[121]
taps[120]
taps[119]
taps[118]
taps[117]
taps[116]
taps[115]
taps[114]
taps[113]
taps[112]
taps[111]
taps[110]
taps[109]
taps[108]
taps[107]
taps[106]
taps[105]
taps[104]
taps[103]
taps[102]
taps[101]
taps[100]
taps[99]
taps[98]
taps[97]
taps[96]
taps[95]
taps[94]
taps[93]
taps[92]
taps[91]
taps[90]
taps[89]
taps[88]
taps[87]
taps[86]
taps[85]
taps[84]
taps[83]
taps[82]
taps[81]
taps[80]
taps[79]
taps[78]
taps[77]
taps[76]
taps[75]
taps[74]
taps[73]
taps[72]
taps[71]
taps[70]
taps[69]
taps[68]
taps[67]
taps[66]
taps[65]
taps[64]
taps[63]
taps[62]
taps[61]
taps[60]
taps[59]
taps[58]
taps[57]
taps[56]
taps[55]
taps[54]
taps[53]
taps[52]
taps[51]
taps[50]
taps[49]
taps[48]
taps[47]
taps[46]
taps[45]
taps[44]
taps[43]
taps[42]
taps[41]
taps[40]
taps[39]
taps[38]
taps[37]
taps[36]
taps[35]
taps[34]
taps[33]
taps[32]
taps[31]
taps[30]
taps[29]
taps[28]
taps[27]
taps[26]
taps[25]
taps[24]
taps[23]
taps[22]
taps[21]
taps[20]
taps[19]
taps[18]
taps[17]
taps[16]
taps[15]
taps[14]
taps[13]
taps[12]
taps[11]
taps[10]
taps[9]
taps[8]
taps[7]
taps[6]
taps[5]
taps[4]
taps[3]
taps[2]
taps[1]
taps[0]
state

Information: Checking unconstrained_endpoints...

Warning: The following end-points are not constrained for maximum delay.

End point
---------------
cnt1_reg_0_/next_state
cnt1_reg_1_/next_state
cnt1_reg_2_/next_state
cnt1_reg_3_/next_state
cnt1_reg_4_/next_state
cnt1_reg_5_/next_state
cnt1_reg_6_/next_state
cnt1_reg_7_/next_state
cnt1_reg_8_/next_state
cnt1_reg_9_/next_state
cnt1_reg_10_/next_state
cnt1_reg_11_/next_state
cnt1_reg_12_/next_state
cnt1_reg_13_/next_state
cnt1_reg_14_/next_state
cnt1_reg_15_/next_state
cnt1_reg_16_/next_state
cnt1_reg_17_/next_state
cnt1_reg_18_/next_state
cnt1_reg_19_/next_state
cnt2_reg_0_/next_state
cnt2_reg_1_/next_state
cnt2_reg_2_/next_state
cnt2_reg_3_/next_state
cnt2_reg_4_/next_state
cnt2_reg_5_/next_state
cnt2_reg_6_/next_state
cnt2_reg_7_/next_state
cnt2_reg_8_/next_state
cnt2_reg_9_/next_state
done
dout[0]
dout[1]
dout[2]
dout[3]
dout[4]
dout[5]
dout[6]
dout[7]
dout[8]
dout[9]
dout[10]
dout[11]
dout[12]
dout[13]
dout[14]
dout[15]
dout[16]
dout[17]
dout[18]
dout[19]
dout[20]
dout[21]
dout[22]
dout[23]
dout[24]
dout[25]
dout[26]
dout[27]
dout[28]
dout[29]
dout[30]
dout[31]
k00_reg/next_state
k00_reg/synch_enable
k01_reg/next_state
k01_reg/synch_enable
k02_reg/next_state
k02_reg/synch_enable
k03_reg/next_state
k03_reg/synch_enable
k04_reg/next_state
k04_reg/synch_enable
k10_reg/next_state
k10_reg/synch_enable
k11_reg/next_state
k11_reg/synch_enable
k12_reg/next_state
k12_reg/synch_enable
k13_reg/next_state
k13_reg/synch_enable
k14_reg/next_state
k14_reg/synch_enable
k20_reg/next_state
k20_reg/synch_enable
k21_reg/next_state
k21_reg/synch_enable
k22_reg/next_state
k22_reg/synch_enable
k23_reg/next_state
k23_reg/synch_enable
k24_reg/next_state
k24_reg/synch_enable
k30_reg/next_state
k30_reg/synch_enable
k31_reg/next_state
k31_reg/synch_enable
k32_reg/next_state
k32_reg/synch_enable
k33_reg/next_state
k33_reg/synch_enable
k34_reg/next_state
k34_reg/synch_enable
k40_reg/next_state
k40_reg/synch_enable
k41_reg/next_state
k41_reg/synch_enable
k42_reg/next_state
k42_reg/synch_enable
k43_reg/next_state
k43_reg/synch_enable
k44_reg/next_state
k44_reg/synch_enable
m00_reg_0_/next_state
m00_reg_1_/next_state
m00_reg_2_/next_state
m00_reg_3_/next_state
m00_reg_4_/next_state
m00_reg_5_/next_state
m00_reg_6_/next_state
m00_reg_7_/next_state
m00_reg_8_/next_state
m00_reg_9_/next_state
m00_reg_10_/next_state
m00_reg_11_/next_state
m00_reg_12_/next_state
m00_reg_13_/next_state
m00_reg_14_/next_state
m00_reg_15_/next_state
m00_reg_16_/next_state
m00_reg_17_/next_state
m00_reg_18_/next_state
m00_reg_19_/next_state
m00_reg_20_/next_state
m00_reg_21_/next_state
m00_reg_22_/next_state
m00_reg_23_/next_state
m00_reg_24_/next_state
m00_reg_25_/next_state
m00_reg_26_/next_state
m00_reg_27_/next_state
m00_reg_28_/next_state
m00_reg_29_/next_state
m00_reg_30_/next_state
m00_reg_31_/next_state
m01_reg_0_/next_state
m01_reg_1_/next_state
m01_reg_2_/next_state
m01_reg_3_/next_state
m01_reg_4_/next_state
m01_reg_5_/next_state
m01_reg_6_/next_state
m01_reg_7_/next_state
m01_reg_8_/next_state
m01_reg_9_/next_state
m01_reg_10_/next_state
m01_reg_11_/next_state
m01_reg_12_/next_state
m01_reg_13_/next_state
m01_reg_14_/next_state
m01_reg_15_/next_state
m01_reg_16_/next_state
m01_reg_17_/next_state
m01_reg_18_/next_state
m01_reg_19_/next_state
m01_reg_20_/next_state
m01_reg_21_/next_state
m01_reg_22_/next_state
m01_reg_23_/next_state
m01_reg_24_/next_state
m01_reg_25_/next_state
m01_reg_26_/next_state
m01_reg_27_/next_state
m01_reg_28_/next_state
m01_reg_29_/next_state
m01_reg_30_/next_state
m01_reg_31_/next_state
m02_reg_0_/next_state
m02_reg_1_/next_state
m02_reg_2_/next_state
m02_reg_3_/next_state
m02_reg_4_/next_state
m02_reg_5_/next_state
m02_reg_6_/next_state
m02_reg_7_/next_state
m02_reg_8_/next_state
m02_reg_9_/next_state
m02_reg_10_/next_state
m02_reg_11_/next_state
m02_reg_12_/next_state
m02_reg_13_/next_state
m02_reg_14_/next_state
m02_reg_15_/next_state
m02_reg_16_/next_state
m02_reg_17_/next_state
m02_reg_18_/next_state
m02_reg_19_/next_state
m02_reg_20_/next_state
m02_reg_21_/next_state
m02_reg_22_/next_state
m02_reg_23_/next_state
m02_reg_24_/next_state
m02_reg_25_/next_state
m02_reg_26_/next_state
m02_reg_27_/next_state
m02_reg_28_/next_state
m02_reg_29_/next_state
m02_reg_30_/next_state
m02_reg_31_/next_state
m03_reg_0_/next_state
m03_reg_1_/next_state
m03_reg_2_/next_state
m03_reg_3_/next_state
m03_reg_4_/next_state
m03_reg_5_/next_state
m03_reg_6_/next_state
m03_reg_7_/next_state
m03_reg_8_/next_state
m03_reg_9_/next_state
m03_reg_10_/next_state
m03_reg_11_/next_state
m03_reg_12_/next_state
m03_reg_13_/next_state
m03_reg_14_/next_state
m03_reg_15_/next_state
m03_reg_16_/next_state
m03_reg_17_/next_state
m03_reg_18_/next_state
m03_reg_19_/next_state
m03_reg_20_/next_state
m03_reg_21_/next_state
m03_reg_22_/next_state
m03_reg_23_/next_state
m03_reg_24_/next_state
m03_reg_25_/next_state
m03_reg_26_/next_state
m03_reg_27_/next_state
m03_reg_28_/next_state
m03_reg_29_/next_state
m03_reg_30_/next_state
m03_reg_31_/next_state
m10_reg_0_/next_state
m10_reg_1_/next_state
m10_reg_2_/next_state
m10_reg_3_/next_state
m10_reg_4_/next_state
m10_reg_5_/next_state
m10_reg_6_/next_state
m10_reg_7_/next_state
m10_reg_8_/next_state
m10_reg_9_/next_state
m10_reg_10_/next_state
m10_reg_11_/next_state
m10_reg_12_/next_state
m10_reg_13_/next_state
m10_reg_14_/next_state
m10_reg_15_/next_state
m10_reg_16_/next_state
m10_reg_17_/next_state
m10_reg_18_/next_state
m10_reg_19_/next_state
m10_reg_20_/next_state
m10_reg_21_/next_state
m10_reg_22_/next_state
m10_reg_23_/next_state
m10_reg_24_/next_state
m10_reg_25_/next_state
m10_reg_26_/next_state
m10_reg_27_/next_state
m10_reg_28_/next_state
m10_reg_29_/next_state
m10_reg_30_/next_state
m10_reg_31_/next_state
m11_reg_0_/next_state
m11_reg_1_/next_state
m11_reg_2_/next_state
m11_reg_3_/next_state
m11_reg_4_/next_state
m11_reg_5_/next_state
m11_reg_6_/next_state
m11_reg_7_/next_state
m11_reg_8_/next_state
m11_reg_9_/next_state
m11_reg_10_/next_state
m11_reg_11_/next_state
m11_reg_12_/next_state
m11_reg_13_/next_state
m11_reg_14_/next_state
m11_reg_15_/next_state
m11_reg_16_/next_state
m11_reg_17_/next_state
m11_reg_18_/next_state
m11_reg_19_/next_state
m11_reg_20_/next_state
m11_reg_21_/next_state
m11_reg_22_/next_state
m11_reg_23_/next_state
m11_reg_24_/next_state
m11_reg_25_/next_state
m11_reg_26_/next_state
m11_reg_27_/next_state
m11_reg_28_/next_state
m11_reg_29_/next_state
m11_reg_30_/next_state
m11_reg_31_/next_state
m12_reg_0_/next_state
m12_reg_1_/next_state
m12_reg_2_/next_state
m12_reg_3_/next_state
m12_reg_4_/next_state
m12_reg_5_/next_state
m12_reg_6_/next_state
m12_reg_7_/next_state
m12_reg_8_/next_state
m12_reg_9_/next_state
m12_reg_10_/next_state
m12_reg_11_/next_state
m12_reg_12_/next_state
m12_reg_13_/next_state
m12_reg_14_/next_state
m12_reg_15_/next_state
m12_reg_16_/next_state
m12_reg_17_/next_state
m12_reg_18_/next_state
m12_reg_19_/next_state
m12_reg_20_/next_state
m12_reg_21_/next_state
m12_reg_22_/next_state
m12_reg_23_/next_state
m12_reg_24_/next_state
m12_reg_25_/next_state
m12_reg_26_/next_state
m12_reg_27_/next_state
m12_reg_28_/next_state
m12_reg_29_/next_state
m12_reg_30_/next_state
m12_reg_31_/next_state
m13_reg_0_/next_state
m13_reg_1_/next_state
m13_reg_2_/next_state
m13_reg_3_/next_state
m13_reg_4_/next_state
m13_reg_5_/next_state
m13_reg_6_/next_state
m13_reg_7_/next_state
m13_reg_8_/next_state
m13_reg_9_/next_state
m13_reg_10_/next_state
m13_reg_11_/next_state
m13_reg_12_/next_state
m13_reg_13_/next_state
m13_reg_14_/next_state
m13_reg_15_/next_state
m13_reg_16_/next_state
m13_reg_17_/next_state
m13_reg_18_/next_state
m13_reg_19_/next_state
m13_reg_20_/next_state
m13_reg_21_/next_state
m13_reg_22_/next_state
m13_reg_23_/next_state
m13_reg_24_/next_state
m13_reg_25_/next_state
m13_reg_26_/next_state
m13_reg_27_/next_state
m13_reg_28_/next_state
m13_reg_29_/next_state
m13_reg_30_/next_state
m13_reg_31_/next_state
m20_reg_0_/next_state
m20_reg_1_/next_state
m20_reg_2_/next_state
m20_reg_3_/next_state
m20_reg_4_/next_state
m20_reg_5_/next_state
m20_reg_6_/next_state
m20_reg_7_/next_state
m20_reg_8_/next_state
m20_reg_9_/next_state
m20_reg_10_/next_state
m20_reg_11_/next_state
m20_reg_12_/next_state
m20_reg_13_/next_state
m20_reg_14_/next_state
m20_reg_15_/next_state
m20_reg_16_/next_state
m20_reg_17_/next_state
m20_reg_18_/next_state
m20_reg_19_/next_state
m20_reg_20_/next_state
m20_reg_21_/next_state
m20_reg_22_/next_state
m20_reg_23_/next_state
m20_reg_24_/next_state
m20_reg_25_/next_state
m20_reg_26_/next_state
m20_reg_27_/next_state
m20_reg_28_/next_state
m20_reg_29_/next_state
m20_reg_30_/next_state
m20_reg_31_/next_state
m21_reg_0_/next_state
m21_reg_1_/next_state
m21_reg_2_/next_state
m21_reg_3_/next_state
m21_reg_4_/next_state
m21_reg_5_/next_state
m21_reg_6_/next_state
m21_reg_7_/next_state
m21_reg_8_/next_state
m21_reg_9_/next_state
m21_reg_10_/next_state
m21_reg_11_/next_state
m21_reg_12_/next_state
m21_reg_13_/next_state
m21_reg_14_/next_state
m21_reg_15_/next_state
m21_reg_16_/next_state
m21_reg_17_/next_state
m21_reg_18_/next_state
m21_reg_19_/next_state
m21_reg_20_/next_state
m21_reg_21_/next_state
m21_reg_22_/next_state
m21_reg_23_/next_state
m21_reg_24_/next_state
m21_reg_25_/next_state
m21_reg_26_/next_state
m21_reg_27_/next_state
m21_reg_28_/next_state
m21_reg_29_/next_state
m21_reg_30_/next_state
m21_reg_31_/next_state
m22_reg_0_/next_state
m22_reg_1_/next_state
m22_reg_2_/next_state
m22_reg_3_/next_state
m22_reg_4_/next_state
m22_reg_5_/next_state
m22_reg_6_/next_state
m22_reg_7_/next_state
m22_reg_8_/next_state
m22_reg_9_/next_state
m22_reg_10_/next_state
m22_reg_11_/next_state
m22_reg_12_/next_state
m22_reg_13_/next_state
m22_reg_14_/next_state
m22_reg_15_/next_state
m22_reg_16_/next_state
m22_reg_17_/next_state
m22_reg_18_/next_state
m22_reg_19_/next_state
m22_reg_20_/next_state
m22_reg_21_/next_state
m22_reg_22_/next_state
m22_reg_23_/next_state
m22_reg_24_/next_state
m22_reg_25_/next_state
m22_reg_26_/next_state
m22_reg_27_/next_state
m22_reg_28_/next_state
m22_reg_29_/next_state
m22_reg_30_/next_state
m22_reg_31_/next_state
m23_reg_0_/next_state
m23_reg_1_/next_state
m23_reg_2_/next_state
m23_reg_3_/next_state
m23_reg_4_/next_state
m23_reg_5_/next_state
m23_reg_6_/next_state
m23_reg_7_/next_state
m23_reg_8_/next_state
m23_reg_9_/next_state
m23_reg_10_/next_state
m23_reg_11_/next_state
m23_reg_12_/next_state
m23_reg_13_/next_state
m23_reg_14_/next_state
m23_reg_15_/next_state
m23_reg_16_/next_state
m23_reg_17_/next_state
m23_reg_18_/next_state
m23_reg_19_/next_state
m23_reg_20_/next_state
m23_reg_21_/next_state
m23_reg_22_/next_state
m23_reg_23_/next_state
m23_reg_24_/next_state
m23_reg_25_/next_state
m23_reg_26_/next_state
m23_reg_27_/next_state
m23_reg_28_/next_state
m23_reg_29_/next_state
m23_reg_30_/next_state
m23_reg_31_/next_state
m30_reg_0_/next_state
m30_reg_1_/next_state
m30_reg_2_/next_state
m30_reg_3_/next_state
m30_reg_4_/next_state
m30_reg_5_/next_state
m30_reg_6_/next_state
m30_reg_7_/next_state
m30_reg_8_/next_state
m30_reg_9_/next_state
m30_reg_10_/next_state
m30_reg_11_/next_state
m30_reg_12_/next_state
m30_reg_13_/next_state
m30_reg_14_/next_state
m30_reg_15_/next_state
m30_reg_16_/next_state
m30_reg_17_/next_state
m30_reg_18_/next_state
m30_reg_19_/next_state
m30_reg_20_/next_state
m30_reg_21_/next_state
m30_reg_22_/next_state
m30_reg_23_/next_state
m30_reg_24_/next_state
m30_reg_25_/next_state
m30_reg_26_/next_state
m30_reg_27_/next_state
m30_reg_28_/next_state
m30_reg_29_/next_state
m30_reg_30_/next_state
m30_reg_31_/next_state
m31_reg_0_/next_state
m31_reg_1_/next_state
m31_reg_2_/next_state
m31_reg_3_/next_state
m31_reg_4_/next_state
m31_reg_5_/next_state
m31_reg_6_/next_state
m31_reg_7_/next_state
m31_reg_8_/next_state
m31_reg_9_/next_state
m31_reg_10_/next_state
m31_reg_11_/next_state
m31_reg_12_/next_state
m31_reg_13_/next_state
m31_reg_14_/next_state
m31_reg_15_/next_state
m31_reg_16_/next_state
m31_reg_17_/next_state
m31_reg_18_/next_state
m31_reg_19_/next_state
m31_reg_20_/next_state
m31_reg_21_/next_state
m31_reg_22_/next_state
m31_reg_23_/next_state
m31_reg_24_/next_state
m31_reg_25_/next_state
m31_reg_26_/next_state
m31_reg_27_/next_state
m31_reg_28_/next_state
m31_reg_29_/next_state
m31_reg_30_/next_state
m31_reg_31_/next_state
m32_reg_0_/next_state
m32_reg_1_/next_state
m32_reg_2_/next_state
m32_reg_3_/next_state
m32_reg_4_/next_state
m32_reg_5_/next_state
m32_reg_6_/next_state
m32_reg_7_/next_state
m32_reg_8_/next_state
m32_reg_9_/next_state
m32_reg_10_/next_state
m32_reg_11_/next_state
m32_reg_12_/next_state
m32_reg_13_/next_state
m32_reg_14_/next_state
m32_reg_15_/next_state
m32_reg_16_/next_state
m32_reg_17_/next_state
m32_reg_18_/next_state
m32_reg_19_/next_state
m32_reg_20_/next_state
m32_reg_21_/next_state
m32_reg_22_/next_state
m32_reg_23_/next_state
m32_reg_24_/next_state
m32_reg_25_/next_state
m32_reg_26_/next_state
m32_reg_27_/next_state
m32_reg_28_/next_state
m32_reg_29_/next_state
m32_reg_30_/next_state
m32_reg_31_/next_state
m33_reg_0_/next_state
m33_reg_1_/next_state
m33_reg_2_/next_state
m33_reg_3_/next_state
m33_reg_4_/next_state
m33_reg_5_/next_state
m33_reg_6_/next_state
m33_reg_7_/next_state
m33_reg_8_/next_state
m33_reg_9_/next_state
m33_reg_10_/next_state
m33_reg_11_/next_state
m33_reg_12_/next_state
m33_reg_13_/next_state
m33_reg_14_/next_state
m33_reg_15_/next_state
m33_reg_16_/next_state
m33_reg_17_/next_state
m33_reg_18_/next_state
m33_reg_19_/next_state
m33_reg_20_/next_state
m33_reg_21_/next_state
m33_reg_22_/next_state
m33_reg_23_/next_state
m33_reg_24_/next_state
m33_reg_25_/next_state
m33_reg_26_/next_state
m33_reg_27_/next_state
m33_reg_28_/next_state
m33_reg_29_/next_state
m33_reg_30_/next_state
m33_reg_31_/next_state
m40_reg_0_/next_state
m40_reg_1_/next_state
m40_reg_2_/next_state
m40_reg_3_/next_state
m40_reg_4_/next_state
m40_reg_5_/next_state
m40_reg_6_/next_state
m40_reg_7_/next_state
m40_reg_8_/next_state
m40_reg_9_/next_state
m40_reg_10_/next_state
m40_reg_11_/next_state
m40_reg_12_/next_state
m40_reg_13_/next_state
m40_reg_14_/next_state
m40_reg_15_/next_state
m40_reg_16_/next_state
m40_reg_17_/next_state
m40_reg_18_/next_state
m40_reg_19_/next_state
m40_reg_20_/next_state
m40_reg_21_/next_state
m40_reg_22_/next_state
m40_reg_23_/next_state
m40_reg_24_/next_state
m40_reg_25_/next_state
m40_reg_26_/next_state
m40_reg_27_/next_state
m40_reg_28_/next_state
m40_reg_29_/next_state
m40_reg_30_/next_state
m40_reg_31_/next_state
m41_reg_0_/next_state
m41_reg_1_/next_state
m41_reg_2_/next_state
m41_reg_3_/next_state
m41_reg_4_/next_state
m41_reg_5_/next_state
m41_reg_6_/next_state
m41_reg_7_/next_state
m41_reg_8_/next_state
m41_reg_9_/next_state
m41_reg_10_/next_state
m41_reg_11_/next_state
m41_reg_12_/next_state
m41_reg_13_/next_state
m41_reg_14_/next_state
m41_reg_15_/next_state
m41_reg_16_/next_state
m41_reg_17_/next_state
m41_reg_18_/next_state
m41_reg_19_/next_state
m41_reg_20_/next_state
m41_reg_21_/next_state
m41_reg_22_/next_state
m41_reg_23_/next_state
m41_reg_24_/next_state
m41_reg_25_/next_state
m41_reg_26_/next_state
m41_reg_27_/next_state
m41_reg_28_/next_state
m41_reg_29_/next_state
m41_reg_30_/next_state
m41_reg_31_/next_state
m42_reg_0_/next_state
m42_reg_1_/next_state
m42_reg_2_/next_state
m42_reg_3_/next_state
m42_reg_4_/next_state
m42_reg_5_/next_state
m42_reg_6_/next_state
m42_reg_7_/next_state
m42_reg_8_/next_state
m42_reg_9_/next_state
m42_reg_10_/next_state
m42_reg_11_/next_state
m42_reg_12_/next_state
m42_reg_13_/next_state
m42_reg_14_/next_state
m42_reg_15_/next_state
m42_reg_16_/next_state
m42_reg_17_/next_state
m42_reg_18_/next_state
m42_reg_19_/next_state
m42_reg_20_/next_state
m42_reg_21_/next_state
m42_reg_22_/next_state
m42_reg_23_/next_state
m42_reg_24_/next_state
m42_reg_25_/next_state
m42_reg_26_/next_state
m42_reg_27_/next_state
m42_reg_28_/next_state
m42_reg_29_/next_state
m42_reg_30_/next_state
m42_reg_31_/next_state
m43_reg_0_/next_state
m43_reg_1_/next_state
m43_reg_2_/next_state
m43_reg_3_/next_state
m43_reg_4_/next_state
m43_reg_5_/next_state
m43_reg_6_/next_state
m43_reg_7_/next_state
m43_reg_8_/next_state
m43_reg_9_/next_state
m43_reg_10_/next_state
m43_reg_11_/next_state
m43_reg_12_/next_state
m43_reg_13_/next_state
m43_reg_14_/next_state
m43_reg_15_/next_state
m43_reg_16_/next_state
m43_reg_17_/next_state
m43_reg_18_/next_state
m43_reg_19_/next_state
m43_reg_20_/next_state
m43_reg_21_/next_state
m43_reg_22_/next_state
m43_reg_23_/next_state
m43_reg_24_/next_state
m43_reg_25_/next_state
m43_reg_26_/next_state
m43_reg_27_/next_state
m43_reg_28_/next_state
m43_reg_29_/next_state
m43_reg_30_/next_state
m43_reg_31_/next_state
ovalid
p00_reg_0_/next_state
p00_reg_1_/next_state
p00_reg_2_/next_state
p00_reg_3_/next_state
p00_reg_4_/next_state
p00_reg_5_/next_state
p00_reg_6_/next_state
p00_reg_7_/next_state
p00_reg_8_/next_state
p00_reg_9_/next_state
p00_reg_10_/next_state
p00_reg_11_/next_state
p00_reg_12_/next_state
p00_reg_13_/next_state
p00_reg_14_/next_state
p00_reg_15_/next_state
p00_reg_16_/next_state
p00_reg_17_/next_state
p00_reg_18_/next_state
p00_reg_19_/next_state
p00_reg_20_/next_state
p00_reg_21_/next_state
p00_reg_22_/next_state
p00_reg_23_/next_state
p00_reg_24_/next_state
p00_reg_25_/next_state
p00_reg_26_/next_state
p00_reg_27_/next_state
p00_reg_28_/next_state
p00_reg_29_/next_state
p00_reg_30_/next_state
p00_reg_31_/next_state
p01_reg_0_/next_state
p01_reg_1_/next_state
p01_reg_2_/next_state
p01_reg_3_/next_state
p01_reg_4_/next_state
p01_reg_5_/next_state
p01_reg_6_/next_state
p01_reg_7_/next_state
p01_reg_8_/next_state
p01_reg_9_/next_state
p01_reg_10_/next_state
p01_reg_11_/next_state
p01_reg_12_/next_state
p01_reg_13_/next_state
p01_reg_14_/next_state
p01_reg_15_/next_state
p01_reg_16_/next_state
p01_reg_17_/next_state
p01_reg_18_/next_state
p01_reg_19_/next_state
p01_reg_20_/next_state
p01_reg_21_/next_state
p01_reg_22_/next_state
p01_reg_23_/next_state
p01_reg_24_/next_state
p01_reg_25_/next_state
p01_reg_26_/next_state
p01_reg_27_/next_state
p01_reg_28_/next_state
p01_reg_29_/next_state
p01_reg_30_/next_state
p01_reg_31_/next_state
p02_reg_0_/next_state
p02_reg_1_/next_state
p02_reg_2_/next_state
p02_reg_3_/next_state
p02_reg_4_/next_state
p02_reg_5_/next_state
p02_reg_6_/next_state
p02_reg_7_/next_state
p02_reg_8_/next_state
p02_reg_9_/next_state
p02_reg_10_/next_state
p02_reg_11_/next_state
p02_reg_12_/next_state
p02_reg_13_/next_state
p02_reg_14_/next_state
p02_reg_15_/next_state
p02_reg_16_/next_state
p02_reg_17_/next_state
p02_reg_18_/next_state
p02_reg_19_/next_state
p02_reg_20_/next_state
p02_reg_21_/next_state
p02_reg_22_/next_state
p02_reg_23_/next_state
p02_reg_24_/next_state
p02_reg_25_/next_state
p02_reg_26_/next_state
p02_reg_27_/next_state
p02_reg_28_/next_state
p02_reg_29_/next_state
p02_reg_30_/next_state
p02_reg_31_/next_state
p03_reg_0_/next_state
p03_reg_1_/next_state
p03_reg_2_/next_state
p03_reg_3_/next_state
p03_reg_4_/next_state
p03_reg_5_/next_state
p03_reg_6_/next_state
p03_reg_7_/next_state
p03_reg_8_/next_state
p03_reg_9_/next_state
p03_reg_10_/next_state
p03_reg_11_/next_state
p03_reg_12_/next_state
p03_reg_13_/next_state
p03_reg_14_/next_state
p03_reg_15_/next_state
p03_reg_16_/next_state
p03_reg_17_/next_state
p03_reg_18_/next_state
p03_reg_19_/next_state
p03_reg_20_/next_state
p03_reg_21_/next_state
p03_reg_22_/next_state
p03_reg_23_/next_state
p03_reg_24_/next_state
p03_reg_25_/next_state
p03_reg_26_/next_state
p03_reg_27_/next_state
p03_reg_28_/next_state
p03_reg_29_/next_state
p03_reg_30_/next_state
p03_reg_31_/next_state
p04_reg_0_/next_state
p04_reg_1_/next_state
p04_reg_2_/next_state
p04_reg_3_/next_state
p04_reg_4_/next_state
p04_reg_5_/next_state
p04_reg_6_/next_state
p04_reg_7_/next_state
p04_reg_8_/next_state
p04_reg_9_/next_state
p04_reg_10_/next_state
p04_reg_11_/next_state
p04_reg_12_/next_state
p04_reg_13_/next_state
p04_reg_14_/next_state
p04_reg_15_/next_state
p04_reg_16_/next_state
p04_reg_17_/next_state
p04_reg_18_/next_state
p04_reg_19_/next_state
p04_reg_20_/next_state
p04_reg_21_/next_state
p04_reg_22_/next_state
p04_reg_23_/next_state
p04_reg_24_/next_state
p04_reg_25_/next_state
p04_reg_26_/next_state
p04_reg_27_/next_state
p04_reg_28_/next_state
p04_reg_29_/next_state
p04_reg_30_/next_state
p04_reg_31_/next_state
p10_reg_0_/next_state
p10_reg_1_/next_state
p10_reg_2_/next_state
p10_reg_3_/next_state
p10_reg_4_/next_state
p10_reg_5_/next_state
p10_reg_6_/next_state
p10_reg_7_/next_state
p10_reg_8_/next_state
p10_reg_9_/next_state
p10_reg_10_/next_state
p10_reg_11_/next_state
p10_reg_12_/next_state
p10_reg_13_/next_state
p10_reg_14_/next_state
p10_reg_15_/next_state
p10_reg_16_/next_state
p10_reg_17_/next_state
p10_reg_18_/next_state
p10_reg_19_/next_state
p10_reg_20_/next_state
p10_reg_21_/next_state
p10_reg_22_/next_state
p10_reg_23_/next_state
p10_reg_24_/next_state
p10_reg_25_/next_state
p10_reg_26_/next_state
p10_reg_27_/next_state
p10_reg_28_/next_state
p10_reg_29_/next_state
p10_reg_30_/next_state
p10_reg_31_/next_state
p11_reg_0_/next_state
p11_reg_1_/next_state
p11_reg_2_/next_state
p11_reg_3_/next_state
p11_reg_4_/next_state
p11_reg_5_/next_state
p11_reg_6_/next_state
p11_reg_7_/next_state
p11_reg_8_/next_state
p11_reg_9_/next_state
p11_reg_10_/next_state
p11_reg_11_/next_state
p11_reg_12_/next_state
p11_reg_13_/next_state
p11_reg_14_/next_state
p11_reg_15_/next_state
p11_reg_16_/next_state
p11_reg_17_/next_state
p11_reg_18_/next_state
p11_reg_19_/next_state
p11_reg_20_/next_state
p11_reg_21_/next_state
p11_reg_22_/next_state
p11_reg_23_/next_state
p11_reg_24_/next_state
p11_reg_25_/next_state
p11_reg_26_/next_state
p11_reg_27_/next_state
p11_reg_28_/next_state
p11_reg_29_/next_state
p11_reg_30_/next_state
p11_reg_31_/next_state
p12_reg_0_/next_state
p12_reg_1_/next_state
p12_reg_2_/next_state
p12_reg_3_/next_state
p12_reg_4_/next_state
p12_reg_5_/next_state
p12_reg_6_/next_state
p12_reg_7_/next_state
p12_reg_8_/next_state
p12_reg_9_/next_state
p12_reg_10_/next_state
p12_reg_11_/next_state
p12_reg_12_/next_state
p12_reg_13_/next_state
p12_reg_14_/next_state
p12_reg_15_/next_state
p12_reg_16_/next_state
p12_reg_17_/next_state
p12_reg_18_/next_state
p12_reg_19_/next_state
p12_reg_20_/next_state
p12_reg_21_/next_state
p12_reg_22_/next_state
p12_reg_23_/next_state
p12_reg_24_/next_state
p12_reg_25_/next_state
p12_reg_26_/next_state
p12_reg_27_/next_state
p12_reg_28_/next_state
p12_reg_29_/next_state
p12_reg_30_/next_state
p12_reg_31_/next_state
p13_reg_0_/next_state
p13_reg_1_/next_state
p13_reg_2_/next_state
p13_reg_3_/next_state
p13_reg_4_/next_state
p13_reg_5_/next_state
p13_reg_6_/next_state
p13_reg_7_/next_state
p13_reg_8_/next_state
p13_reg_9_/next_state
p13_reg_10_/next_state
p13_reg_11_/next_state
p13_reg_12_/next_state
p13_reg_13_/next_state
p13_reg_14_/next_state
p13_reg_15_/next_state
p13_reg_16_/next_state
p13_reg_17_/next_state
p13_reg_18_/next_state
p13_reg_19_/next_state
p13_reg_20_/next_state
p13_reg_21_/next_state
p13_reg_22_/next_state
p13_reg_23_/next_state
p13_reg_24_/next_state
p13_reg_25_/next_state
p13_reg_26_/next_state
p13_reg_27_/next_state
p13_reg_28_/next_state
p13_reg_29_/next_state
p13_reg_30_/next_state
p13_reg_31_/next_state
p14_reg_0_/next_state
p14_reg_1_/next_state
p14_reg_2_/next_state
p14_reg_3_/next_state
p14_reg_4_/next_state
p14_reg_5_/next_state
p14_reg_6_/next_state
p14_reg_7_/next_state
p14_reg_8_/next_state
p14_reg_9_/next_state
p14_reg_10_/next_state
p14_reg_11_/next_state
p14_reg_12_/next_state
p14_reg_13_/next_state
p14_reg_14_/next_state
p14_reg_15_/next_state
p14_reg_16_/next_state
p14_reg_17_/next_state
p14_reg_18_/next_state
p14_reg_19_/next_state
p14_reg_20_/next_state
p14_reg_21_/next_state
p14_reg_22_/next_state
p14_reg_23_/next_state
p14_reg_24_/next_state
p14_reg_25_/next_state
p14_reg_26_/next_state
p14_reg_27_/next_state
p14_reg_28_/next_state
p14_reg_29_/next_state
p14_reg_30_/next_state
p14_reg_31_/next_state
p20_reg_0_/next_state
p20_reg_1_/next_state
p20_reg_2_/next_state
p20_reg_3_/next_state
p20_reg_4_/next_state
p20_reg_5_/next_state
p20_reg_6_/next_state
p20_reg_7_/next_state
p20_reg_8_/next_state
p20_reg_9_/next_state
p20_reg_10_/next_state
p20_reg_11_/next_state
p20_reg_12_/next_state
p20_reg_13_/next_state
p20_reg_14_/next_state
p20_reg_15_/next_state
p20_reg_16_/next_state
p20_reg_17_/next_state
p20_reg_18_/next_state
p20_reg_19_/next_state
p20_reg_20_/next_state
p20_reg_21_/next_state
p20_reg_22_/next_state
p20_reg_23_/next_state
p20_reg_24_/next_state
p20_reg_25_/next_state
p20_reg_26_/next_state
p20_reg_27_/next_state
p20_reg_28_/next_state
p20_reg_29_/next_state
p20_reg_30_/next_state
p20_reg_31_/next_state
p21_reg_0_/next_state
p21_reg_1_/next_state
p21_reg_2_/next_state
p21_reg_3_/next_state
p21_reg_4_/next_state
p21_reg_5_/next_state
p21_reg_6_/next_state
p21_reg_7_/next_state
p21_reg_8_/next_state
p21_reg_9_/next_state
p21_reg_10_/next_state
p21_reg_11_/next_state
p21_reg_12_/next_state
p21_reg_13_/next_state
p21_reg_14_/next_state
p21_reg_15_/next_state
p21_reg_16_/next_state
p21_reg_17_/next_state
p21_reg_18_/next_state
p21_reg_19_/next_state
p21_reg_20_/next_state
p21_reg_21_/next_state
p21_reg_22_/next_state
p21_reg_23_/next_state
p21_reg_24_/next_state
p21_reg_25_/next_state
p21_reg_26_/next_state
p21_reg_27_/next_state
p21_reg_28_/next_state
p21_reg_29_/next_state
p21_reg_30_/next_state
p21_reg_31_/next_state
p22_reg_0_/next_state
p22_reg_1_/next_state
p22_reg_2_/next_state
p22_reg_3_/next_state
p22_reg_4_/next_state
p22_reg_5_/next_state
p22_reg_6_/next_state
p22_reg_7_/next_state
p22_reg_8_/next_state
p22_reg_9_/next_state
p22_reg_10_/next_state
p22_reg_11_/next_state
p22_reg_12_/next_state
p22_reg_13_/next_state
p22_reg_14_/next_state
p22_reg_15_/next_state
p22_reg_16_/next_state
p22_reg_17_/next_state
p22_reg_18_/next_state
p22_reg_19_/next_state
p22_reg_20_/next_state
p22_reg_21_/next_state
p22_reg_22_/next_state
p22_reg_23_/next_state
p22_reg_24_/next_state
p22_reg_25_/next_state
p22_reg_26_/next_state
p22_reg_27_/next_state
p22_reg_28_/next_state
p22_reg_29_/next_state
p22_reg_30_/next_state
p22_reg_31_/next_state
p23_reg_0_/next_state
p23_reg_1_/next_state
p23_reg_2_/next_state
p23_reg_3_/next_state
p23_reg_4_/next_state
p23_reg_5_/next_state
p23_reg_6_/next_state
p23_reg_7_/next_state
p23_reg_8_/next_state
p23_reg_9_/next_state
p23_reg_10_/next_state
p23_reg_11_/next_state
p23_reg_12_/next_state
p23_reg_13_/next_state
p23_reg_14_/next_state
p23_reg_15_/next_state
p23_reg_16_/next_state
p23_reg_17_/next_state
p23_reg_18_/next_state
p23_reg_19_/next_state
p23_reg_20_/next_state
p23_reg_21_/next_state
p23_reg_22_/next_state
p23_reg_23_/next_state
p23_reg_24_/next_state
p23_reg_25_/next_state
p23_reg_26_/next_state
p23_reg_27_/next_state
p23_reg_28_/next_state
p23_reg_29_/next_state
p23_reg_30_/next_state
p23_reg_31_/next_state
p24_reg_0_/next_state
p24_reg_1_/next_state
p24_reg_2_/next_state
p24_reg_3_/next_state
p24_reg_4_/next_state
p24_reg_5_/next_state
p24_reg_6_/next_state
p24_reg_7_/next_state
p24_reg_8_/next_state
p24_reg_9_/next_state
p24_reg_10_/next_state
p24_reg_11_/next_state
p24_reg_12_/next_state
p24_reg_13_/next_state
p24_reg_14_/next_state
p24_reg_15_/next_state
p24_reg_16_/next_state
p24_reg_17_/next_state
p24_reg_18_/next_state
p24_reg_19_/next_state
p24_reg_20_/next_state
p24_reg_21_/next_state
p24_reg_22_/next_state
p24_reg_23_/next_state
p24_reg_24_/next_state
p24_reg_25_/next_state
p24_reg_26_/next_state
p24_reg_27_/next_state
p24_reg_28_/next_state
p24_reg_29_/next_state
p24_reg_30_/next_state
p24_reg_31_/next_state
p30_reg_0_/next_state
p30_reg_1_/next_state
p30_reg_2_/next_state
p30_reg_3_/next_state
p30_reg_4_/next_state
p30_reg_5_/next_state
p30_reg_6_/next_state
p30_reg_7_/next_state
p30_reg_8_/next_state
p30_reg_9_/next_state
p30_reg_10_/next_state
p30_reg_11_/next_state
p30_reg_12_/next_state
p30_reg_13_/next_state
p30_reg_14_/next_state
p30_reg_15_/next_state
p30_reg_16_/next_state
p30_reg_17_/next_state
p30_reg_18_/next_state
p30_reg_19_/next_state
p30_reg_20_/next_state
p30_reg_21_/next_state
p30_reg_22_/next_state
p30_reg_23_/next_state
p30_reg_24_/next_state
p30_reg_25_/next_state
p30_reg_26_/next_state
p30_reg_27_/next_state
p30_reg_28_/next_state
p30_reg_29_/next_state
p30_reg_30_/next_state
p30_reg_31_/next_state
p31_reg_0_/next_state
p31_reg_1_/next_state
p31_reg_2_/next_state
p31_reg_3_/next_state
p31_reg_4_/next_state
p31_reg_5_/next_state
p31_reg_6_/next_state
p31_reg_7_/next_state
p31_reg_8_/next_state
p31_reg_9_/next_state
p31_reg_10_/next_state
p31_reg_11_/next_state
p31_reg_12_/next_state
p31_reg_13_/next_state
p31_reg_14_/next_state
p31_reg_15_/next_state
p31_reg_16_/next_state
p31_reg_17_/next_state
p31_reg_18_/next_state
p31_reg_19_/next_state
p31_reg_20_/next_state
p31_reg_21_/next_state
p31_reg_22_/next_state
p31_reg_23_/next_state
p31_reg_24_/next_state
p31_reg_25_/next_state
p31_reg_26_/next_state
p31_reg_27_/next_state
p31_reg_28_/next_state
p31_reg_29_/next_state
p31_reg_30_/next_state
p31_reg_31_/next_state
p32_reg_0_/next_state
p32_reg_1_/next_state
p32_reg_2_/next_state
p32_reg_3_/next_state
p32_reg_4_/next_state
p32_reg_5_/next_state
p32_reg_6_/next_state
p32_reg_7_/next_state
p32_reg_8_/next_state
p32_reg_9_/next_state
p32_reg_10_/next_state
p32_reg_11_/next_state
p32_reg_12_/next_state
p32_reg_13_/next_state
p32_reg_14_/next_state
p32_reg_15_/next_state
p32_reg_16_/next_state
p32_reg_17_/next_state
p32_reg_18_/next_state
p32_reg_19_/next_state
p32_reg_20_/next_state
p32_reg_21_/next_state
p32_reg_22_/next_state
p32_reg_23_/next_state
p32_reg_24_/next_state
p32_reg_25_/next_state
p32_reg_26_/next_state
p32_reg_27_/next_state
p32_reg_28_/next_state
p32_reg_29_/next_state
p32_reg_30_/next_state
p32_reg_31_/next_state
p33_reg_0_/next_state
p33_reg_1_/next_state
p33_reg_2_/next_state
p33_reg_3_/next_state
p33_reg_4_/next_state
p33_reg_5_/next_state
p33_reg_6_/next_state
p33_reg_7_/next_state
p33_reg_8_/next_state
p33_reg_9_/next_state
p33_reg_10_/next_state
p33_reg_11_/next_state
p33_reg_12_/next_state
p33_reg_13_/next_state
p33_reg_14_/next_state
p33_reg_15_/next_state
p33_reg_16_/next_state
p33_reg_17_/next_state
p33_reg_18_/next_state
p33_reg_19_/next_state
p33_reg_20_/next_state
p33_reg_21_/next_state
p33_reg_22_/next_state
p33_reg_23_/next_state
p33_reg_24_/next_state
p33_reg_25_/next_state
p33_reg_26_/next_state
p33_reg_27_/next_state
p33_reg_28_/next_state
p33_reg_29_/next_state
p33_reg_30_/next_state
p33_reg_31_/next_state
p34_reg_0_/next_state
p34_reg_1_/next_state
p34_reg_2_/next_state
p34_reg_3_/next_state
p34_reg_4_/next_state
p34_reg_5_/next_state
p34_reg_6_/next_state
p34_reg_7_/next_state
p34_reg_8_/next_state
p34_reg_9_/next_state
p34_reg_10_/next_state
p34_reg_11_/next_state
p34_reg_12_/next_state
p34_reg_13_/next_state
p34_reg_14_/next_state
p34_reg_15_/next_state
p34_reg_16_/next_state
p34_reg_17_/next_state
p34_reg_18_/next_state
p34_reg_19_/next_state
p34_reg_20_/next_state
p34_reg_21_/next_state
p34_reg_22_/next_state
p34_reg_23_/next_state
p34_reg_24_/next_state
p34_reg_25_/next_state
p34_reg_26_/next_state
p34_reg_27_/next_state
p34_reg_28_/next_state
p34_reg_29_/next_state
p34_reg_30_/next_state
p34_reg_31_/next_state
p40_reg_0_/next_state
p40_reg_1_/next_state
p40_reg_2_/next_state
p40_reg_3_/next_state
p40_reg_4_/next_state
p40_reg_5_/next_state
p40_reg_6_/next_state
p40_reg_7_/next_state
p40_reg_8_/next_state
p40_reg_9_/next_state
p40_reg_10_/next_state
p40_reg_11_/next_state
p40_reg_12_/next_state
p40_reg_13_/next_state
p40_reg_14_/next_state
p40_reg_15_/next_state
p40_reg_16_/next_state
p40_reg_17_/next_state
p40_reg_18_/next_state
p40_reg_19_/next_state
p40_reg_20_/next_state
p40_reg_21_/next_state
p40_reg_22_/next_state
p40_reg_23_/next_state
p40_reg_24_/next_state
p40_reg_25_/next_state
p40_reg_26_/next_state
p40_reg_27_/next_state
p40_reg_28_/next_state
p40_reg_29_/next_state
p40_reg_30_/next_state
p40_reg_31_/next_state
p41_reg_0_/next_state
p41_reg_1_/next_state
p41_reg_2_/next_state
p41_reg_3_/next_state
p41_reg_4_/next_state
p41_reg_5_/next_state
p41_reg_6_/next_state
p41_reg_7_/next_state
p41_reg_8_/next_state
p41_reg_9_/next_state
p41_reg_10_/next_state
p41_reg_11_/next_state
p41_reg_12_/next_state
p41_reg_13_/next_state
p41_reg_14_/next_state
p41_reg_15_/next_state
p41_reg_16_/next_state
p41_reg_17_/next_state
p41_reg_18_/next_state
p41_reg_19_/next_state
p41_reg_20_/next_state
p41_reg_21_/next_state
p41_reg_22_/next_state
p41_reg_23_/next_state
p41_reg_24_/next_state
p41_reg_25_/next_state
p41_reg_26_/next_state
p41_reg_27_/next_state
p41_reg_28_/next_state
p41_reg_29_/next_state
p41_reg_30_/next_state
p41_reg_31_/next_state
p42_reg_0_/next_state
p42_reg_1_/next_state
p42_reg_2_/next_state
p42_reg_3_/next_state
p42_reg_4_/next_state
p42_reg_5_/next_state
p42_reg_6_/next_state
p42_reg_7_/next_state
p42_reg_8_/next_state
p42_reg_9_/next_state
p42_reg_10_/next_state
p42_reg_11_/next_state
p42_reg_12_/next_state
p42_reg_13_/next_state
p42_reg_14_/next_state
p42_reg_15_/next_state
p42_reg_16_/next_state
p42_reg_17_/next_state
p42_reg_18_/next_state
p42_reg_19_/next_state
p42_reg_20_/next_state
p42_reg_21_/next_state
p42_reg_22_/next_state
p42_reg_23_/next_state
p42_reg_24_/next_state
p42_reg_25_/next_state
p42_reg_26_/next_state
p42_reg_27_/next_state
p42_reg_28_/next_state
p42_reg_29_/next_state
p42_reg_30_/next_state
p42_reg_31_/next_state
p43_reg_0_/next_state
p43_reg_1_/next_state
p43_reg_2_/next_state
p43_reg_3_/next_state
p43_reg_4_/next_state
p43_reg_5_/next_state
p43_reg_6_/next_state
p43_reg_7_/next_state
p43_reg_8_/next_state
p43_reg_9_/next_state
p43_reg_10_/next_state
p43_reg_11_/next_state
p43_reg_12_/next_state
p43_reg_13_/next_state
p43_reg_14_/next_state
p43_reg_15_/next_state
p43_reg_16_/next_state
p43_reg_17_/next_state
p43_reg_18_/next_state
p43_reg_19_/next_state
p43_reg_20_/next_state
p43_reg_21_/next_state
p43_reg_22_/next_state
p43_reg_23_/next_state
p43_reg_24_/next_state
p43_reg_25_/next_state
p43_reg_26_/next_state
p43_reg_27_/next_state
p43_reg_28_/next_state
p43_reg_29_/next_state
p43_reg_30_/next_state
p43_reg_31_/next_state
p44_reg_0_/next_state
p44_reg_1_/next_state
p44_reg_2_/next_state
p44_reg_3_/next_state
p44_reg_4_/next_state
p44_reg_5_/next_state
p44_reg_6_/next_state
p44_reg_7_/next_state
p44_reg_8_/next_state
p44_reg_9_/next_state
p44_reg_10_/next_state
p44_reg_11_/next_state
p44_reg_12_/next_state
p44_reg_13_/next_state
p44_reg_14_/next_state
p44_reg_15_/next_state
p44_reg_16_/next_state
p44_reg_17_/next_state
p44_reg_18_/next_state
p44_reg_19_/next_state
p44_reg_20_/next_state
p44_reg_21_/next_state
p44_reg_22_/next_state
p44_reg_23_/next_state
p44_reg_24_/next_state
p44_reg_25_/next_state
p44_reg_26_/next_state
p44_reg_27_/next_state
p44_reg_28_/next_state
p44_reg_29_/next_state
p44_reg_30_/next_state
p44_reg_31_/next_state
sum000_reg_0_/next_state
sum000_reg_1_/next_state
sum000_reg_2_/next_state
sum000_reg_3_/next_state
sum000_reg_4_/next_state
sum000_reg_5_/next_state
sum000_reg_6_/next_state
sum000_reg_7_/next_state
sum000_reg_8_/next_state
sum000_reg_9_/next_state
sum000_reg_10_/next_state
sum000_reg_11_/next_state
sum000_reg_12_/next_state
sum000_reg_13_/next_state
sum000_reg_14_/next_state
sum000_reg_15_/next_state
sum000_reg_16_/next_state
sum000_reg_17_/next_state
sum000_reg_18_/next_state
sum000_reg_19_/next_state
sum000_reg_20_/next_state
sum000_reg_21_/next_state
sum000_reg_22_/next_state
sum000_reg_23_/next_state
sum000_reg_24_/next_state
sum000_reg_25_/next_state
sum000_reg_26_/next_state
sum000_reg_27_/next_state
sum000_reg_28_/next_state
sum000_reg_29_/next_state
sum000_reg_30_/next_state
sum000_reg_31_/next_state
sum001_reg_0_/next_state
sum001_reg_1_/next_state
sum001_reg_2_/next_state
sum001_reg_3_/next_state
sum001_reg_4_/next_state
sum001_reg_5_/next_state
sum001_reg_6_/next_state
sum001_reg_7_/next_state
sum001_reg_8_/next_state
sum001_reg_9_/next_state
sum001_reg_10_/next_state
sum001_reg_11_/next_state
sum001_reg_12_/next_state
sum001_reg_13_/next_state
sum001_reg_14_/next_state
sum001_reg_15_/next_state
sum001_reg_16_/next_state
sum001_reg_17_/next_state
sum001_reg_18_/next_state
sum001_reg_19_/next_state
sum001_reg_20_/next_state
sum001_reg_21_/next_state
sum001_reg_22_/next_state
sum001_reg_23_/next_state
sum001_reg_24_/next_state
sum001_reg_25_/next_state
sum001_reg_26_/next_state
sum001_reg_27_/next_state
sum001_reg_28_/next_state
sum001_reg_29_/next_state
sum001_reg_30_/next_state
sum001_reg_31_/next_state
sum002_reg_0_/next_state
sum002_reg_1_/next_state
sum002_reg_2_/next_state
sum002_reg_3_/next_state
sum002_reg_4_/next_state
sum002_reg_5_/next_state
sum002_reg_6_/next_state
sum002_reg_7_/next_state
sum002_reg_8_/next_state
sum002_reg_9_/next_state
sum002_reg_10_/next_state
sum002_reg_11_/next_state
sum002_reg_12_/next_state
sum002_reg_13_/next_state
sum002_reg_14_/next_state
sum002_reg_15_/next_state
sum002_reg_16_/next_state
sum002_reg_17_/next_state
sum002_reg_18_/next_state
sum002_reg_19_/next_state
sum002_reg_20_/next_state
sum002_reg_21_/next_state
sum002_reg_22_/next_state
sum002_reg_23_/next_state
sum002_reg_24_/next_state
sum002_reg_25_/next_state
sum002_reg_26_/next_state
sum002_reg_27_/next_state
sum002_reg_28_/next_state
sum002_reg_29_/next_state
sum002_reg_30_/next_state
sum002_reg_31_/next_state
sum003_reg_0_/next_state
sum003_reg_1_/next_state
sum003_reg_2_/next_state
sum003_reg_3_/next_state
sum003_reg_4_/next_state
sum003_reg_5_/next_state
sum003_reg_6_/next_state
sum003_reg_7_/next_state
sum003_reg_8_/next_state
sum003_reg_9_/next_state
sum003_reg_10_/next_state
sum003_reg_11_/next_state
sum003_reg_12_/next_state
sum003_reg_13_/next_state
sum003_reg_14_/next_state
sum003_reg_15_/next_state
sum003_reg_16_/next_state
sum003_reg_17_/next_state
sum003_reg_18_/next_state
sum003_reg_19_/next_state
sum003_reg_20_/next_state
sum003_reg_21_/next_state
sum003_reg_22_/next_state
sum003_reg_23_/next_state
sum003_reg_24_/next_state
sum003_reg_25_/next_state
sum003_reg_26_/next_state
sum003_reg_27_/next_state
sum003_reg_28_/next_state
sum003_reg_29_/next_state
sum003_reg_30_/next_state
sum003_reg_31_/next_state
sum004_reg_0_/next_state
sum004_reg_1_/next_state
sum004_reg_2_/next_state
sum004_reg_3_/next_state
sum004_reg_4_/next_state
sum004_reg_5_/next_state
sum004_reg_6_/next_state
sum004_reg_7_/next_state
sum004_reg_8_/next_state
sum004_reg_9_/next_state
sum004_reg_10_/next_state
sum004_reg_11_/next_state
sum004_reg_12_/next_state
sum004_reg_13_/next_state
sum004_reg_14_/next_state
sum004_reg_15_/next_state
sum004_reg_16_/next_state
sum004_reg_17_/next_state
sum004_reg_18_/next_state
sum004_reg_19_/next_state
sum004_reg_20_/next_state
sum004_reg_21_/next_state
sum004_reg_22_/next_state
sum004_reg_23_/next_state
sum004_reg_24_/next_state
sum004_reg_25_/next_state
sum004_reg_26_/next_state
sum004_reg_27_/next_state
sum004_reg_28_/next_state
sum004_reg_29_/next_state
sum004_reg_30_/next_state
sum004_reg_31_/next_state
sum010_reg_0_/next_state
sum010_reg_1_/next_state
sum010_reg_2_/next_state
sum010_reg_3_/next_state
sum010_reg_4_/next_state
sum010_reg_5_/next_state
sum010_reg_6_/next_state
sum010_reg_7_/next_state
sum010_reg_8_/next_state
sum010_reg_9_/next_state
sum010_reg_10_/next_state
sum010_reg_11_/next_state
sum010_reg_12_/next_state
sum010_reg_13_/next_state
sum010_reg_14_/next_state
sum010_reg_15_/next_state
sum010_reg_16_/next_state
sum010_reg_17_/next_state
sum010_reg_18_/next_state
sum010_reg_19_/next_state
sum010_reg_20_/next_state
sum010_reg_21_/next_state
sum010_reg_22_/next_state
sum010_reg_23_/next_state
sum010_reg_24_/next_state
sum010_reg_25_/next_state
sum010_reg_26_/next_state
sum010_reg_27_/next_state
sum010_reg_28_/next_state
sum010_reg_29_/next_state
sum010_reg_30_/next_state
sum010_reg_31_/next_state
sum011_reg_0_/next_state
sum011_reg_1_/next_state
sum011_reg_2_/next_state
sum011_reg_3_/next_state
sum011_reg_4_/next_state
sum011_reg_5_/next_state
sum011_reg_6_/next_state
sum011_reg_7_/next_state
sum011_reg_8_/next_state
sum011_reg_9_/next_state
sum011_reg_10_/next_state
sum011_reg_11_/next_state
sum011_reg_12_/next_state
sum011_reg_13_/next_state
sum011_reg_14_/next_state
sum011_reg_15_/next_state
sum011_reg_16_/next_state
sum011_reg_17_/next_state
sum011_reg_18_/next_state
sum011_reg_19_/next_state
sum011_reg_20_/next_state
sum011_reg_21_/next_state
sum011_reg_22_/next_state
sum011_reg_23_/next_state
sum011_reg_24_/next_state
sum011_reg_25_/next_state
sum011_reg_26_/next_state
sum011_reg_27_/next_state
sum011_reg_28_/next_state
sum011_reg_29_/next_state
sum011_reg_30_/next_state
sum011_reg_31_/next_state
sum012_reg_0_/next_state
sum012_reg_1_/next_state
sum012_reg_2_/next_state
sum012_reg_3_/next_state
sum012_reg_4_/next_state
sum012_reg_5_/next_state
sum012_reg_6_/next_state
sum012_reg_7_/next_state
sum012_reg_8_/next_state
sum012_reg_9_/next_state
sum012_reg_10_/next_state
sum012_reg_11_/next_state
sum012_reg_12_/next_state
sum012_reg_13_/next_state
sum012_reg_14_/next_state
sum012_reg_15_/next_state
sum012_reg_16_/next_state
sum012_reg_17_/next_state
sum012_reg_18_/next_state
sum012_reg_19_/next_state
sum012_reg_20_/next_state
sum012_reg_21_/next_state
sum012_reg_22_/next_state
sum012_reg_23_/next_state
sum012_reg_24_/next_state
sum012_reg_25_/next_state
sum012_reg_26_/next_state
sum012_reg_27_/next_state
sum012_reg_28_/next_state
sum012_reg_29_/next_state
sum012_reg_30_/next_state
sum012_reg_31_/next_state
sum013_reg_0_/next_state
sum013_reg_1_/next_state
sum013_reg_2_/next_state
sum013_reg_3_/next_state
sum013_reg_4_/next_state
sum013_reg_5_/next_state
sum013_reg_6_/next_state
sum013_reg_7_/next_state
sum013_reg_8_/next_state
sum013_reg_9_/next_state
sum013_reg_10_/next_state
sum013_reg_11_/next_state
sum013_reg_12_/next_state
sum013_reg_13_/next_state
sum013_reg_14_/next_state
sum013_reg_15_/next_state
sum013_reg_16_/next_state
sum013_reg_17_/next_state
sum013_reg_18_/next_state
sum013_reg_19_/next_state
sum013_reg_20_/next_state
sum013_reg_21_/next_state
sum013_reg_22_/next_state
sum013_reg_23_/next_state
sum013_reg_24_/next_state
sum013_reg_25_/next_state
sum013_reg_26_/next_state
sum013_reg_27_/next_state
sum013_reg_28_/next_state
sum013_reg_29_/next_state
sum013_reg_30_/next_state
sum013_reg_31_/next_state
sum014_reg_0_/next_state
sum014_reg_1_/next_state
sum014_reg_2_/next_state
sum014_reg_3_/next_state
sum014_reg_4_/next_state
sum014_reg_5_/next_state
sum014_reg_6_/next_state
sum014_reg_7_/next_state
sum014_reg_8_/next_state
sum014_reg_9_/next_state
sum014_reg_10_/next_state
sum014_reg_11_/next_state
sum014_reg_12_/next_state
sum014_reg_13_/next_state
sum014_reg_14_/next_state
sum014_reg_15_/next_state
sum014_reg_16_/next_state
sum014_reg_17_/next_state
sum014_reg_18_/next_state
sum014_reg_19_/next_state
sum014_reg_20_/next_state
sum014_reg_21_/next_state
sum014_reg_22_/next_state
sum014_reg_23_/next_state
sum014_reg_24_/next_state
sum014_reg_25_/next_state
sum014_reg_26_/next_state
sum014_reg_27_/next_state
sum014_reg_28_/next_state
sum014_reg_29_/next_state
sum014_reg_30_/next_state
sum014_reg_31_/next_state
sum020_reg_0_/next_state
sum020_reg_1_/next_state
sum020_reg_2_/next_state
sum020_reg_3_/next_state
sum020_reg_4_/next_state
sum020_reg_5_/next_state
sum020_reg_6_/next_state
sum020_reg_7_/next_state
sum020_reg_8_/next_state
sum020_reg_9_/next_state
sum020_reg_10_/next_state
sum020_reg_11_/next_state
sum020_reg_12_/next_state
sum020_reg_13_/next_state
sum020_reg_14_/next_state
sum020_reg_15_/next_state
sum020_reg_16_/next_state
sum020_reg_17_/next_state
sum020_reg_18_/next_state
sum020_reg_19_/next_state
sum020_reg_20_/next_state
sum020_reg_21_/next_state
sum020_reg_22_/next_state
sum020_reg_23_/next_state
sum020_reg_24_/next_state
sum020_reg_25_/next_state
sum020_reg_26_/next_state
sum020_reg_27_/next_state
sum020_reg_28_/next_state
sum020_reg_29_/next_state
sum020_reg_30_/next_state
sum020_reg_31_/next_state
sum21_reg_0_/next_state
sum21_reg_1_/next_state
sum21_reg_2_/next_state
sum21_reg_3_/next_state
sum21_reg_4_/next_state
sum21_reg_5_/next_state
sum21_reg_6_/next_state
sum21_reg_7_/next_state
sum21_reg_8_/next_state
sum21_reg_9_/next_state
sum21_reg_10_/next_state
sum21_reg_11_/next_state
sum21_reg_12_/next_state
sum21_reg_13_/next_state
sum21_reg_14_/next_state
sum21_reg_15_/next_state
sum21_reg_16_/next_state
sum21_reg_17_/next_state
sum21_reg_18_/next_state
sum21_reg_19_/next_state
sum21_reg_20_/next_state
sum21_reg_21_/next_state
sum21_reg_22_/next_state
sum21_reg_23_/next_state
sum21_reg_24_/next_state
sum21_reg_25_/next_state
sum21_reg_26_/next_state
sum21_reg_27_/next_state
sum21_reg_28_/next_state
sum21_reg_29_/next_state
sum21_reg_30_/next_state
sum21_reg_31_/next_state
sum021_reg_0_/next_state
sum021_reg_1_/next_state
sum021_reg_2_/next_state
sum021_reg_3_/next_state
sum021_reg_4_/next_state
sum021_reg_5_/next_state
sum021_reg_6_/next_state
sum021_reg_7_/next_state
sum021_reg_8_/next_state
sum021_reg_9_/next_state
sum021_reg_10_/next_state
sum021_reg_11_/next_state
sum021_reg_12_/next_state
sum021_reg_13_/next_state
sum021_reg_14_/next_state
sum021_reg_15_/next_state
sum021_reg_16_/next_state
sum021_reg_17_/next_state
sum021_reg_18_/next_state
sum021_reg_19_/next_state
sum021_reg_20_/next_state
sum021_reg_21_/next_state
sum021_reg_22_/next_state
sum021_reg_23_/next_state
sum021_reg_24_/next_state
sum021_reg_25_/next_state
sum021_reg_26_/next_state
sum021_reg_27_/next_state
sum021_reg_28_/next_state
sum021_reg_29_/next_state
sum021_reg_30_/next_state
sum021_reg_31_/next_state
sum022_reg_0_/next_state
sum022_reg_1_/next_state
sum022_reg_2_/next_state
sum022_reg_3_/next_state
sum022_reg_4_/next_state
sum022_reg_5_/next_state
sum022_reg_6_/next_state
sum022_reg_7_/next_state
sum022_reg_8_/next_state
sum022_reg_9_/next_state
sum022_reg_10_/next_state
sum022_reg_11_/next_state
sum022_reg_12_/next_state
sum022_reg_13_/next_state
sum022_reg_14_/next_state
sum022_reg_15_/next_state
sum022_reg_16_/next_state
sum022_reg_17_/next_state
sum022_reg_18_/next_state
sum022_reg_19_/next_state
sum022_reg_20_/next_state
sum022_reg_21_/next_state
sum022_reg_22_/next_state
sum022_reg_23_/next_state
sum022_reg_24_/next_state
sum022_reg_25_/next_state
sum022_reg_26_/next_state
sum022_reg_27_/next_state
sum022_reg_28_/next_state
sum022_reg_29_/next_state
sum022_reg_30_/next_state
sum022_reg_31_/next_state
sum023_reg_0_/next_state
sum023_reg_1_/next_state
sum023_reg_2_/next_state
sum023_reg_3_/next_state
sum023_reg_4_/next_state
sum023_reg_5_/next_state
sum023_reg_6_/next_state
sum023_reg_7_/next_state
sum023_reg_8_/next_state
sum023_reg_9_/next_state
sum023_reg_10_/next_state
sum023_reg_11_/next_state
sum023_reg_12_/next_state
sum023_reg_13_/next_state
sum023_reg_14_/next_state
sum023_reg_15_/next_state
sum023_reg_16_/next_state
sum023_reg_17_/next_state
sum023_reg_18_/next_state
sum023_reg_19_/next_state
sum023_reg_20_/next_state
sum023_reg_21_/next_state
sum023_reg_22_/next_state
sum023_reg_23_/next_state
sum023_reg_24_/next_state
sum023_reg_25_/next_state
sum023_reg_26_/next_state
sum023_reg_27_/next_state
sum023_reg_28_/next_state
sum023_reg_29_/next_state
sum023_reg_30_/next_state
sum023_reg_31_/next_state
sum024_reg_0_/next_state
sum024_reg_1_/next_state
sum024_reg_2_/next_state
sum024_reg_3_/next_state
sum024_reg_4_/next_state
sum024_reg_5_/next_state
sum024_reg_6_/next_state
sum024_reg_7_/next_state
sum024_reg_8_/next_state
sum024_reg_9_/next_state
sum024_reg_10_/next_state
sum024_reg_11_/next_state
sum024_reg_12_/next_state
sum024_reg_13_/next_state
sum024_reg_14_/next_state
sum024_reg_15_/next_state
sum024_reg_16_/next_state
sum024_reg_17_/next_state
sum024_reg_18_/next_state
sum024_reg_19_/next_state
sum024_reg_20_/next_state
sum024_reg_21_/next_state
sum024_reg_22_/next_state
sum024_reg_23_/next_state
sum024_reg_24_/next_state
sum024_reg_25_/next_state
sum024_reg_26_/next_state
sum024_reg_27_/next_state
sum024_reg_28_/next_state
sum024_reg_29_/next_state
sum024_reg_30_/next_state
sum024_reg_31_/next_state
sum30_reg_0_/next_state
sum30_reg_1_/next_state
sum30_reg_2_/next_state
sum30_reg_3_/next_state
sum30_reg_4_/next_state
sum30_reg_5_/next_state
sum30_reg_6_/next_state
sum30_reg_7_/next_state
sum30_reg_8_/next_state
sum30_reg_9_/next_state
sum30_reg_10_/next_state
sum30_reg_11_/next_state
sum30_reg_12_/next_state
sum30_reg_13_/next_state
sum30_reg_14_/next_state
sum30_reg_15_/next_state
sum30_reg_16_/next_state
sum30_reg_17_/next_state
sum30_reg_18_/next_state
sum30_reg_19_/next_state
sum30_reg_20_/next_state
sum30_reg_21_/next_state
sum30_reg_22_/next_state
sum30_reg_23_/next_state
sum30_reg_24_/next_state
sum30_reg_25_/next_state
sum30_reg_26_/next_state
sum30_reg_27_/next_state
sum30_reg_28_/next_state
sum30_reg_29_/next_state
sum30_reg_30_/next_state
sum30_reg_31_/next_state
sum32_reg_0_/next_state
sum32_reg_1_/next_state
sum32_reg_2_/next_state
sum32_reg_3_/next_state
sum32_reg_4_/next_state
sum32_reg_5_/next_state
sum32_reg_6_/next_state
sum32_reg_7_/next_state
sum32_reg_8_/next_state
sum32_reg_9_/next_state
sum32_reg_10_/next_state
sum32_reg_11_/next_state
sum32_reg_12_/next_state
sum32_reg_13_/next_state
sum32_reg_14_/next_state
sum32_reg_15_/next_state
sum32_reg_16_/next_state
sum32_reg_17_/next_state
sum32_reg_18_/next_state
sum32_reg_19_/next_state
sum32_reg_20_/next_state
sum32_reg_21_/next_state
sum32_reg_22_/next_state
sum32_reg_23_/next_state
sum32_reg_24_/next_state
sum32_reg_25_/next_state
sum32_reg_26_/next_state
sum32_reg_27_/next_state
sum32_reg_28_/next_state
sum32_reg_29_/next_state
sum32_reg_30_/next_state
sum32_reg_31_/next_state
sum40_reg_0_/next_state
sum40_reg_1_/next_state
sum40_reg_2_/next_state
sum40_reg_3_/next_state
sum40_reg_4_/next_state
sum40_reg_5_/next_state
sum40_reg_6_/next_state
sum40_reg_7_/next_state
sum40_reg_8_/next_state
sum40_reg_9_/next_state
sum40_reg_10_/next_state
sum40_reg_11_/next_state
sum40_reg_12_/next_state
sum40_reg_13_/next_state
sum40_reg_14_/next_state
sum40_reg_15_/next_state
sum40_reg_16_/next_state
sum40_reg_17_/next_state
sum40_reg_18_/next_state
sum40_reg_19_/next_state
sum40_reg_20_/next_state
sum40_reg_21_/next_state
sum40_reg_22_/next_state
sum40_reg_23_/next_state
sum40_reg_24_/next_state
sum40_reg_25_/next_state
sum40_reg_26_/next_state
sum40_reg_27_/next_state
sum40_reg_28_/next_state
sum40_reg_29_/next_state
sum40_reg_30_/next_state
sum40_reg_31_/next_state
sum41_reg_0_/next_state
sum41_reg_1_/next_state
sum41_reg_2_/next_state
sum41_reg_3_/next_state
sum41_reg_4_/next_state
sum41_reg_5_/next_state
sum41_reg_6_/next_state
sum41_reg_7_/next_state
sum41_reg_8_/next_state
sum41_reg_9_/next_state
sum41_reg_10_/next_state
sum41_reg_11_/next_state
sum41_reg_12_/next_state
sum41_reg_13_/next_state
sum41_reg_14_/next_state
sum41_reg_15_/next_state
sum41_reg_16_/next_state
sum41_reg_17_/next_state
sum41_reg_18_/next_state
sum41_reg_19_/next_state
sum41_reg_20_/next_state
sum41_reg_21_/next_state
sum41_reg_22_/next_state
sum41_reg_23_/next_state
sum41_reg_24_/next_state
sum41_reg_25_/next_state
sum41_reg_26_/next_state
sum41_reg_27_/next_state
sum41_reg_28_/next_state
sum41_reg_29_/next_state
sum41_reg_30_/next_state
sum41_reg_31_/next_state
sum100_reg_0_/next_state
sum100_reg_1_/next_state
sum100_reg_2_/next_state
sum100_reg_3_/next_state
sum100_reg_4_/next_state
sum100_reg_5_/next_state
sum100_reg_6_/next_state
sum100_reg_7_/next_state
sum100_reg_8_/next_state
sum100_reg_9_/next_state
sum100_reg_10_/next_state
sum100_reg_11_/next_state
sum100_reg_12_/next_state
sum100_reg_13_/next_state
sum100_reg_14_/next_state
sum100_reg_15_/next_state
sum100_reg_16_/next_state
sum100_reg_17_/next_state
sum100_reg_18_/next_state
sum100_reg_19_/next_state
sum100_reg_20_/next_state
sum100_reg_21_/next_state
sum100_reg_22_/next_state
sum100_reg_23_/next_state
sum100_reg_24_/next_state
sum100_reg_25_/next_state
sum100_reg_26_/next_state
sum100_reg_27_/next_state
sum100_reg_28_/next_state
sum100_reg_29_/next_state
sum100_reg_30_/next_state
sum100_reg_31_/next_state
sum101_reg_0_/next_state
sum101_reg_1_/next_state
sum101_reg_2_/next_state
sum101_reg_3_/next_state
sum101_reg_4_/next_state
sum101_reg_5_/next_state
sum101_reg_6_/next_state
sum101_reg_7_/next_state
sum101_reg_8_/next_state
sum101_reg_9_/next_state
sum101_reg_10_/next_state
sum101_reg_11_/next_state
sum101_reg_12_/next_state
sum101_reg_13_/next_state
sum101_reg_14_/next_state
sum101_reg_15_/next_state
sum101_reg_16_/next_state
sum101_reg_17_/next_state
sum101_reg_18_/next_state
sum101_reg_19_/next_state
sum101_reg_20_/next_state
sum101_reg_21_/next_state
sum101_reg_22_/next_state
sum101_reg_23_/next_state
sum101_reg_24_/next_state
sum101_reg_25_/next_state
sum101_reg_26_/next_state
sum101_reg_27_/next_state
sum101_reg_28_/next_state
sum101_reg_29_/next_state
sum101_reg_30_/next_state
sum101_reg_31_/next_state
sum102_reg_0_/next_state
sum102_reg_1_/next_state
sum102_reg_2_/next_state
sum102_reg_3_/next_state
sum102_reg_4_/next_state
sum102_reg_5_/next_state
sum102_reg_6_/next_state
sum102_reg_7_/next_state
sum102_reg_8_/next_state
sum102_reg_9_/next_state
sum102_reg_10_/next_state
sum102_reg_11_/next_state
sum102_reg_12_/next_state
sum102_reg_13_/next_state
sum102_reg_14_/next_state
sum102_reg_15_/next_state
sum102_reg_16_/next_state
sum102_reg_17_/next_state
sum102_reg_18_/next_state
sum102_reg_19_/next_state
sum102_reg_20_/next_state
sum102_reg_21_/next_state
sum102_reg_22_/next_state
sum102_reg_23_/next_state
sum102_reg_24_/next_state
sum102_reg_25_/next_state
sum102_reg_26_/next_state
sum102_reg_27_/next_state
sum102_reg_28_/next_state
sum102_reg_29_/next_state
sum102_reg_30_/next_state
sum102_reg_31_/next_state
sum103_reg_0_/next_state
sum103_reg_1_/next_state
sum103_reg_2_/next_state
sum103_reg_3_/next_state
sum103_reg_4_/next_state
sum103_reg_5_/next_state
sum103_reg_6_/next_state
sum103_reg_7_/next_state
sum103_reg_8_/next_state
sum103_reg_9_/next_state
sum103_reg_10_/next_state
sum103_reg_11_/next_state
sum103_reg_12_/next_state
sum103_reg_13_/next_state
sum103_reg_14_/next_state
sum103_reg_15_/next_state
sum103_reg_16_/next_state
sum103_reg_17_/next_state
sum103_reg_18_/next_state
sum103_reg_19_/next_state
sum103_reg_20_/next_state
sum103_reg_21_/next_state
sum103_reg_22_/next_state
sum103_reg_23_/next_state
sum103_reg_24_/next_state
sum103_reg_25_/next_state
sum103_reg_26_/next_state
sum103_reg_27_/next_state
sum103_reg_28_/next_state
sum103_reg_29_/next_state
sum103_reg_30_/next_state
sum103_reg_31_/next_state
sum104_reg_0_/next_state
sum104_reg_1_/next_state
sum104_reg_2_/next_state
sum104_reg_3_/next_state
sum104_reg_4_/next_state
sum104_reg_5_/next_state
sum104_reg_6_/next_state
sum104_reg_7_/next_state
sum104_reg_8_/next_state
sum104_reg_9_/next_state
sum104_reg_10_/next_state
sum104_reg_11_/next_state
sum104_reg_12_/next_state
sum104_reg_13_/next_state
sum104_reg_14_/next_state
sum104_reg_15_/next_state
sum104_reg_16_/next_state
sum104_reg_17_/next_state
sum104_reg_18_/next_state
sum104_reg_19_/next_state
sum104_reg_20_/next_state
sum104_reg_21_/next_state
sum104_reg_22_/next_state
sum104_reg_23_/next_state
sum104_reg_24_/next_state
sum104_reg_25_/next_state
sum104_reg_26_/next_state
sum104_reg_27_/next_state
sum104_reg_28_/next_state
sum104_reg_29_/next_state
sum104_reg_30_/next_state
sum104_reg_31_/next_state
sum110_reg_0_/next_state
sum110_reg_1_/next_state
sum110_reg_2_/next_state
sum110_reg_3_/next_state
sum110_reg_4_/next_state
sum110_reg_5_/next_state
sum110_reg_6_/next_state
sum110_reg_7_/next_state
sum110_reg_8_/next_state
sum110_reg_9_/next_state
sum110_reg_10_/next_state
sum110_reg_11_/next_state
sum110_reg_12_/next_state
sum110_reg_13_/next_state
sum110_reg_14_/next_state
sum110_reg_15_/next_state
sum110_reg_16_/next_state
sum110_reg_17_/next_state
sum110_reg_18_/next_state
sum110_reg_19_/next_state
sum110_reg_20_/next_state
sum110_reg_21_/next_state
sum110_reg_22_/next_state
sum110_reg_23_/next_state
sum110_reg_24_/next_state
sum110_reg_25_/next_state
sum110_reg_26_/next_state
sum110_reg_27_/next_state
sum110_reg_28_/next_state
sum110_reg_29_/next_state
sum110_reg_30_/next_state
sum110_reg_31_/next_state
sum111_reg_0_/next_state
sum111_reg_1_/next_state
sum111_reg_2_/next_state
sum111_reg_3_/next_state
sum111_reg_4_/next_state
sum111_reg_5_/next_state
sum111_reg_6_/next_state
sum111_reg_7_/next_state
sum111_reg_8_/next_state
sum111_reg_9_/next_state
sum111_reg_10_/next_state
sum111_reg_11_/next_state
sum111_reg_12_/next_state
sum111_reg_13_/next_state
sum111_reg_14_/next_state
sum111_reg_15_/next_state
sum111_reg_16_/next_state
sum111_reg_17_/next_state
sum111_reg_18_/next_state
sum111_reg_19_/next_state
sum111_reg_20_/next_state
sum111_reg_21_/next_state
sum111_reg_22_/next_state
sum111_reg_23_/next_state
sum111_reg_24_/next_state
sum111_reg_25_/next_state
sum111_reg_26_/next_state
sum111_reg_27_/next_state
sum111_reg_28_/next_state
sum111_reg_29_/next_state
sum111_reg_30_/next_state
sum111_reg_31_/next_state
sum112_reg_0_/next_state
sum112_reg_1_/next_state
sum112_reg_2_/next_state
sum112_reg_3_/next_state
sum112_reg_4_/next_state
sum112_reg_5_/next_state
sum112_reg_6_/next_state
sum112_reg_7_/next_state
sum112_reg_8_/next_state
sum112_reg_9_/next_state
sum112_reg_10_/next_state
sum112_reg_11_/next_state
sum112_reg_12_/next_state
sum112_reg_13_/next_state
sum112_reg_14_/next_state
sum112_reg_15_/next_state
sum112_reg_16_/next_state
sum112_reg_17_/next_state
sum112_reg_18_/next_state
sum112_reg_19_/next_state
sum112_reg_20_/next_state
sum112_reg_21_/next_state
sum112_reg_22_/next_state
sum112_reg_23_/next_state
sum112_reg_24_/next_state
sum112_reg_25_/next_state
sum112_reg_26_/next_state
sum112_reg_27_/next_state
sum112_reg_28_/next_state
sum112_reg_29_/next_state
sum112_reg_30_/next_state
sum112_reg_31_/next_state
sum113_reg_0_/next_state
sum113_reg_1_/next_state
sum113_reg_2_/next_state
sum113_reg_3_/next_state
sum113_reg_4_/next_state
sum113_reg_5_/next_state
sum113_reg_6_/next_state
sum113_reg_7_/next_state
sum113_reg_8_/next_state
sum113_reg_9_/next_state
sum113_reg_10_/next_state
sum113_reg_11_/next_state
sum113_reg_12_/next_state
sum113_reg_13_/next_state
sum113_reg_14_/next_state
sum113_reg_15_/next_state
sum113_reg_16_/next_state
sum113_reg_17_/next_state
sum113_reg_18_/next_state
sum113_reg_19_/next_state
sum113_reg_20_/next_state
sum113_reg_21_/next_state
sum113_reg_22_/next_state
sum113_reg_23_/next_state
sum113_reg_24_/next_state
sum113_reg_25_/next_state
sum113_reg_26_/next_state
sum113_reg_27_/next_state
sum113_reg_28_/next_state
sum113_reg_29_/next_state
sum113_reg_30_/next_state
sum113_reg_31_/next_state
sum114_reg_0_/next_state
sum114_reg_1_/next_state
sum114_reg_2_/next_state
sum114_reg_3_/next_state
sum114_reg_4_/next_state
sum114_reg_5_/next_state
sum114_reg_6_/next_state
sum114_reg_7_/next_state
sum114_reg_8_/next_state
sum114_reg_9_/next_state
sum114_reg_10_/next_state
sum114_reg_11_/next_state
sum114_reg_12_/next_state
sum114_reg_13_/next_state
sum114_reg_14_/next_state
sum114_reg_15_/next_state
sum114_reg_16_/next_state
sum114_reg_17_/next_state
sum114_reg_18_/next_state
sum114_reg_19_/next_state
sum114_reg_20_/next_state
sum114_reg_21_/next_state
sum114_reg_22_/next_state
sum114_reg_23_/next_state
sum114_reg_24_/next_state
sum114_reg_25_/next_state
sum114_reg_26_/next_state
sum114_reg_27_/next_state
sum114_reg_28_/next_state
sum114_reg_29_/next_state
sum114_reg_30_/next_state
sum114_reg_31_/next_state
sum200_reg_0_/next_state
sum200_reg_1_/next_state
sum200_reg_2_/next_state
sum200_reg_3_/next_state
sum200_reg_4_/next_state
sum200_reg_5_/next_state
sum200_reg_6_/next_state
sum200_reg_7_/next_state
sum200_reg_8_/next_state
sum200_reg_9_/next_state
sum200_reg_10_/next_state
sum200_reg_11_/next_state
sum200_reg_12_/next_state
sum200_reg_13_/next_state
sum200_reg_14_/next_state
sum200_reg_15_/next_state
sum200_reg_16_/next_state
sum200_reg_17_/next_state
sum200_reg_18_/next_state
sum200_reg_19_/next_state
sum200_reg_20_/next_state
sum200_reg_21_/next_state
sum200_reg_22_/next_state
sum200_reg_23_/next_state
sum200_reg_24_/next_state
sum200_reg_25_/next_state
sum200_reg_26_/next_state
sum200_reg_27_/next_state
sum200_reg_28_/next_state
sum200_reg_29_/next_state
sum200_reg_30_/next_state
sum200_reg_31_/next_state
sum201_reg_0_/next_state
sum201_reg_1_/next_state
sum201_reg_2_/next_state
sum201_reg_3_/next_state
sum201_reg_4_/next_state
sum201_reg_5_/next_state
sum201_reg_6_/next_state
sum201_reg_7_/next_state
sum201_reg_8_/next_state
sum201_reg_9_/next_state
sum201_reg_10_/next_state
sum201_reg_11_/next_state
sum201_reg_12_/next_state
sum201_reg_13_/next_state
sum201_reg_14_/next_state
sum201_reg_15_/next_state
sum201_reg_16_/next_state
sum201_reg_17_/next_state
sum201_reg_18_/next_state
sum201_reg_19_/next_state
sum201_reg_20_/next_state
sum201_reg_21_/next_state
sum201_reg_22_/next_state
sum201_reg_23_/next_state
sum201_reg_24_/next_state
sum201_reg_25_/next_state
sum201_reg_26_/next_state
sum201_reg_27_/next_state
sum201_reg_28_/next_state
sum201_reg_29_/next_state
sum201_reg_30_/next_state
sum201_reg_31_/next_state
sum202_reg_0_/next_state
sum202_reg_1_/next_state
sum202_reg_2_/next_state
sum202_reg_3_/next_state
sum202_reg_4_/next_state
sum202_reg_5_/next_state
sum202_reg_6_/next_state
sum202_reg_7_/next_state
sum202_reg_8_/next_state
sum202_reg_9_/next_state
sum202_reg_10_/next_state
sum202_reg_11_/next_state
sum202_reg_12_/next_state
sum202_reg_13_/next_state
sum202_reg_14_/next_state
sum202_reg_15_/next_state
sum202_reg_16_/next_state
sum202_reg_17_/next_state
sum202_reg_18_/next_state
sum202_reg_19_/next_state
sum202_reg_20_/next_state
sum202_reg_21_/next_state
sum202_reg_22_/next_state
sum202_reg_23_/next_state
sum202_reg_24_/next_state
sum202_reg_25_/next_state
sum202_reg_26_/next_state
sum202_reg_27_/next_state
sum202_reg_28_/next_state
sum202_reg_29_/next_state
sum202_reg_30_/next_state
sum202_reg_31_/next_state
sum203_reg_0_/next_state
sum203_reg_1_/next_state
sum203_reg_2_/next_state
sum203_reg_3_/next_state
sum203_reg_4_/next_state
sum203_reg_5_/next_state
sum203_reg_6_/next_state
sum203_reg_7_/next_state
sum203_reg_8_/next_state
sum203_reg_9_/next_state
sum203_reg_10_/next_state
sum203_reg_11_/next_state
sum203_reg_12_/next_state
sum203_reg_13_/next_state
sum203_reg_14_/next_state
sum203_reg_15_/next_state
sum203_reg_16_/next_state
sum203_reg_17_/next_state
sum203_reg_18_/next_state
sum203_reg_19_/next_state
sum203_reg_20_/next_state
sum203_reg_21_/next_state
sum203_reg_22_/next_state
sum203_reg_23_/next_state
sum203_reg_24_/next_state
sum203_reg_25_/next_state
sum203_reg_26_/next_state
sum203_reg_27_/next_state
sum203_reg_28_/next_state
sum203_reg_29_/next_state
sum203_reg_30_/next_state
sum203_reg_31_/next_state
sum204_reg_0_/next_state
sum204_reg_1_/next_state
sum204_reg_2_/next_state
sum204_reg_3_/next_state
sum204_reg_4_/next_state
sum204_reg_5_/next_state
sum204_reg_6_/next_state
sum204_reg_7_/next_state
sum204_reg_8_/next_state
sum204_reg_9_/next_state
sum204_reg_10_/next_state
sum204_reg_11_/next_state
sum204_reg_12_/next_state
sum204_reg_13_/next_state
sum204_reg_14_/next_state
sum204_reg_15_/next_state
sum204_reg_16_/next_state
sum204_reg_17_/next_state
sum204_reg_18_/next_state
sum204_reg_19_/next_state
sum204_reg_20_/next_state
sum204_reg_21_/next_state
sum204_reg_22_/next_state
sum204_reg_23_/next_state
sum204_reg_24_/next_state
sum204_reg_25_/next_state
sum204_reg_26_/next_state
sum204_reg_27_/next_state
sum204_reg_28_/next_state
sum204_reg_29_/next_state
sum204_reg_30_/next_state
sum204_reg_31_/next_state
sum_valid_ff_reg/next_state
sum_valid_reg/next_state
sum_valid_reg/synch_enable
weight_addr_reg_0_/next_state
weight_addr_reg_0_/synch_enable
weight_addr_reg_1_/next_state
weight_addr_reg_1_/synch_enable
weight_addr_reg_2_/next_state
weight_addr_reg_2_/synch_enable
weight_addr_reg_3_/next_state
weight_addr_reg_3_/synch_enable
weight_addr_reg_4_/next_state
weight_addr_reg_4_/synch_enable
weight_addr_reg_5_/next_state
weight_addr_reg_5_/synch_enable
weight_addr_reg_6_/next_state
weight_addr_reg_6_/synch_enable
weight_addr_reg_7_/next_state
weight_addr_reg_7_/synch_enable
wt_data_reg_0_/next_state
wt_data_reg_1_/next_state
wt_data_reg_2_/next_state
wt_data_reg_3_/next_state
wt_data_reg_4_/next_state
wt_data_reg_5_/next_state
wt_data_reg_6_/next_state
wt_data_reg_7_/next_state
wt_data_reg_8_/next_state
wt_data_reg_9_/next_state
wt_data_reg_10_/next_state
wt_data_reg_11_/next_state
wt_data_reg_12_/next_state
wt_data_reg_13_/next_state
wt_data_reg_14_/next_state
wt_data_reg_15_/next_state
wt_data_reg_16_/next_state
wt_data_reg_17_/next_state
wt_data_reg_18_/next_state
wt_data_reg_19_/next_state
wt_data_reg_20_/next_state
wt_data_reg_21_/next_state
wt_data_reg_22_/next_state
wt_data_reg_23_/next_state
wt_data_reg_24_/next_state
wt_data_reg_25_/next_state
wt_data_reg_26_/next_state
wt_data_reg_27_/next_state
wt_data_reg_28_/next_state
wt_data_reg_29_/next_state
wt_data_reg_30_/next_state
wt_data_reg_31_/next_state

Information: Checking pulse_clock_cell_type...

Information: Checking no_driving_cell...

Information: Checking partial_input_delay...
1
